Archive member included to satisfy reference by file (symbol)

C:/ST/STM32CubeCLT_1.16.0/GNU-tools-for-STM32/bin/../lib/gcc/arm-none-eabi/12.3.1/../../../../arm-none-eabi/lib/thumb/v7e-m+fp/hard\libc_nano.a(libc_a-exit.o)
                              C:/ST/STM32CubeCLT_1.16.0/GNU-tools-for-STM32/bin/../lib/gcc/arm-none-eabi/12.3.1/../../../../arm-none-eabi/lib/thumb/v7e-m+fp/hard/crt0.o (exit)
C:/ST/STM32CubeCLT_1.16.0/GNU-tools-for-STM32/bin/../lib/gcc/arm-none-eabi/12.3.1/../../../../arm-none-eabi/lib/thumb/v7e-m+fp/hard\libc_nano.a(libc_a-findfp.o)
                              C:/ST/STM32CubeCLT_1.16.0/GNU-tools-for-STM32/bin/../lib/gcc/arm-none-eabi/12.3.1/../../../../arm-none-eabi/lib/thumb/v7e-m+fp/hard\libc_nano.a(libc_a-exit.o) (__stdio_exit_handler)
C:/ST/STM32CubeCLT_1.16.0/GNU-tools-for-STM32/bin/../lib/gcc/arm-none-eabi/12.3.1/../../../../arm-none-eabi/lib/thumb/v7e-m+fp/hard\libc_nano.a(libc_a-fwalk.o)
                              C:/ST/STM32CubeCLT_1.16.0/GNU-tools-for-STM32/bin/../lib/gcc/arm-none-eabi/12.3.1/../../../../arm-none-eabi/lib/thumb/v7e-m+fp/hard\libc_nano.a(libc_a-findfp.o) (_fwalk_sglue)
C:/ST/STM32CubeCLT_1.16.0/GNU-tools-for-STM32/bin/../lib/gcc/arm-none-eabi/12.3.1/../../../../arm-none-eabi/lib/thumb/v7e-m+fp/hard\libc_nano.a(libc_a-stdio.o)
                              C:/ST/STM32CubeCLT_1.16.0/GNU-tools-for-STM32/bin/../lib/gcc/arm-none-eabi/12.3.1/../../../../arm-none-eabi/lib/thumb/v7e-m+fp/hard\libc_nano.a(libc_a-findfp.o) (__sread)
C:/ST/STM32CubeCLT_1.16.0/GNU-tools-for-STM32/bin/../lib/gcc/arm-none-eabi/12.3.1/../../../../arm-none-eabi/lib/thumb/v7e-m+fp/hard\libc_nano.a(libc_a-memset.o)
                              C:/ST/STM32CubeCLT_1.16.0/GNU-tools-for-STM32/bin/../lib/gcc/arm-none-eabi/12.3.1/../../../../arm-none-eabi/lib/thumb/v7e-m+fp/hard/crt0.o (memset)
C:/ST/STM32CubeCLT_1.16.0/GNU-tools-for-STM32/bin/../lib/gcc/arm-none-eabi/12.3.1/../../../../arm-none-eabi/lib/thumb/v7e-m+fp/hard\libc_nano.a(libc_a-closer.o)
                              C:/ST/STM32CubeCLT_1.16.0/GNU-tools-for-STM32/bin/../lib/gcc/arm-none-eabi/12.3.1/../../../../arm-none-eabi/lib/thumb/v7e-m+fp/hard\libc_nano.a(libc_a-stdio.o) (_close_r)
C:/ST/STM32CubeCLT_1.16.0/GNU-tools-for-STM32/bin/../lib/gcc/arm-none-eabi/12.3.1/../../../../arm-none-eabi/lib/thumb/v7e-m+fp/hard\libc_nano.a(libc_a-reent.o)
                              C:/ST/STM32CubeCLT_1.16.0/GNU-tools-for-STM32/bin/../lib/gcc/arm-none-eabi/12.3.1/../../../../arm-none-eabi/lib/thumb/v7e-m+fp/hard\libc_nano.a(libc_a-closer.o) (errno)
C:/ST/STM32CubeCLT_1.16.0/GNU-tools-for-STM32/bin/../lib/gcc/arm-none-eabi/12.3.1/../../../../arm-none-eabi/lib/thumb/v7e-m+fp/hard\libc_nano.a(libc_a-impure.o)
                              C:/ST/STM32CubeCLT_1.16.0/GNU-tools-for-STM32/bin/../lib/gcc/arm-none-eabi/12.3.1/../../../../arm-none-eabi/lib/thumb/v7e-m+fp/hard\libc_nano.a(libc_a-reent.o) (_impure_ptr)
C:/ST/STM32CubeCLT_1.16.0/GNU-tools-for-STM32/bin/../lib/gcc/arm-none-eabi/12.3.1/../../../../arm-none-eabi/lib/thumb/v7e-m+fp/hard\libc_nano.a(libc_a-lseekr.o)
                              C:/ST/STM32CubeCLT_1.16.0/GNU-tools-for-STM32/bin/../lib/gcc/arm-none-eabi/12.3.1/../../../../arm-none-eabi/lib/thumb/v7e-m+fp/hard\libc_nano.a(libc_a-stdio.o) (_lseek_r)
C:/ST/STM32CubeCLT_1.16.0/GNU-tools-for-STM32/bin/../lib/gcc/arm-none-eabi/12.3.1/../../../../arm-none-eabi/lib/thumb/v7e-m+fp/hard\libc_nano.a(libc_a-readr.o)
                              C:/ST/STM32CubeCLT_1.16.0/GNU-tools-for-STM32/bin/../lib/gcc/arm-none-eabi/12.3.1/../../../../arm-none-eabi/lib/thumb/v7e-m+fp/hard\libc_nano.a(libc_a-stdio.o) (_read_r)
C:/ST/STM32CubeCLT_1.16.0/GNU-tools-for-STM32/bin/../lib/gcc/arm-none-eabi/12.3.1/../../../../arm-none-eabi/lib/thumb/v7e-m+fp/hard\libc_nano.a(libc_a-writer.o)
                              C:/ST/STM32CubeCLT_1.16.0/GNU-tools-for-STM32/bin/../lib/gcc/arm-none-eabi/12.3.1/../../../../arm-none-eabi/lib/thumb/v7e-m+fp/hard\libc_nano.a(libc_a-stdio.o) (_write_r)
C:/ST/STM32CubeCLT_1.16.0/GNU-tools-for-STM32/bin/../lib/gcc/arm-none-eabi/12.3.1/../../../../arm-none-eabi/lib/thumb/v7e-m+fp/hard\libc_nano.a(libc_a-init.o)
                              C:/ST/STM32CubeCLT_1.16.0/GNU-tools-for-STM32/bin/../lib/gcc/arm-none-eabi/12.3.1/../../../../arm-none-eabi/lib/thumb/v7e-m+fp/hard/crt0.o (__libc_init_array)
C:/ST/STM32CubeCLT_1.16.0/GNU-tools-for-STM32/bin/../lib/gcc/arm-none-eabi/12.3.1/../../../../arm-none-eabi/lib/thumb/v7e-m+fp/hard\libc_nano.a(libc_a-lock.o)
                              C:/ST/STM32CubeCLT_1.16.0/GNU-tools-for-STM32/bin/../lib/gcc/arm-none-eabi/12.3.1/../../../../arm-none-eabi/lib/thumb/v7e-m+fp/hard\libc_nano.a(libc_a-findfp.o) (__retarget_lock_init_recursive)
C:/ST/STM32CubeCLT_1.16.0/GNU-tools-for-STM32/bin/../lib/gcc/arm-none-eabi/12.3.1/../../../../arm-none-eabi/lib/thumb/v7e-m+fp/hard\libc_nano.a(libc_a-freer.o)
[...]
Memory Configuration

Name             Origin             Length             Attributes
RAM              0x20000000         0x00020000         xrw
CCMRAM           0x10000000         0x00010000         xrw
FLASH            0x08000000         0x00080000         xr
*default*        0x00000000         0xffffffff

Linker script and memory map

LOAD C:/ST/STM32CubeCLT_1.16.0/GNU-tools-for-STM32/bin/../lib/gcc/arm-none-eabi/12.3.1/thumb/v7e-m+fp/hard/crti.o
LOAD C:/ST/STM32CubeCLT_1.16.0/GNU-tools-for-STM32/bin/../lib/gcc/arm-none-eabi/12.3.1/thumb/v7e-m+fp/hard/crtbegin.o
LOAD C:/ST/STM32CubeCLT_1.16.0/GNU-tools-for-STM32/bin/../lib/gcc/arm-none-eabi/12.3.1/../../../../arm-none-eabi/lib/thumb/v7e-m+fp/hard/crt0.o
START GROUP
LOAD C:/ST/STM32CubeCLT_1.16.0/GNU-tools-for-STM32/bin/../lib/gcc/arm-none-eabi/12.3.1/../../../../arm-none-eabi/lib/thumb/v7e-m+fp/hard\libc_nano.a
LOAD C:/ST/STM32CubeCLT_1.16.0/GNU-tools-for-STM32/bin/../lib/gcc/arm-none-eabi/12.3.1/../../../../arm-none-eabi/lib/thumb/v7e-m+fp/hard\libm.a
END GROUP
LOAD CMakeFiles/4_PWM.dir/Core/Src/main.c.obj
LOAD CMakeFiles/4_PWM.dir/Core/Src/stm32f4xx_it.c.obj
LOAD CMakeFiles/4_PWM.dir/Drivers/STM32F4xx_HAL_Driver/Src/stm32f4xx_ll_gpio.c.obj
LOAD CMakeFiles/4_PWM.dir/Drivers/STM32F4xx_HAL_Driver/Src/stm32f4xx_ll_dma.c.obj
LOAD CMakeFiles/4_PWM.dir/Drivers/STM32F4xx_HAL_Driver/Src/stm32f4xx_ll_tim.c.obj
LOAD CMakeFiles/4_PWM.dir/Drivers/STM32F4xx_HAL_Driver/Src/stm32f4xx_ll_rcc.c.obj
LOAD CMakeFiles/4_PWM.dir/Drivers/STM32F4xx_HAL_Driver/Src/stm32f4xx_ll_utils.c.obj
LOAD CMakeFiles/4_PWM.dir/Drivers/STM32F4xx_HAL_Driver/Src/stm32f4xx_ll_exti.c.obj
LOAD CMakeFiles/4_PWM.dir/Drivers/STM32F4xx_HAL_Driver/Src/stm32f4xx_ll_usart.c.obj
LOAD CMakeFiles/4_PWM.dir/Core/Src/system_stm32f4xx.c.obj
LOAD CMakeFiles/4_PWM.dir/Core/Src/sysmem.c.obj
LOAD CMakeFiles/4_PWM.dir/Core/Src/syscalls.c.obj
LOAD CMakeFiles/4_PWM.dir/startup_stm32f407xx.s.obj
START GROUP
LOAD C:/ST/STM32CubeCLT_1.16.0/GNU-tools-for-STM32/bin/../lib/gcc/arm-none-eabi/12.3.1/thumb/v7e-m+fp/hard\libgcc.a
LOAD C:/ST/STM32CubeCLT_1.16.0/GNU-tools-for-STM32/bin/../lib/gcc/arm-none-eabi/12.3.1/../../../../arm-none-eabi/lib/thumb/v7e-m+fp/hard\libg_nano.a
LOAD C:/ST/STM32CubeCLT_1.16.0/GNU-tools-for-STM32/bin/../lib/gcc/arm-none-eabi/12.3.1/../../../../arm-none-eabi/lib/thumb/v7e-m+fp/hard\libc_nano.a
END GROUP
START GROUP
LOAD C:/ST/STM32CubeCLT_1.16.0/GNU-tools-for-STM32/bin/../lib/gcc/arm-none-eabi/12.3.1/thumb/v7e-m+fp/hard\libgcc.a
LOAD C:/ST/STM32CubeCLT_1.16.0/GNU-tools-for-STM32/bin/../lib/gcc/arm-none-eabi/12.3.1/../../../../arm-none-eabi/lib/thumb/v7e-m+fp/hard\libc_nano.a
END GROUP
LOAD C:/ST/STM32CubeCLT_1.16.0/GNU-tools-for-STM32/bin/../lib/gcc/arm-none-eabi/12.3.1/thumb/v7e-m+fp/hard/crtend.o
LOAD C:/ST/STM32CubeCLT_1.16.0/GNU-tools-for-STM32/bin/../lib/gcc/arm-none-eabi/12.3.1/thumb/v7e-m+fp/hard/crtn.o
                0x20020000                        _estack = (ORIGIN (RAM) + LENGTH (RAM))
                0x00000200                        _Min_Heap_Size = 0x200
                0x00000400                        _Min_Stack_Size = 0x400

.isr_vector     0x08000000      0x188
                0x08000000                        . = ALIGN (0x4)
 *(.isr_vector)
 .isr_vector    0x08000000      0x188 CMakeFiles/4_PWM.dir/startup_stm32f407xx.s.obj
                0x08000000                g_pfnVectors
                0x08000188                        . = ALIGN (0x4)

.text           0x08000188     0x385c
                0x08000188                        . = ALIGN (0x4)
 *(.text)
 .text          0x08000188       0x40 C:/ST/STM32CubeCLT_1.16.0/GNU-tools-for-STM32/bin/../lib/gcc/arm-none-eabi/12.3.1/thumb/v7e-m+fp/hard/crtbegin.o
 .text          0x080001c8       0x30 C:/ST/STM32CubeCLT_1.16.0/GNU-tools-for-STM32/bin/../lib/gcc/arm-none-eabi/12.3.1/thumb/v7e-m+fp/hard\libgcc.a(_aeabi_uldivmod.o)
                0x080001c8                __aeabi_uldivmod
 .text          0x080001f8      0x2bc C:/ST/STM32CubeCLT_1.16.0/GNU-tools-for-STM32/bin/../lib/gcc/arm-none-eabi/12.3.1/thumb/v7e-m+fp/hard\libgcc.a(_udivmoddi4.o)
                0x080001f8                __udivmoddi4
 .text          0x080004b4        0x4 C:/ST/STM32CubeCLT_1.16.0/GNU-tools-for-STM32/bin/../lib/gcc/arm-none-eabi/12.3.1/thumb/v7e-m+fp/hard\libgcc.a(_dvmd_tls.o)
                0x080004b4                __aeabi_idiv0
                0x080004b4                __aeabi_ldiv0
 *(.text*)
 .text.std      0x080004b8       0x6c C:/ST/STM32CubeCLT_1.16.0/GNU-tools-for-STM32/bin/../lib/gcc/arm-none-eabi/12.3.1/../../../../arm-none-eabi/lib/thumb/v7e-m+fp/hard\libc_nano.a(libc_a-findfp.o)
 .text.stdio_exit_handler
                0x08000524       0x18 C:/ST/STM32CubeCLT_1.16.0/GNU-tools-for-STM32/bin/../lib/gcc/arm-none-eabi/12.3.1/../../../../arm-none-eabi/lib/thumb/v7e-m+fp/hard\libc_nano.a(libc_a-findfp.o)
 .text.cleanup_stdio
                0x0800053c       0x40 C:/ST/STM32CubeCLT_1.16.0/GNU-tools-for-STM32/bin/../lib/gcc/arm-none-eabi/12.3.1/../../../../arm-none-eabi/lib/thumb/v7e-m+fp/hard\libc_nano.a(libc_a-findfp.o)
 .text.global_stdio_init.part.0
                0x0800057c       0x3c C:/ST/STM32CubeCLT_1.16.0/GNU-tools-for-STM32/bin/../lib/gcc/arm-none-eabi/12.3.1/../../../../arm-none-eabi/lib/thumb/v7e-m+fp/hard\libc_nano.a(libc_a-findfp.o)
 .text.__sfp_lock_acquire
                0x080005b8        0xc C:/ST/STM32CubeCLT_1.16.0/GNU-tools-for-STM32/bin/../lib/gcc/arm-none-eabi/12.3.1/../../../../arm-none-eabi/lib/thumb/v7e-m+fp/hard\libc_nano.a(libc_a-findfp.o)
                0x080005b8                __sfp_lock_acquire
 .text.__sfp_lock_release
                0x080005c4        0xc C:/ST/STM32CubeCLT_1.16.0/GNU-tools-for-STM32/bin/../lib/gcc/arm-none-eabi/12.3.1/../../../../arm-none-eabi/lib/thumb/v7e-m+fp/hard\libc_nano.a(libc_a-findfp.o)
                0x080005c4                __sfp_lock_release
 .text.__sinit  0x080005d0       0x30 C:/ST/STM32CubeCLT_1.16.0/GNU-tools-for-STM32/bin/../lib/gcc/arm-none-eabi/12.3.1/../../../../arm-none-eabi/lib/thumb/v7e-m+fp/hard\libc_nano.a(libc_a-findfp.o)
                0x080005d0                __sinit
 .text._fwalk_sglue
                0x08000600       0x3c C:/ST/STM32CubeCLT_1.16.0/GNU-tools-for-STM32/bin/../lib/gcc/arm-none-eabi/12.3.1/../../../../arm-none-eabi/lib/thumb/v7e-m+fp/hard\libc_nano.a(libc_a-fwalk.o)
                0x08000600                _fwalk_sglue
 .text.__sread  0x0800063c       0x22 C:/ST/STM32CubeCLT_1.16.0/GNU-tools-for-STM32/bin/../lib/gcc/arm-none-eabi/12.3.1/../../../../arm-none-eabi/lib/thumb/v7e-m+fp/hard\libc_nano.a(libc_a-stdio.o)
                0x0800063c                __sread
 .text.__swrite
                0x0800065e       0x38 C:/ST/STM32CubeCLT_1.16.0/GNU-tools-for-STM32/bin/../lib/gcc/arm-none-eabi/12.3.1/../../../../arm-none-eabi/lib/thumb/v7e-m+fp/hard\libc_nano.a(libc_a-stdio.o)
                0x0800065e                __swrite
 .text.__sseek  0x08000696       0x24 C:/ST/STM32CubeCLT_1.16.0/GNU-tools-for-STM32/bin/../lib/gcc/arm-none-eabi/12.3.1/../../../../arm-none-eabi/lib/thumb/v7e-m+fp/hard\libc_nano.a(libc_a-stdio.o)
                0x08000696                __sseek
 .text.__sclose
                0x080006ba        0x8 C:/ST/STM32CubeCLT_1.16.0/GNU-tools-for-STM32/bin/../lib/gcc/arm-none-eabi/12.3.1/../../../../arm-none-eabi/lib/thumb/v7e-m+fp/hard\libc_nano.a(libc_a-stdio.o)
                0x080006ba                __sclose
 .text.memset   0x080006c2       0x10 C:/ST/STM32CubeCLT_1.16.0/GNU-tools-for-STM32/bin/../lib/gcc/arm-none-eabi/12.3.1/../../../../arm-none-eabi/lib/thumb/v7e-m+fp/hard\libc_nano.a(libc_a-memset.o)
                0x080006c2                memset
 *fill*         0x080006d2        0x2 
 .text._close_r
                0x080006d4       0x20 C:/ST/STM32CubeCLT_1.16.0/GNU-tools-for-STM32/bin/../lib/gcc/arm-none-eabi/12.3.1/../../../../arm-none-eabi/lib/thumb/v7e-m+fp/hard\libc_nano.a(libc_a-closer.o)
                0x080006d4                _close_r
 .text._lseek_r
                0x080006f4       0x24 C:/ST/STM32CubeCLT_1.16.0/GNU-tools-for-STM32/bin/../lib/gcc/arm-none-eabi/12.3.1/../../../../arm-none-eabi/lib/thumb/v7e-m+fp/hard\libc_nano.a(libc_a-lseekr.o)
                0x080006f4                _lseek_r
 .text._read_r  0x08000718       0x24 C:/ST/STM32CubeCLT_1.16.0/GNU-tools-for-STM32/bin/../lib/gcc/arm-none-eabi/12.3.1/../../../../arm-none-eabi/lib/thumb/v7e-m+fp/hard\libc_nano.a(libc_a-readr.o)
                0x08000718                _read_r
 .text._write_r
                0x0800073c       0x24 C:/ST/STM32CubeCLT_1.16.0/GNU-tools-for-STM32/bin/../lib/gcc/arm-none-eabi/12.3.1/../../../../arm-none-eabi/lib/thumb/v7e-m+fp/hard\libc_nano.a(libc_a-writer.o)
                0x0800073c                _write_r
 .text.__libc_init_array
                0x08000760       0x48 C:/ST/STM32CubeCLT_1.16.0/GNU-tools-for-STM32/bin/../lib/gcc/arm-none-eabi/12.3.1/../../../../arm-none-eabi/lib/thumb/v7e-m+fp/hard\libc_nano.a(libc_a-init.o)
                0x08000760                __libc_init_array
 .text.__retarget_lock_init_recursive
                0x080007a8        0x2 C:/ST/STM32CubeCLT_1.16.0/GNU-tools-for-STM32/bin/../lib/gcc/arm-none-eabi/12.3.1/../../../../arm-none-eabi/lib/thumb/v7e-m+fp/hard\libc_nano.a(libc_a-lock.o)
                0x080007a8                __retarget_lock_init_recursive
 .text.__retarget_lock_acquire_recursive
                0x080007aa        0x2 C:/ST/STM32CubeCLT_1.16.0/GNU-tools-for-STM32/bin/../lib/gcc/arm-none-eabi/12.3.1/../../../../arm-none-eabi/lib/thumb/v7e-m+fp/hard\libc_nano.a(libc_a-lock.o)
                0x080007aa                __retarget_lock_acquire_recursive
 .text.__retarget_lock_release_recursive
                0x080007ac        0x2 C:/ST/STM32CubeCLT_1.16.0/GNU-tools-for-STM32/bin/../lib/gcc/arm-none-eabi/12.3.1/../../../../arm-none-eabi/lib/thumb/v7e-m+fp/hard\libc_nano.a(libc_a-lock.o)
                0x080007ac                __retarget_lock_release_recursive
 *fill*         0x080007ae        0x2 
 .text._free_r  0x080007b0       0x94 C:/ST/STM32CubeCLT_1.16.0/GNU-tools-for-STM32/bin/../lib/gcc/arm-none-eabi/12.3.1/../../../../arm-none-eabi/lib/thumb/v7e-m+fp/hard\libc_nano.a(libc_a-freer.o)
                0x080007b0                _free_r
 .text.sbrk_aligned
                0x08000844       0x44 C:/ST/STM32CubeCLT_1.16.0/GNU-tools-for-STM32/bin/../lib/gcc/arm-none-eabi/12.3.1/../../../../arm-none-eabi/lib/thumb/v7e-m+fp/hard\libc_nano.a(libc_a-mallocr.o)
 .text._malloc_r
                0x08000888      0x100 C:/ST/STM32CubeCLT_1.16.0/GNU-tools-for-STM32/bin/../lib/gcc/arm-none-eabi/12.3.1/../../../../arm-none-eabi/lib/thumb/v7e-m+fp/hard\libc_nano.a(libc_a-mallocr.o)
                0x08000888                _malloc_r
 .text.__malloc_lock
                0x08000988        0xc C:/ST/STM32CubeCLT_1.16.0/GNU-tools-for-STM32/bin/../lib/gcc/arm-none-eabi/12.3.1/../../../../arm-none-eabi/lib/thumb/v7e-m+fp/hard\libc_nano.a(libc_a-mlock.o)
                0x08000988                __malloc_lock
 .text.__malloc_unlock
                0x08000994        0xc C:/ST/STM32CubeCLT_1.16.0/GNU-tools-for-STM32/bin/../lib/gcc/arm-none-eabi/12.3.1/../../../../arm-none-eabi/lib/thumb/v7e-m+fp/hard\libc_nano.a(libc_a-mlock.o)
                0x08000994                __malloc_unlock
 .text.__sflush_r
                0x080009a0      0x108 C:/ST/STM32CubeCLT_1.16.0/GNU-tools-for-STM32/bin/../lib/gcc/arm-none-eabi/12.3.1/../../../../arm-none-eabi/lib/thumb/v7e-m+fp/hard\libc_nano.a(libc_a-fflush.o)
                0x080009a0                __sflush_r
 .text._fflush_r
                0x08000aa8       0x50 C:/ST/STM32CubeCLT_1.16.0/GNU-tools-for-STM32/bin/../lib/gcc/arm-none-eabi/12.3.1/../../../../arm-none-eabi/lib/thumb/v7e-m+fp/hard\libc_nano.a(libc_a-fflush.o)
                0x08000aa8                _fflush_r
 .text._sbrk_r  0x08000af8       0x20 C:/ST/STM32CubeCLT_1.16.0/GNU-tools-for-STM32/bin/../lib/gcc/arm-none-eabi/12.3.1/../../../../arm-none-eabi/lib/thumb/v7e-m+fp/hard\libc_nano.a(libc_a-sbrkr.o)
                0x08000af8                _sbrk_r
 .text.__NVIC_SetPriorityGrouping
                0x08000b18       0x48 CMakeFiles/4_PWM.dir/Core/Src/main.c.obj
 .text.__NVIC_GetPriorityGrouping
                0x08000b60       0x1c CMakeFiles/4_PWM.dir/Core/Src/main.c.obj
 .text.__NVIC_EnableIRQ
                0x08000b7c       0x3c CMakeFiles/4_PWM.dir/Core/Src/main.c.obj
 .text.__NVIC_SetPriority
                0x08000bb8       0x54 CMakeFiles/4_PWM.dir/Core/Src/main.c.obj
 .text.NVIC_EncodePriority
                0x08000c0c       0x66 CMakeFiles/4_PWM.dir/Core/Src/main.c.obj
 *fill*         0x08000c72        0x2 
 .text.LL_DMA_SetDataTransferDirection
                0x08000c74       0x48 CMakeFiles/4_PWM.dir/Core/Src/main.c.obj
 .text.LL_DMA_SetMode
                0x08000cbc       0x48 CMakeFiles/4_PWM.dir/Core/Src/main.c.obj
 .text.LL_DMA_SetPeriphIncMode
                0x08000d04       0x48 CMakeFiles/4_PWM.dir/Core/Src/main.c.obj
 .text.LL_DMA_SetMemoryIncMode
                0x08000d4c       0x48 CMakeFiles/4_PWM.dir/Core/Src/main.c.obj
 .text.LL_DMA_SetPeriphSize
                0x08000d94       0x48 CMakeFiles/4_PWM.dir/Core/Src/main.c.obj
 .text.LL_DMA_SetMemorySize
                0x08000ddc       0x48 CMakeFiles/4_PWM.dir/Core/Src/main.c.obj
 .text.LL_DMA_SetStreamPriorityLevel
                0x08000e24       0x48 CMakeFiles/4_PWM.dir/Core/Src/main.c.obj
 .text.LL_DMA_SetChannelSelection
                0x08000e6c       0x48 CMakeFiles/4_PWM.dir/Core/Src/main.c.obj
 .text.LL_DMA_DisableFifoMode
                0x08000eb4       0x40 CMakeFiles/4_PWM.dir/Core/Src/main.c.obj
 .text.LL_RCC_HSE_Enable
                0x08000ef4       0x20 CMakeFiles/4_PWM.dir/Core/Src/main.c.obj
 .text.LL_RCC_HSE_IsReady
                0x08000f14       0x28 CMakeFiles/4_PWM.dir/Core/Src/main.c.obj
 .text.LL_RCC_SetSysClkSource
                0x08000f3c       0x28 CMakeFiles/4_PWM.dir/Core/Src/main.c.obj
 .text.LL_RCC_GetSysClkSource
                0x08000f64       0x1c CMakeFiles/4_PWM.dir/Core/Src/main.c.obj
 .text.LL_RCC_SetAHBPrescaler
                0x08000f80       0x28 CMakeFiles/4_PWM.dir/Core/Src/main.c.obj
 .text.LL_RCC_SetAPB1Prescaler
                0x08000fa8       0x28 CMakeFiles/4_PWM.dir/Core/Src/main.c.obj
 .text.LL_RCC_SetAPB2Prescaler
                0x08000fd0       0x28 CMakeFiles/4_PWM.dir/Core/Src/main.c.obj
 .text.LL_RCC_PLL_Enable
                0x08000ff8       0x20 CMakeFiles/4_PWM.dir/Core/Src/main.c.obj
 .text.LL_RCC_PLL_IsReady
                0x08001018       0x28 CMakeFiles/4_PWM.dir/Core/Src/main.c.obj
 .text.LL_RCC_PLL_ConfigDomain_SYS
                0x08001040       0x4c CMakeFiles/4_PWM.dir/Core/Src/main.c.obj
 .text.LL_AHB1_GRP1_EnableClock
                0x0800108c       0x30 CMakeFiles/4_PWM.dir/Core/Src/main.c.obj
 .text.LL_APB1_GRP1_EnableClock
                0x080010bc       0x30 CMakeFiles/4_PWM.dir/Core/Src/main.c.obj
 .text.LL_APB2_GRP1_EnableClock
                0x080010ec       0x30 CMakeFiles/4_PWM.dir/Core/Src/main.c.obj
 .text.LL_SYSCFG_SetEXTISource
                0x0800111c       0x6c CMakeFiles/4_PWM.dir/Core/Src/main.c.obj
 .text.LL_FLASH_SetLatency
                0x08001188       0x28 CMakeFiles/4_PWM.dir/Core/Src/main.c.obj
 .text.LL_FLASH_GetLatency
                0x080011b0       0x1c CMakeFiles/4_PWM.dir/Core/Src/main.c.obj
 .text.LL_PWR_SetRegulVoltageScaling
                0x080011cc       0x28 CMakeFiles/4_PWM.dir/Core/Src/main.c.obj
 .text.LL_PWR_IsActiveFlag_VOS
                0x080011f4       0x28 CMakeFiles/4_PWM.dir/Core/Src/main.c.obj
 .text.LL_TIM_EnableCounter
                0x0800121c       0x20 CMakeFiles/4_PWM.dir/Core/Src/main.c.obj
 .text.LL_TIM_DisableARRPreload
                0x0800123c       0x20 CMakeFiles/4_PWM.dir/Core/Src/main.c.obj
 .text.LL_TIM_GetAutoReload
                0x0800125c       0x18 CMakeFiles/4_PWM.dir/Core/Src/main.c.obj
 .text.LL_TIM_CC_EnableChannel
                0x08001274       0x22 CMakeFiles/4_PWM.dir/Core/Src/main.c.obj
 *fill*         0x08001296        0x2 
 .text.LL_TIM_OC_DisableFast
                0x08001298       0x8c CMakeFiles/4_PWM.dir/Core/Src/main.c.obj
 .text.LL_TIM_OC_EnablePreload
                0x08001324       0x88 CMakeFiles/4_PWM.dir/Core/Src/main.c.obj
 .text.LL_TIM_OC_SetCompareCH1
                0x080013ac       0x1c CMakeFiles/4_PWM.dir/Core/Src/main.c.obj
 .text.LL_TIM_OC_SetCompareCH2
                0x080013c8       0x1c CMakeFiles/4_PWM.dir/Core/Src/main.c.obj
 .text.LL_TIM_OC_SetCompareCH3
                0x080013e4       0x1c CMakeFiles/4_PWM.dir/Core/Src/main.c.obj
 .text.LL_TIM_OC_GetCompareCH1
                0x08001400       0x18 CMakeFiles/4_PWM.dir/Core/Src/main.c.obj
 .text.LL_TIM_SetClockSource
                0x08001418       0x2a CMakeFiles/4_PWM.dir/Core/Src/main.c.obj
 .text.LL_TIM_SetTriggerOutput
                0x08001442       0x26 CMakeFiles/4_PWM.dir/Core/Src/main.c.obj
 .text.LL_TIM_DisableMasterSlaveMode
                0x08001468       0x20 CMakeFiles/4_PWM.dir/Core/Src/main.c.obj
 .text.LL_TIM_EnableIT_UPDATE
                0x08001488       0x20 CMakeFiles/4_PWM.dir/Core/Src/main.c.obj
 .text.LL_USART_Enable
                0x080014a8       0x20 CMakeFiles/4_PWM.dir/Core/Src/main.c.obj
 .text.LL_USART_ConfigAsyncMode
                0x080014c8       0x2c CMakeFiles/4_PWM.dir/Core/Src/main.c.obj
 .text.LL_USART_IsActiveFlag_TXE
                0x080014f4       0x26 CMakeFiles/4_PWM.dir/Core/Src/main.c.obj
 .text.LL_USART_TransmitData8
                0x0800151a       0x1e CMakeFiles/4_PWM.dir/Core/Src/main.c.obj
 .text.LL_GPIO_SetPinMode
                0x08001538       0x7a CMakeFiles/4_PWM.dir/Core/Src/main.c.obj
 .text.LL_GPIO_SetPinPull
                0x080015b2       0x7a CMakeFiles/4_PWM.dir/Core/Src/main.c.obj
 .text.__io_putchar
                0x0800162c       0x30 CMakeFiles/4_PWM.dir/Core/Src/main.c.obj
                0x0800162c                __io_putchar
 .text.main     0x0800165c      0x164 CMakeFiles/4_PWM.dir/Core/Src/main.c.obj
                0x0800165c                main
 .text.SystemClock_Config
                0x080017c0       0x94 CMakeFiles/4_PWM.dir/Core/Src/main.c.obj
                0x080017c0                SystemClock_Config
 .text.MX_TIM2_Init
                0x08001854       0x88 CMakeFiles/4_PWM.dir/Core/Src/main.c.obj
 .text.MX_TIM3_Init
                0x080018dc      0x170 CMakeFiles/4_PWM.dir/Core/Src/main.c.obj
 .text.MX_TIM4_Init
                0x08001a4c      0x138 CMakeFiles/4_PWM.dir/Core/Src/main.c.obj
 .text.MX_TIM7_Init
                0x08001b84       0x74 CMakeFiles/4_PWM.dir/Core/Src/main.c.obj
 .text.MX_USART3_UART_Init
                0x08001bf8      0x124 CMakeFiles/4_PWM.dir/Core/Src/main.c.obj
 .text.MX_DMA_Init
                0x08001d1c       0x30 CMakeFiles/4_PWM.dir/Core/Src/main.c.obj
 .text.MX_GPIO_Init
                0x08001d4c      0x18c CMakeFiles/4_PWM.dir/Core/Src/main.c.obj
 .text.LL_EXTI_IsActiveFlag_0_31
                0x08001ed8       0x2c CMakeFiles/4_PWM.dir/Core/Src/stm32f4xx_it.c.obj
 .text.LL_EXTI_ClearFlag_0_31
                0x08001f04       0x20 CMakeFiles/4_PWM.dir/Core/Src/stm32f4xx_it.c.obj
 .text.LL_TIM_ClearFlag_UPDATE
                0x08001f24       0x1c CMakeFiles/4_PWM.dir/Core/Src/stm32f4xx_it.c.obj
 .text.LL_TIM_IsActiveFlag_UPDATE
                0x08001f40       0x26 CMakeFiles/4_PWM.dir/Core/Src/stm32f4xx_it.c.obj
 .text.NMI_Handler
                0x08001f66        0x8 CMakeFiles/4_PWM.dir/Core/Src/stm32f4xx_it.c.obj
                0x08001f66                NMI_Handler
 .text.HardFault_Handler
                0x08001f6e        0x8 CMakeFiles/4_PWM.dir/Core/Src/stm32f4xx_it.c.obj
                0x08001f6e                HardFault_Handler
 .text.MemManage_Handler
                0x08001f76        0x8 CMakeFiles/4_PWM.dir/Core/Src/stm32f4xx_it.c.obj
                0x08001f76                MemManage_Handler
 .text.BusFault_Handler
                0x08001f7e        0x8 CMakeFiles/4_PWM.dir/Core/Src/stm32f4xx_it.c.obj
                0x08001f7e                BusFault_Handler
 .text.UsageFault_Handler
                0x08001f86        0x8 CMakeFiles/4_PWM.dir/Core/Src/stm32f4xx_it.c.obj
                0x08001f86                UsageFault_Handler
 .text.SVC_Handler
                0x08001f8e        0xe CMakeFiles/4_PWM.dir/Core/Src/stm32f4xx_it.c.obj
                0x08001f8e                SVC_Handler
 .text.DebugMon_Handler
                0x08001f9c        0xe CMakeFiles/4_PWM.dir/Core/Src/stm32f4xx_it.c.obj
                0x08001f9c                DebugMon_Handler
 .text.PendSV_Handler
                0x08001faa        0xe CMakeFiles/4_PWM.dir/Core/Src/stm32f4xx_it.c.obj
                0x08001faa                PendSV_Handler
 .text.SysTick_Handler
                0x08001fb8        0xe CMakeFiles/4_PWM.dir/Core/Src/stm32f4xx_it.c.obj
                0x08001fb8                SysTick_Handler
 .text.EXTI3_IRQHandler
                0x08001fc6       0x1a CMakeFiles/4_PWM.dir/Core/Src/stm32f4xx_it.c.obj
                0x08001fc6                EXTI3_IRQHandler
 .text.EXTI4_IRQHandler
                0x08001fe0       0x1a CMakeFiles/4_PWM.dir/Core/Src/stm32f4xx_it.c.obj
                0x08001fe0                EXTI4_IRQHandler
 .text.DMA1_Stream1_IRQHandler
                0x08001ffa        0xe CMakeFiles/4_PWM.dir/Core/Src/stm32f4xx_it.c.obj
                0x08001ffa                DMA1_Stream1_IRQHandler
 .text.TIM2_IRQHandler
                0x08002008        0xe CMakeFiles/4_PWM.dir/Core/Src/stm32f4xx_it.c.obj
                0x08002008                TIM2_IRQHandler
 *fill*         0x08002016        0x2 
 .text.TIM3_IRQHandler
                0x08002018       0x28 CMakeFiles/4_PWM.dir/Core/Src/stm32f4xx_it.c.obj
                0x08002018                TIM3_IRQHandler
 .text.TIM4_IRQHandler
                0x08002040       0x28 CMakeFiles/4_PWM.dir/Core/Src/stm32f4xx_it.c.obj
                0x08002040                TIM4_IRQHandler
 .text.USART3_IRQHandler
                0x08002068        0xe CMakeFiles/4_PWM.dir/Core/Src/stm32f4xx_it.c.obj
                0x08002068                USART3_IRQHandler
 .text.EXTI15_10_IRQHandler
                0x08002076       0x34 CMakeFiles/4_PWM.dir/Core/Src/stm32f4xx_it.c.obj
                0x08002076                EXTI15_10_IRQHandler
 .text.TIM7_IRQHandler
                0x080020aa        0xe CMakeFiles/4_PWM.dir/Core/Src/stm32f4xx_it.c.obj
                0x080020aa                TIM7_IRQHandler
 .text.LL_GPIO_SetPinMode
                0x080020b8       0x7a CMakeFiles/4_PWM.dir/Drivers/STM32F4xx_HAL_Driver/Src/stm32f4xx_ll_gpio.c.obj
 .text.LL_GPIO_SetPinOutputType
                0x08002132       0x30 CMakeFiles/4_PWM.dir/Drivers/STM32F4xx_HAL_Driver/Src/stm32f4xx_ll_gpio.c.obj
 .text.LL_GPIO_SetPinSpeed
                0x08002162       0x7a CMakeFiles/4_PWM.dir/Drivers/STM32F4xx_HAL_Driver/Src/stm32f4xx_ll_gpio.c.obj
 .text.LL_GPIO_SetPinPull
                0x080021dc       0x7a CMakeFiles/4_PWM.dir/Drivers/STM32F4xx_HAL_Driver/Src/stm32f4xx_ll_gpio.c.obj
 .text.LL_GPIO_SetAFPin_0_7
                0x08002256       0x7a CMakeFiles/4_PWM.dir/Drivers/STM32F4xx_HAL_Driver/Src/stm32f4xx_ll_gpio.c.obj
 .text.LL_GPIO_SetAFPin_8_15
                0x080022d0       0x7e CMakeFiles/4_PWM.dir/Drivers/STM32F4xx_HAL_Driver/Src/stm32f4xx_ll_gpio.c.obj
 .text.LL_GPIO_Init
                0x0800234e      0x102 CMakeFiles/4_PWM.dir/Drivers/STM32F4xx_HAL_Driver/Src/stm32f4xx_ll_gpio.c.obj
                0x0800234e                LL_GPIO_Init
 .text.LL_TIM_SetPrescaler
                0x08002450       0x1c CMakeFiles/4_PWM.dir/Drivers/STM32F4xx_HAL_Driver/Src/stm32f4xx_ll_tim.c.obj
 .text.LL_TIM_SetAutoReload
                0x0800246c       0x1c CMakeFiles/4_PWM.dir/Drivers/STM32F4xx_HAL_Driver/Src/stm32f4xx_ll_tim.c.obj
 .text.LL_TIM_SetRepetitionCounter
                0x08002488       0x1c CMakeFiles/4_PWM.dir/Drivers/STM32F4xx_HAL_Driver/Src/stm32f4xx_ll_tim.c.obj
 .text.LL_TIM_OC_SetCompareCH1
                0x080024a4       0x1c CMakeFiles/4_PWM.dir/Drivers/STM32F4xx_HAL_Driver/Src/stm32f4xx_ll_tim.c.obj
 .text.LL_TIM_OC_SetCompareCH2
                0x080024c0       0x1c CMakeFiles/4_PWM.dir/Drivers/STM32F4xx_HAL_Driver/Src/stm32f4xx_ll_tim.c.obj
 .text.LL_TIM_OC_SetCompareCH3
                0x080024dc       0x1c CMakeFiles/4_PWM.dir/Drivers/STM32F4xx_HAL_Driver/Src/stm32f4xx_ll_tim.c.obj
 .text.LL_TIM_OC_SetCompareCH4
                0x080024f8       0x1c CMakeFiles/4_PWM.dir/Drivers/STM32F4xx_HAL_Driver/Src/stm32f4xx_ll_tim.c.obj
 .text.LL_TIM_GenerateEvent_UPDATE
                0x08002514       0x20 CMakeFiles/4_PWM.dir/Drivers/STM32F4xx_HAL_Driver/Src/stm32f4xx_ll_tim.c.obj
 .text.LL_TIM_Init
                0x08002534      0x134 CMakeFiles/4_PWM.dir/Drivers/STM32F4xx_HAL_Driver/Src/stm32f4xx_ll_tim.c.obj
                0x08002534                LL_TIM_Init
 .text.LL_TIM_OC_Init
                0x08002668       0x82 CMakeFiles/4_PWM.dir/Drivers/STM32F4xx_HAL_Driver/Src/stm32f4xx_ll_tim.c.obj
                0x08002668                LL_TIM_OC_Init
 *fill*         0x080026ea        0x2 
 .text.OC1Config
                0x080026ec       0xd8 CMakeFiles/4_PWM.dir/Drivers/STM32F4xx_HAL_Driver/Src/stm32f4xx_ll_tim.c.obj
 .text.OC2Config
                0x080027c4       0xe0 CMakeFiles/4_PWM.dir/Drivers/STM32F4xx_HAL_Driver/Src/stm32f4xx_ll_tim.c.obj
 .text.OC3Config
                0x080028a4       0xe0 CMakeFiles/4_PWM.dir/Drivers/STM32F4xx_HAL_Driver/Src/stm32f4xx_ll_tim.c.obj
 .text.OC4Config
                0x08002984       0xb0 CMakeFiles/4_PWM.dir/Drivers/STM32F4xx_HAL_Driver/Src/stm32f4xx_ll_tim.c.obj
 .text.LL_RCC_GetSysClkSource
                0x08002a34       0x1c CMakeFiles/4_PWM.dir/Drivers/STM32F4xx_HAL_Driver/Src/stm32f4xx_ll_rcc.c.obj
 .text.LL_RCC_GetAHBPrescaler
                0x08002a50       0x1c CMakeFiles/4_PWM.dir/Drivers/STM32F4xx_HAL_Driver/Src/stm32f4xx_ll_rcc.c.obj
 .text.LL_RCC_GetAPB1Prescaler
                0x08002a6c       0x1c CMakeFiles/4_PWM.dir/Drivers/STM32F4xx_HAL_Driver/Src/stm32f4xx_ll_rcc.c.obj
 .text.LL_RCC_GetAPB2Prescaler
                0x08002a88       0x1c CMakeFiles/4_PWM.dir/Drivers/STM32F4xx_HAL_Driver/Src/stm32f4xx_ll_rcc.c.obj
 .text.LL_RCC_PLL_GetMainSource
                0x08002aa4       0x1c CMakeFiles/4_PWM.dir/Drivers/STM32F4xx_HAL_Driver/Src/stm32f4xx_ll_rcc.c.obj
 .text.LL_RCC_PLL_GetN
                0x08002ac0       0x1c CMakeFiles/4_PWM.dir/Drivers/STM32F4xx_HAL_Driver/Src/stm32f4xx_ll_rcc.c.obj
 .text.LL_RCC_PLL_GetP
                0x08002adc       0x1c CMakeFiles/4_PWM.dir/Drivers/STM32F4xx_HAL_Driver/Src/stm32f4xx_ll_rcc.c.obj
 .text.LL_RCC_PLL_GetDivider
                0x08002af8       0x1c CMakeFiles/4_PWM.dir/Drivers/STM32F4xx_HAL_Driver/Src/stm32f4xx_ll_rcc.c.obj
 .text.LL_RCC_GetSystemClocksFreq
                0x08002b14       0x4a CMakeFiles/4_PWM.dir/Drivers/STM32F4xx_HAL_Driver/Src/stm32f4xx_ll_rcc.c.obj
                0x08002b14                LL_RCC_GetSystemClocksFreq
 *fill*         0x08002b5e        0x2 
 .text.RCC_GetSystemClockFreq
                0x08002b60       0x50 CMakeFiles/4_PWM.dir/Drivers/STM32F4xx_HAL_Driver/Src/stm32f4xx_ll_rcc.c.obj
                0x08002b60                RCC_GetSystemClockFreq
 .text.RCC_GetHCLKClockFreq
                0x08002bb0       0x2c CMakeFiles/4_PWM.dir/Drivers/STM32F4xx_HAL_Driver/Src/stm32f4xx_ll_rcc.c.obj
                0x08002bb0                RCC_GetHCLKClockFreq
 .text.RCC_GetPCLK1ClockFreq
                0x08002bdc       0x28 CMakeFiles/4_PWM.dir/Drivers/STM32F4xx_HAL_Driver/Src/stm32f4xx_ll_rcc.c.obj
                0x08002bdc                RCC_GetPCLK1ClockFreq
 .text.RCC_GetPCLK2ClockFreq
                0x08002c04       0x28 CMakeFiles/4_PWM.dir/Drivers/STM32F4xx_HAL_Driver/Src/stm32f4xx_ll_rcc.c.obj
                0x08002c04                RCC_GetPCLK2ClockFreq
 .text.RCC_PLL_GetFreqDomain_SYS
                0x08002c2c       0x7c CMakeFiles/4_PWM.dir/Drivers/STM32F4xx_HAL_Driver/Src/stm32f4xx_ll_rcc.c.obj
                0x08002c2c                RCC_PLL_GetFreqDomain_SYS
 .text.LL_InitTick
                0x08002ca8       0x34 CMakeFiles/4_PWM.dir/Drivers/STM32F4xx_HAL_Driver/Src/stm32f4xx_ll_utils.c.obj
 .text.LL_Init1msTick
                0x08002cdc       0x1a CMakeFiles/4_PWM.dir/Drivers/STM32F4xx_HAL_Driver/Src/stm32f4xx_ll_utils.c.obj
                0x08002cdc                LL_Init1msTick
 *fill*         0x08002cf6        0x2 
 .text.LL_SetSystemCoreClock
                0x08002cf8       0x20 CMakeFiles/4_PWM.dir/Drivers/STM32F4xx_HAL_Driver/Src/stm32f4xx_ll_utils.c.obj
                0x08002cf8                LL_SetSystemCoreClock
 .text.LL_EXTI_EnableIT_0_31
                0x08002d18       0x24 CMakeFiles/4_PWM.dir/Drivers/STM32F4xx_HAL_Driver/Src/stm32f4xx_ll_exti.c.obj
 .text.LL_EXTI_DisableIT_0_31
                0x08002d3c       0x28 CMakeFiles/4_PWM.dir/Drivers/STM32F4xx_HAL_Driver/Src/stm32f4xx_ll_exti.c.obj
 .text.LL_EXTI_EnableEvent_0_31
                0x08002d64       0x24 CMakeFiles/4_PWM.dir/Drivers/STM32F4xx_HAL_Driver/Src/stm32f4xx_ll_exti.c.obj
 .text.LL_EXTI_DisableEvent_0_31
                0x08002d88       0x28 CMakeFiles/4_PWM.dir/Drivers/STM32F4xx_HAL_Driver/Src/stm32f4xx_ll_exti.c.obj
 .text.LL_EXTI_EnableRisingTrig_0_31
                0x08002db0       0x24 CMakeFiles/4_PWM.dir/Drivers/STM32F4xx_HAL_Driver/Src/stm32f4xx_ll_exti.c.obj
 .text.LL_EXTI_DisableRisingTrig_0_31
                0x08002dd4       0x28 CMakeFiles/4_PWM.dir/Drivers/STM32F4xx_HAL_Driver/Src/stm32f4xx_ll_exti.c.obj
 .text.LL_EXTI_EnableFallingTrig_0_31
                0x08002dfc       0x24 CMakeFiles/4_PWM.dir/Drivers/STM32F4xx_HAL_Driver/Src/stm32f4xx_ll_exti.c.obj
 .text.LL_EXTI_DisableFallingTrig_0_31
                0x08002e20       0x28 CMakeFiles/4_PWM.dir/Drivers/STM32F4xx_HAL_Driver/Src/stm32f4xx_ll_exti.c.obj
 .text.LL_EXTI_Init
                0x08002e48       0xfe CMakeFiles/4_PWM.dir/Drivers/STM32F4xx_HAL_Driver/Src/stm32f4xx_ll_exti.c.obj
                0x08002e48                LL_EXTI_Init
 .text.LL_USART_IsEnabled
                0x08002f46       0x28 CMakeFiles/4_PWM.dir/Drivers/STM32F4xx_HAL_Driver/Src/stm32f4xx_ll_usart.c.obj
 .text.LL_USART_SetStopBitsLength
                0x08002f6e       0x26 CMakeFiles/4_PWM.dir/Drivers/STM32F4xx_HAL_Driver/Src/stm32f4xx_ll_usart.c.obj
 .text.LL_USART_SetHWFlowCtrl
                0x08002f94       0x26 CMakeFiles/4_PWM.dir/Drivers/STM32F4xx_HAL_Driver/Src/stm32f4xx_ll_usart.c.obj
 *fill*         0x08002fba        0x2 
 .text.LL_USART_SetBaudRate
                0x08002fbc      0x45c CMakeFiles/4_PWM.dir/Drivers/STM32F4xx_HAL_Driver/Src/stm32f4xx_ll_usart.c.obj
 .text.LL_USART_Init
                0x08003418      0x100 CMakeFiles/4_PWM.dir/Drivers/STM32F4xx_HAL_Driver/Src/stm32f4xx_ll_usart.c.obj
                0x08003418                LL_USART_Init
 .text.SystemInit
                0x08003518       0x24 CMakeFiles/4_PWM.dir/Core/Src/system_stm32f4xx.c.obj
                0x08003518                SystemInit
 .text._sbrk    0x0800353c       0x6c CMakeFiles/4_PWM.dir/Core/Src/sysmem.c.obj
                0x0800353c                _sbrk
 .text._read    0x080035a8       0x3a CMakeFiles/4_PWM.dir/Core/Src/syscalls.c.obj
                0x080035a8                _read
 .text._write   0x080035e2       0x38 CMakeFiles/4_PWM.dir/Core/Src/syscalls.c.obj
                0x080035e2                _write
 .text._close   0x0800361a       0x18 CMakeFiles/4_PWM.dir/Core/Src/syscalls.c.obj
                0x0800361a                _close
 .text._fstat   0x08003632       0x20 CMakeFiles/4_PWM.dir/Core/Src/syscalls.c.obj
                0x08003632                _fstat
 .text._isatty  0x08003652       0x16 CMakeFiles/4_PWM.dir/Core/Src/syscalls.c.obj
                0x08003652                _isatty
 .text._lseek   0x08003668       0x1a CMakeFiles/4_PWM.dir/Core/Src/syscalls.c.obj
                0x08003668                _lseek
 *fill*         0x08003682        0x2 
 .text.Reset_Handler
                0x08003684       0x50 CMakeFiles/4_PWM.dir/startup_stm32f407xx.s.obj
                0x08003684                Reset_Handler
 .text.Default_Handler
                0x080036d4        0x2 CMakeFiles/4_PWM.dir/startup_stm32f407xx.s.obj
                0x080036d4                RTC_Alarm_IRQHandler
                0x080036d4                HASH_RNG_IRQHandler
                0x080036d4                EXTI2_IRQHandler
                0x080036d4                TIM8_CC_IRQHandler
                0x080036d4                TIM1_CC_IRQHandler
                0x080036d4                DMA2_Stream5_IRQHandler
                0x080036d4                DMA1_Stream5_IRQHandler
                0x080036d4                PVD_IRQHandler
                0x080036d4                SDIO_IRQHandler
                0x080036d4                TAMP_STAMP_IRQHandler
                0x080036d4                CAN2_RX1_IRQHandler
                0x080036d4                TIM8_TRG_COM_TIM14_IRQHandler
                0x080036d4                TIM1_UP_TIM10_IRQHandler
                0x080036d4                TIM8_UP_TIM13_IRQHandler
                0x080036d4                I2C3_ER_IRQHandler
                0x080036d4                EXTI0_IRQHandler
                0x080036d4                I2C2_EV_IRQHandler
                0x080036d4                DMA1_Stream2_IRQHandler
                0x080036d4                CAN1_RX0_IRQHandler
                0x080036d4                FPU_IRQHandler
                0x080036d4                OTG_HS_WKUP_IRQHandler
                0x080036d4                CAN2_SCE_IRQHandler
                0x080036d4                DMA2_Stream2_IRQHandler
                0x080036d4                SPI1_IRQHandler
                0x080036d4                TIM6_DAC_IRQHandler
                0x080036d4                TIM1_BRK_TIM9_IRQHandler
                0x080036d4                DCMI_IRQHandler
                0x080036d4                CAN2_RX0_IRQHandler
                0x080036d4                DMA2_Stream3_IRQHandler
                0x080036d4                USART6_IRQHandler
                0x080036d4                CAN1_RX1_IRQHandler
                0x080036d4                UART5_IRQHandler
                0x080036d4                DMA2_Stream0_IRQHandler
                0x080036d4                I2C1_EV_IRQHandler
                0x080036d4                DMA1_Stream6_IRQHandler
                0x080036d4                UART4_IRQHandler
                0x080036d4                RCC_IRQHandler
                0x080036d4                TIM8_BRK_TIM12_IRQHandler
                0x080036d4                Default_Handler
                0x080036d4                ADC_IRQHandler
                0x080036d4                DMA1_Stream7_IRQHandler
                0x080036d4                CAN2_TX_IRQHandler
                0x080036d4                TIM5_IRQHandler
                0x080036d4                DMA2_Stream7_IRQHandler
                0x080036d4                I2C3_EV_IRQHandler
                0x080036d4                EXTI9_5_IRQHandler
                0x080036d4                RTC_WKUP_IRQHandler
                0x080036d4                ETH_WKUP_IRQHandler
                0x080036d4                SPI2_IRQHandler
                0x080036d4                OTG_HS_EP1_IN_IRQHandler
                0x080036d4                DMA1_Stream0_IRQHandler
                0x080036d4                CAN1_TX_IRQHandler
                0x080036d4                FSMC_IRQHandler
                0x080036d4                ETH_IRQHandler
                0x080036d4                OTG_HS_EP1_OUT_IRQHandler
                0x080036d4                WWDG_IRQHandler
                0x080036d4                OTG_FS_WKUP_IRQHandler
                0x080036d4                TIM1_TRG_COM_TIM11_IRQHandler
                0x080036d4                OTG_HS_IRQHandler
                0x080036d4                EXTI1_IRQHandler
                0x080036d4                USART2_IRQHandler
                0x080036d4                I2C2_ER_IRQHandler
                0x080036d4                DMA2_Stream1_IRQHandler
                0x080036d4                CAN1_SCE_IRQHandler
                0x080036d4                FLASH_IRQHandler
                0x080036d4                DMA2_Stream4_IRQHandler
                0x080036d4                USART1_IRQHandler
                0x080036d4                OTG_FS_IRQHandler
                0x080036d4                SPI3_IRQHandler
                0x080036d4                DMA1_Stream4_IRQHandler
                0x080036d4                I2C1_ER_IRQHandler
                0x080036d4                DMA2_Stream6_IRQHandler
                0x080036d4                DMA1_Stream3_IRQHandler
 .text._puts_r  0x080036d6       0xaa C:/ST/STM32CubeCLT_1.16.0/GNU-tools-for-STM32/bin/../lib/gcc/arm-none-eabi/12.3.1/../../../../arm-none-eabi/lib/thumb/v7e-m+fp/hard\libg_nano.a(libc_a-puts.o)
                0x080036d6                _puts_r
 .text.puts     0x08003780       0x10 C:/ST/STM32CubeCLT_1.16.0/GNU-tools-for-STM32/bin/../lib/gcc/arm-none-eabi/12.3.1/../../../../arm-none-eabi/lib/thumb/v7e-m+fp/hard\libg_nano.a(libc_a-puts.o)
                0x08003780                puts
 .text.__swbuf_r
                0x08003790       0x7c C:/ST/STM32CubeCLT_1.16.0/GNU-tools-for-STM32/bin/../lib/gcc/arm-none-eabi/12.3.1/../../../../arm-none-eabi/lib/thumb/v7e-m+fp/hard\libg_nano.a(libc_a-wbuf.o)
                0x08003790                __swbuf_r
 .text.__swsetup_r
                0x0800380c       0xac C:/ST/STM32CubeCLT_1.16.0/GNU-tools-for-STM32/bin/../lib/gcc/arm-none-eabi/12.3.1/../../../../arm-none-eabi/lib/thumb/v7e-m+fp/hard\libg_nano.a(libc_a-wsetup.o)
                0x0800380c                __swsetup_r
 .text.__errno  0x080038b8        0xc C:/ST/STM32CubeCLT_1.16.0/GNU-tools-for-STM32/bin/../lib/gcc/arm-none-eabi/12.3.1/../../../../arm-none-eabi/lib/thumb/v7e-m+fp/hard\libg_nano.a(libc_a-errno.o)
                0x080038b8                __errno
 .text.__swhatbuf_r
                0x080038c4       0x4c C:/ST/STM32CubeCLT_1.16.0/GNU-tools-for-STM32/bin/../lib/gcc/arm-none-eabi/12.3.1/../../../../arm-none-eabi/lib/thumb/v7e-m+fp/hard\libg_nano.a(libc_a-makebuf.o)
                0x080038c4                __swhatbuf_r
 .text.__smakebuf_r
                0x08003910       0x78 C:/ST/STM32CubeCLT_1.16.0/GNU-tools-for-STM32/bin/../lib/gcc/arm-none-eabi/12.3.1/../../../../arm-none-eabi/lib/thumb/v7e-m+fp/hard\libg_nano.a(libc_a-makebuf.o)
                0x08003910                __smakebuf_r
 .text._fstat_r
                0x08003988       0x24 C:/ST/STM32CubeCLT_1.16.0/GNU-tools-for-STM32/bin/../lib/gcc/arm-none-eabi/12.3.1/../../../../arm-none-eabi/lib/thumb/v7e-m+fp/hard\libg_nano.a(libc_a-fstatr.o)
                0x08003988                _fstat_r
 .text._isatty_r
                0x080039ac       0x20 C:/ST/STM32CubeCLT_1.16.0/GNU-tools-for-STM32/bin/../lib/gcc/arm-none-eabi/12.3.1/../../../../arm-none-eabi/lib/thumb/v7e-m+fp/hard\libg_nano.a(libc_a-isattyr.o)
                0x080039ac                _isatty_r
 *(.glue_7)
 .glue_7        0x080039cc        0x0 linker stubs
 *(.glue_7t)
 .glue_7t       0x080039cc        0x0 linker stubs
 *(.eh_frame)
 .eh_frame      0x080039cc        0x0 C:/ST/STM32CubeCLT_1.16.0/GNU-tools-for-STM32/bin/../lib/gcc/arm-none-eabi/12.3.1/thumb/v7e-m+fp/hard/crtbegin.o
 *(.init)
 .init          0x080039cc        0x4 C:/ST/STM32CubeCLT_1.16.0/GNU-tools-for-STM32/bin/../lib/gcc/arm-none-eabi/12.3.1/thumb/v7e-m+fp/hard/crti.o
                0x080039cc                _init
 .init          0x080039d0        0x8 C:/ST/STM32CubeCLT_1.16.0/GNU-tools-for-STM32/bin/../lib/gcc/arm-none-eabi/12.3.1/thumb/v7e-m+fp/hard/crtn.o
 *(.fini)
 .fini          0x080039d8        0x4 C:/ST/STM32CubeCLT_1.16.0/GNU-tools-for-STM32/bin/../lib/gcc/arm-none-eabi/12.3.1/thumb/v7e-m+fp/hard/crti.o
                0x080039d8                _fini
 .fini          0x080039dc        0x8 C:/ST/STM32CubeCLT_1.16.0/GNU-tools-for-STM32/bin/../lib/gcc/arm-none-eabi/12.3.1/thumb/v7e-m+fp/hard/crtn.o
                0x080039e4                        . = ALIGN (0x4)
                0x080039e4                        _etext = .

.vfp11_veneer   0x080039e4        0x0
 .vfp11_veneer  0x080039e4        0x0 linker stubs

.v4_bx          0x080039e4        0x0
 .v4_bx         0x080039e4        0x0 linker stubs

.iplt           0x080039e4        0x0
 .iplt          0x080039e4        0x0 C:/ST/STM32CubeCLT_1.16.0/GNU-tools-for-STM32/bin/../lib/gcc/arm-none-eabi/12.3.1/thumb/v7e-m+fp/hard/crtbegin.o

.rodata         0x080039e4       0x48
                0x080039e4                        . = ALIGN (0x4)
 *(.rodata)
 .rodata        0x080039e4       0x16 CMakeFiles/4_PWM.dir/Core/Src/main.c.obj
 *(.rodata*)
 *fill*         0x080039fa        0x2 
 .rodata.STREAM_OFFSET_TAB
                0x080039fc        0x8 CMakeFiles/4_PWM.dir/Core/Src/main.c.obj
 .rodata.OFFSET_TAB_CCMRx
                0x08003a04        0x7 CMakeFiles/4_PWM.dir/Core/Src/main.c.obj
 *fill*         0x08003a0b        0x1 
 .rodata.SHIFT_TAB_OCxx
                0x08003a0c        0x7 CMakeFiles/4_PWM.dir/Core/Src/main.c.obj
 *fill*         0x08003a13        0x1 
 .rodata.AHBPrescTable
                0x08003a14       0x10 CMakeFiles/4_PWM.dir/Core/Src/system_stm32f4xx.c.obj
                0x08003a14                AHBPrescTable
 .rodata.APBPrescTable
                0x08003a24        0x8 CMakeFiles/4_PWM.dir/Core/Src/system_stm32f4xx.c.obj
                0x08003a24                APBPrescTable
                0x08003a2c                        . = ALIGN (0x4)

.ARM.extab
 *(.ARM.extab* .gnu.linkonce.armextab.*)

.ARM            0x08003a2c        0x8
                0x08003a2c                        __exidx_start = .
 *(.ARM.exidx*)
 .ARM.exidx     0x08003a2c        0x8 C:/ST/STM32CubeCLT_1.16.0/GNU-tools-for-STM32/bin/../lib/gcc/arm-none-eabi/12.3.1/thumb/v7e-m+fp/hard\libgcc.a(_udivmoddi4.o)
                0x08003a34                        __exidx_end = .

.rel.dyn        0x08003a34        0x0
 .rel.iplt      0x08003a34        0x0 C:/ST/STM32CubeCLT_1.16.0/GNU-tools-for-STM32/bin/../lib/gcc/arm-none-eabi/12.3.1/thumb/v7e-m+fp/hard/crtbegin.o

.preinit_array  0x08003a34        0x0
                0x08003a34                        PROVIDE (__preinit_array_start = .)
 *(.preinit_array*)
                0x08003a34                        PROVIDE (__preinit_array_end = .)

.init_array     0x08003a34        0x4
                0x08003a34                        PROVIDE (__init_array_start = .)
 *(SORT_BY_NAME(.init_array.*))
 *(.init_array*)
 .init_array    0x08003a34        0x4 C:/ST/STM32CubeCLT_1.16.0/GNU-tools-for-STM32/bin/../lib/gcc/arm-none-eabi/12.3.1/thumb/v7e-m+fp/hard/crtbegin.o
                0x08003a38                        PROVIDE (__init_array_end = .)

.fini_array     0x08003a38        0x4
                [!provide]                        PROVIDE (__fini_array_start = .)
 *(SORT_BY_NAME(.fini_array.*))
 *(.fini_array*)
 .fini_array    0x08003a38        0x4 C:/ST/STM32CubeCLT_1.16.0/GNU-tools-for-STM32/bin/../lib/gcc/arm-none-eabi/12.3.1/thumb/v7e-m+fp/hard/crtbegin.o
                [!provide]                        PROVIDE (__fini_array_end = .)
                0x08003a3c                        _sidata = LOADADDR (.data)

.data           0x20000000       0x60 load address 0x08003a3c
                0x20000000                        . = ALIGN (0x4)
                0x20000000                        _sdata = .
 *(.data)
 *(.data*)
 .data.__sglue  0x20000000        0xc C:/ST/STM32CubeCLT_1.16.0/GNU-tools-for-STM32/bin/../lib/gcc/arm-none-eabi/12.3.1/../../../../arm-none-eabi/lib/thumb/v7e-m+fp/hard\libc_nano.a(libc_a-findfp.o)
                0x20000000                __sglue
 .data._impure_ptr
                0x2000000c        0x4 C:/ST/STM32CubeCLT_1.16.0/GNU-tools-for-STM32/bin/../lib/gcc/arm-none-eabi/12.3.1/../../../../arm-none-eabi/lib/thumb/v7e-m+fp/hard\libc_nano.a(libc_a-impure.o)
                0x2000000c                _impure_ptr
 .data._impure_data
                0x20000010       0x4c C:/ST/STM32CubeCLT_1.16.0/GNU-tools-for-STM32/bin/../lib/gcc/arm-none-eabi/12.3.1/../../../../arm-none-eabi/lib/thumb/v7e-m+fp/hard\libc_nano.a(libc_a-impure.o)
                0x20000010                _impure_data
 .data.SystemCoreClock
                0x2000005c        0x4 CMakeFiles/4_PWM.dir/Core/Src/system_stm32f4xx.c.obj
                0x2000005c                SystemCoreClock
                0x20000060                        . = ALIGN (0x4)
                0x20000060                        _edata = .
                0x08003a9c                        _siccmram = LOADADDR (.ccmram)

.igot.plt       0x20000060        0x0 load address 0x08003a9c
 .igot.plt      0x20000060        0x0 C:/ST/STM32CubeCLT_1.16.0/GNU-tools-for-STM32/bin/../lib/gcc/arm-none-eabi/12.3.1/thumb/v7e-m+fp/hard/crtbegin.o

.ccmram         0x10000000        0x0 load address 0x08003a9c
                0x10000000                        . = ALIGN (0x4)
                0x10000000                        _sccmram = .
 *(.ccmram)
 *(.ccmram*)
                0x10000000                        . = ALIGN (0x4)
                0x10000000                        _eccmram = .
                0x10000000                        . = ALIGN (0x4)

.bss            0x20000060      0x170
                0x20000060                        _sbss = .
                0x20000060                        __bss_start__ = _sbss
 *(.bss)
 .bss           0x20000060       0x1c C:/ST/STM32CubeCLT_1.16.0/GNU-tools-for-STM32/bin/../lib/gcc/arm-none-eabi/12.3.1/thumb/v7e-m+fp/hard/crtbegin.o
 *(.bss*)
 .bss.__sf      0x2000007c      0x138 C:/ST/STM32CubeCLT_1.16.0/GNU-tools-for-STM32/bin/../lib/gcc/arm-none-eabi/12.3.1/../../../../arm-none-eabi/lib/thumb/v7e-m+fp/hard\libc_nano.a(libc_a-findfp.o)
                0x2000007c                __sf
 .bss.__stdio_exit_handler
                0x200001b4        0x4 C:/ST/STM32CubeCLT_1.16.0/GNU-tools-for-STM32/bin/../lib/gcc/arm-none-eabi/12.3.1/../../../../arm-none-eabi/lib/thumb/v7e-m+fp/hard\libc_nano.a(libc_a-findfp.o)
                0x200001b4                __stdio_exit_handler
 .bss.errno     0x200001b8        0x4 C:/ST/STM32CubeCLT_1.16.0/GNU-tools-for-STM32/bin/../lib/gcc/arm-none-eabi/12.3.1/../../../../arm-none-eabi/lib/thumb/v7e-m+fp/hard\libc_nano.a(libc_a-reent.o)
                0x200001b8                errno
 .bss.__lock___malloc_recursive_mutex
                0x200001bc        0x1 C:/ST/STM32CubeCLT_1.16.0/GNU-tools-for-STM32/bin/../lib/gcc/arm-none-eabi/12.3.1/../../../../arm-none-eabi/lib/thumb/v7e-m+fp/hard\libc_nano.a(libc_a-lock.o)
                0x200001bc                __lock___malloc_recursive_mutex
 .bss.__lock___sfp_recursive_mutex
                0x200001bd        0x1 C:/ST/STM32CubeCLT_1.16.0/GNU-tools-for-STM32/bin/../lib/gcc/arm-none-eabi/12.3.1/../../../../arm-none-eabi/lib/thumb/v7e-m+fp/hard\libc_nano.a(libc_a-lock.o)
                0x200001bd                __lock___sfp_recursive_mutex
 *fill*         0x200001be        0x2 
 .bss.__malloc_sbrk_start
                0x200001c0        0x4 C:/ST/STM32CubeCLT_1.16.0/GNU-tools-for-STM32/bin/../lib/gcc/arm-none-eabi/12.3.1/../../../../arm-none-eabi/lib/thumb/v7e-m+fp/hard\libc_nano.a(libc_a-mallocr.o)
                0x200001c0                __malloc_sbrk_start
 .bss.__malloc_free_list
                0x200001c4        0x4 C:/ST/STM32CubeCLT_1.16.0/GNU-tools-for-STM32/bin/../lib/gcc/arm-none-eabi/12.3.1/../../../../arm-none-eabi/lib/thumb/v7e-m+fp/hard\libc_nano.a(libc_a-mallocr.o)
                0x200001c4                __malloc_free_list
 .bss.tim3_update
                0x200001c8        0x1 CMakeFiles/4_PWM.dir/Core/Src/main.c.obj
                0x200001c8                tim3_update
 .bss.tim4_update
                0x200001c9        0x1 CMakeFiles/4_PWM.dir/Core/Src/main.c.obj
                0x200001c9                tim4_update
 *fill*         0x200001ca        0x2 
 .bss.__sbrk_heap_end
                0x200001cc        0x4 CMakeFiles/4_PWM.dir/Core/Src/sysmem.c.obj
 *(COMMON)
                0x200001d0                        . = ALIGN (0x4)
                0x200001d0                        _ebss = .
                0x200001d0                        __bss_end__ = _ebss

._user_heap_stack
                0x200001d0      0x600
                0x200001d0                        . = ALIGN (0x8)
                [!provide]                        PROVIDE (end = .)
                0x200001d0                        PROVIDE (_end = .)
                0x200003d0                        . = (. + _Min_Heap_Size)
 *fill*         0x200001d0      0x200 
                0x200007d0                        . = (. + _Min_Stack_Size)
 *fill*         0x200003d0      0x400 
                0x200007d0                        . = ALIGN (0x8)

/DISCARD/
 libc.a(*)
 libm.a(*)
 libgcc.a(*)

.ARM.attributes
                0x00000000       0x30
 *(.ARM.attributes)
 .ARM.attributes
                0x00000000       0x22 C:/ST/STM32CubeCLT_1.16.0/GNU-tools-for-STM32/bin/../lib/gcc/arm-none-eabi/12.3.1/thumb/v7e-m+fp/hard/crti.o
 .ARM.attributes
                0x00000022       0x34 C:/ST/STM32CubeCLT_1.16.0/GNU-tools-for-STM32/bin/../lib/gcc/arm-none-eabi/12.3.1/thumb/v7e-m+fp/hard/crtbegin.o
 .ARM.attributes
                0x00000056       0x34 C:/ST/STM32CubeCLT_1.16.0/GNU-tools-for-STM32/bin/../lib/gcc/arm-none-eabi/12.3.1/../../../../arm-none-eabi/lib/thumb/v7e-m+fp/hard\libc_nano.a(libc_a-findfp.o)
 .ARM.attributes
                0x0000008a       0x34 C:/ST/STM32CubeCLT_1.16.0/GNU-tools-for-STM32/bin/../lib/gcc/arm-none-eabi/12.3.1/../../../../arm-none-eabi/lib/thumb/v7e-m+fp/hard\libc_nano.a(libc_a-fwalk.o)
 .ARM.attributes
                0x000000be       0x34 C:/ST/STM32CubeCLT_1.16.0/GNU-tools-for-STM32/bin/../lib/gcc/arm-none-eabi/12.3.1/../../../../arm-none-eabi/lib/thumb/v7e-m+fp/hard\libc_nano.a(libc_a-stdio.o)
 .ARM.attributes
                0x000000f2       0x34 C:/ST/STM32CubeCLT_1.16.0/GNU-tools-for-STM32/bin/../lib/gcc/arm-none-eabi/12.3.1/../../../../arm-none-eabi/lib/thumb/v7e-m+fp/hard\libc_nano.a(libc_a-memset.o)
 .ARM.attributes
                0x00000126       0x34 C:/ST/STM32CubeCLT_1.16.0/GNU-tools-for-STM32/bin/../lib/gcc/arm-none-eabi/12.3.1/../../../../arm-none-eabi/lib/thumb/v7e-m+fp/hard\libc_nano.a(libc_a-closer.o)
 .ARM.attributes
                0x0000015a       0x34 C:/ST/STM32CubeCLT_1.16.0/GNU-tools-for-STM32/bin/../lib/gcc/arm-none-eabi/12.3.1/../../../../arm-none-eabi/lib/thumb/v7e-m+fp/hard\libc_nano.a(libc_a-reent.o)
 .ARM.attributes
                0x0000018e       0x34 C:/ST/STM32CubeCLT_1.16.0/GNU-tools-for-STM32/bin/../lib/gcc/arm-none-eabi/12.3.1/../../../../arm-none-eabi/lib/thumb/v7e-m+fp/hard\libc_nano.a(libc_a-impure.o)
 .ARM.attributes
                0x000001c2       0x34 C:/ST/STM32CubeCLT_1.16.0/GNU-tools-for-STM32/bin/../lib/gcc/arm-none-eabi/12.3.1/../../../../arm-none-eabi/lib/thumb/v7e-m+fp/hard\libc_nano.a(libc_a-lseekr.o)
 .ARM.attributes
                0x000001f6       0x34 C:/ST/STM32CubeCLT_1.16.0/GNU-tools-for-STM32/bin/../lib/gcc/arm-none-eabi/12.3.1/../../../../arm-none-eabi/lib/thumb/v7e-m+fp/hard\libc_nano.a(libc_a-readr.o)
 .ARM.attributes
                0x0000022a       0x34 C:/ST/STM32CubeCLT_1.16.0/GNU-tools-for-STM32/bin/../lib/gcc/arm-none-eabi/12.3.1/../../../../arm-none-eabi/lib/thumb/v7e-m+fp/hard\libc_nano.a(libc_a-writer.o)
 .ARM.attributes
                0x0000025e       0x34 C:/ST/STM32CubeCLT_1.16.0/GNU-tools-for-STM32/bin/../lib/gcc/arm-none-eabi/12.3.1/../../../../arm-none-eabi/lib/thumb/v7e-m+fp/hard\libc_nano.a(libc_a-init.o)
 .ARM.attributes
                0x00000292       0x34 C:/ST/STM32CubeCLT_1.16.0/GNU-tools-for-STM32/bin/../lib/gcc/arm-none-eabi/12.3.1/../../../../arm-none-eabi/lib/thumb/v7e-m+fp/hard\libc_nano.a(libc_a-lock.o)
 .ARM.attributes
                0x000002c6       0x34 C:/ST/STM32CubeCLT_1.16.0/GNU-tools-for-STM32/bin/../lib/gcc/arm-none-eabi/12.3.1/../../../../arm-none-eabi/lib/thumb/v7e-m+fp/hard\libc_nano.a(libc_a-freer.o)
 .ARM.attributes
                0x000002fa       0x34 C:/ST/STM32CubeCLT_1.16.0/GNU-tools-for-STM32/bin/../lib/gcc/arm-none-eabi/12.3.1/../../../../arm-none-eabi/lib/thumb/v7e-m+fp/hard\libc_nano.a(libc_a-mallocr.o)
 .ARM.attributes
                0x0000032e       0x34 C:/ST/STM32CubeCLT_1.16.0/GNU-tools-for-STM32/bin/../lib/gcc/arm-none-eabi/12.3.1/../../../../arm-none-eabi/lib/thumb/v7e-m+fp/hard\libc_nano.a(libc_a-mlock.o)
 .ARM.attributes
                0x00000362       0x34 C:/ST/STM32CubeCLT_1.16.0/GNU-tools-for-STM32/bin/../lib/gcc/arm-none-eabi/12.3.1/../../../../arm-none-eabi/lib/thumb/v7e-m+fp/hard\libc_nano.a(libc_a-fflush.o)
 .ARM.attributes
                0x00000396       0x34 C:/ST/STM32CubeCLT_1.16.0/GNU-tools-for-STM32/bin/../lib/gcc/arm-none-eabi/12.3.1/../../../../arm-none-eabi/lib/thumb/v7e-m+fp/hard\libc_nano.a(libc_a-sbrkr.o)
 .ARM.attributes
                0x000003ca       0x34 CMakeFiles/4_PWM.dir/Core/Src/main.c.obj
 .ARM.attributes
                0x000003fe       0x34 CMakeFiles/4_PWM.dir/Core/Src/stm32f4xx_it.c.obj
 .ARM.attributes
                0x00000432       0x34 CMakeFiles/4_PWM.dir/Drivers/STM32F4xx_HAL_Driver/Src/stm32f4xx_ll_gpio.c.obj
 .ARM.attributes
                0x00000466       0x34 CMakeFiles/4_PWM.dir/Drivers/STM32F4xx_HAL_Driver/Src/stm32f4xx_ll_tim.c.obj
 .ARM.attributes
                0x0000049a       0x34 CMakeFiles/4_PWM.dir/Drivers/STM32F4xx_HAL_Driver/Src/stm32f4xx_ll_rcc.c.obj
 .ARM.attributes
                0x000004ce       0x34 CMakeFiles/4_PWM.dir/Drivers/STM32F4xx_HAL_Driver/Src/stm32f4xx_ll_utils.c.obj
 .ARM.attributes
                0x00000502       0x34 CMakeFiles/4_PWM.dir/Drivers/STM32F4xx_HAL_Driver/Src/stm32f4xx_ll_exti.c.obj
 .ARM.attributes
                0x00000536       0x34 CMakeFiles/4_PWM.dir/Drivers/STM32F4xx_HAL_Driver/Src/stm32f4xx_ll_usart.c.obj
 .ARM.attributes
                0x0000056a       0x34 CMakeFiles/4_PWM.dir/Core/Src/system_stm32f4xx.c.obj
 .ARM.attributes
                0x0000059e       0x34 CMakeFiles/4_PWM.dir/Core/Src/sysmem.c.obj
 .ARM.attributes
                0x000005d2       0x34 CMakeFiles/4_PWM.dir/Core/Src/syscalls.c.obj
 .ARM.attributes
                0x00000606       0x21 CMakeFiles/4_PWM.dir/startup_stm32f407xx.s.obj
 .ARM.attributes
                0x00000627       0x22 C:/ST/STM32CubeCLT_1.16.0/GNU-tools-for-STM32/bin/../lib/gcc/arm-none-eabi/12.3.1/thumb/v7e-m+fp/hard\libgcc.a(_aeabi_uldivmod.o)
 .ARM.attributes
                0x00000649       0x34 C:/ST/STM32CubeCLT_1.16.0/GNU-tools-for-STM32/bin/../lib/gcc/arm-none-eabi/12.3.1/thumb/v7e-m+fp/hard\libgcc.a(_udivmoddi4.o)
 .ARM.attributes
                0x0000067d       0x22 C:/ST/STM32CubeCLT_1.16.0/GNU-tools-for-STM32/bin/../lib/gcc/arm-none-eabi/12.3.1/thumb/v7e-m+fp/hard\libgcc.a(_dvmd_tls.o)
 .ARM.attributes
                0x0000069f       0x34 C:/ST/STM32CubeCLT_1.16.0/GNU-tools-for-STM32/bin/../lib/gcc/arm-none-eabi/12.3.1/../../../../arm-none-eabi/lib/thumb/v7e-m+fp/hard\libg_nano.a(libc_a-puts.o)
 .ARM.attributes
                0x000006d3       0x34 C:/ST/STM32CubeCLT_1.16.0/GNU-tools-for-STM32/bin/../lib/gcc/arm-none-eabi/12.3.1/../../../../arm-none-eabi/lib/thumb/v7e-m+fp/hard\libg_nano.a(libc_a-wbuf.o)
 .ARM.attributes
                0x00000707       0x34 C:/ST/STM32CubeCLT_1.16.0/GNU-tools-for-STM32/bin/../lib/gcc/arm-none-eabi/12.3.1/../../../../arm-none-eabi/lib/thumb/v7e-m+fp/hard\libg_nano.a(libc_a-wsetup.o)
 .ARM.attributes
                0x0000073b       0x34 C:/ST/STM32CubeCLT_1.16.0/GNU-tools-for-STM32/bin/../lib/gcc/arm-none-eabi/12.3.1/../../../../arm-none-eabi/lib/thumb/v7e-m+fp/hard\libg_nano.a(libc_a-errno.o)
 .ARM.attributes
                0x0000076f       0x34 C:/ST/STM32CubeCLT_1.16.0/GNU-tools-for-STM32/bin/../lib/gcc/arm-none-eabi/12.3.1/../../../../arm-none-eabi/lib/thumb/v7e-m+fp/hard\libg_nano.a(libc_a-makebuf.o)
 .ARM.attributes
                0x000007a3       0x34 C:/ST/STM32CubeCLT_1.16.0/GNU-tools-for-STM32/bin/../lib/gcc/arm-none-eabi/12.3.1/../../../../arm-none-eabi/lib/thumb/v7e-m+fp/hard\libg_nano.a(libc_a-fstatr.o)
 .ARM.attributes
                0x000007d7       0x34 C:/ST/STM32CubeCLT_1.16.0/GNU-tools-for-STM32/bin/../lib/gcc/arm-none-eabi/12.3.1/../../../../arm-none-eabi/lib/thumb/v7e-m+fp/hard\libg_nano.a(libc_a-isattyr.o)
 .ARM.attributes
                0x0000080b       0x22 C:/ST/STM32CubeCLT_1.16.0/GNU-tools-for-STM32/bin/../lib/gcc/arm-none-eabi/12.3.1/thumb/v7e-m+fp/hard/crtn.o
OUTPUT(4_PWM.elf elf32-littlearm)
LOAD linker stubs
LOAD C:/ST/STM32CubeCLT_1.16.0/GNU-tools-for-STM32/bin/../lib/gcc/arm-none-eabi/12.3.1/../../../../arm-none-eabi/lib/thumb/v7e-m+fp/hard\libc.a
LOAD C:/ST/STM32CubeCLT_1.16.0/GNU-tools-for-STM32/bin/../lib/gcc/arm-none-eabi/12.3.1/../../../../arm-none-eabi/lib/thumb/v7e-m+fp/hard\libm.a
LOAD C:/ST/STM32CubeCLT_1.16.0/GNU-tools-for-STM32/bin/../lib/gcc/arm-none-eabi/12.3.1/thumb/v7e-m+fp/hard\libgcc.a

.debug_frame    0x00000000     0x2990
 .debug_frame   0x00000000      0x144 C:/ST/STM32CubeCLT_1.16.0/GNU-tools-for-STM32/bin/../lib/gcc/arm-none-eabi/12.3.1/../../../../arm-none-eabi/lib/thumb/v7e-m+fp/hard\libc_nano.a(libc_a-findfp.o)
 .debug_frame   0x00000144       0x34 C:/ST/STM32CubeCLT_1.16.0/GNU-tools-for-STM32/bin/../lib/gcc/arm-none-eabi/12.3.1/../../../../arm-none-eabi/lib/thumb/v7e-m+fp/hard\libc_nano.a(libc_a-fwalk.o)
 .debug_frame   0x00000178       0x88 C:/ST/STM32CubeCLT_1.16.0/GNU-tools-for-STM32/bin/../lib/gcc/arm-none-eabi/12.3.1/../../../../arm-none-eabi/lib/thumb/v7e-m+fp/hard\libc_nano.a(libc_a-stdio.o)
 .debug_frame   0x00000200       0x20 C:/ST/STM32CubeCLT_1.16.0/GNU-tools-for-STM32/bin/../lib/gcc/arm-none-eabi/12.3.1/../../../../arm-none-eabi/lib/thumb/v7e-m+fp/hard\libc_nano.a(libc_a-memset.o)
 .debug_frame   0x00000220       0x2c C:/ST/STM32CubeCLT_1.16.0/GNU-tools-for-STM32/bin/../lib/gcc/arm-none-eabi/12.3.1/../../../../arm-none-eabi/lib/thumb/v7e-m+fp/hard\libc_nano.a(libc_a-closer.o)
 .debug_frame   0x0000024c       0x38 C:/ST/STM32CubeCLT_1.16.0/GNU-tools-for-STM32/bin/../lib/gcc/arm-none-eabi/12.3.1/../../../../arm-none-eabi/lib/thumb/v7e-m+fp/hard\libc_nano.a(libc_a-reent.o)
 .debug_frame   0x00000284       0x2c C:/ST/STM32CubeCLT_1.16.0/GNU-tools-for-STM32/bin/../lib/gcc/arm-none-eabi/12.3.1/../../../../arm-none-eabi/lib/thumb/v7e-m+fp/hard\libc_nano.a(libc_a-lseekr.o)
 .debug_frame   0x000002b0       0x2c C:/ST/STM32CubeCLT_1.16.0/GNU-tools-for-STM32/bin/../lib/gcc/arm-none-eabi/12.3.1/../../../../arm-none-eabi/lib/thumb/v7e-m+fp/hard\libc_nano.a(libc_a-readr.o)
 .debug_frame   0x000002dc       0x2c C:/ST/STM32CubeCLT_1.16.0/GNU-tools-for-STM32/bin/../lib/gcc/arm-none-eabi/12.3.1/../../../../arm-none-eabi/lib/thumb/v7e-m+fp/hard\libc_nano.a(libc_a-writer.o)
 .debug_frame   0x00000308       0x2c C:/ST/STM32CubeCLT_1.16.0/GNU-tools-for-STM32/bin/../lib/gcc/arm-none-eabi/12.3.1/../../../../arm-none-eabi/lib/thumb/v7e-m+fp/hard\libc_nano.a(libc_a-init.o)
 .debug_frame   0x00000334       0xb0 C:/ST/STM32CubeCLT_1.16.0/GNU-tools-for-STM32/bin/../lib/gcc/arm-none-eabi/12.3.1/../../../../arm-none-eabi/lib/thumb/v7e-m+fp/hard\libc_nano.a(libc_a-lock.o)
 .debug_frame   0x000003e4       0x38 C:/ST/STM32CubeCLT_1.16.0/GNU-tools-for-STM32/bin/../lib/gcc/arm-none-eabi/12.3.1/../../../../arm-none-eabi/lib/thumb/v7e-m+fp/hard\libc_nano.a(libc_a-freer.o)
 .debug_frame   0x0000041c       0x50 C:/ST/STM32CubeCLT_1.16.0/GNU-tools-for-STM32/bin/../lib/gcc/arm-none-eabi/12.3.1/../../../../arm-none-eabi/lib/thumb/v7e-m+fp/hard\libc_nano.a(libc_a-mallocr.o)
 .debug_frame   0x0000046c       0x30 C:/ST/STM32CubeCLT_1.16.0/GNU-tools-for-STM32/bin/../lib/gcc/arm-none-eabi/12.3.1/../../../../arm-none-eabi/lib/thumb/v7e-m+fp/hard\libc_nano.a(libc_a-mlock.o)
 .debug_frame   0x0000049c       0x5c C:/ST/STM32CubeCLT_1.16.0/GNU-tools-for-STM32/bin/../lib/gcc/arm-none-eabi/12.3.1/../../../../arm-none-eabi/lib/thumb/v7e-m+fp/hard\libc_nano.a(libc_a-fflush.o)
 .debug_frame   0x000004f8       0x2c C:/ST/STM32CubeCLT_1.16.0/GNU-tools-for-STM32/bin/../lib/gcc/arm-none-eabi/12.3.1/../../../../arm-none-eabi/lib/thumb/v7e-m+fp/hard\libc_nano.a(libc_a-sbrkr.o)
 .debug_frame   0x00000524      0x95c CMakeFiles/4_PWM.dir/Core/Src/main.c.obj
 .debug_frame   0x00000e80      0x2b4 CMakeFiles/4_PWM.dir/Core/Src/stm32f4xx_it.c.obj
 .debug_frame   0x00001134      0x1c0 CMakeFiles/4_PWM.dir/Drivers/STM32F4xx_HAL_Driver/Src/stm32f4xx_ll_gpio.c.obj
 .debug_frame   0x000012f4      0x538 CMakeFiles/4_PWM.dir/Drivers/STM32F4xx_HAL_Driver/Src/stm32f4xx_ll_tim.c.obj
 .debug_frame   0x0000182c      0x460 CMakeFiles/4_PWM.dir/Drivers/STM32F4xx_HAL_Driver/Src/stm32f4xx_ll_rcc.c.obj
 .debug_frame   0x00001c8c      0x3f8 CMakeFiles/4_PWM.dir/Drivers/STM32F4xx_HAL_Driver/Src/stm32f4xx_ll_utils.c.obj
 .debug_frame   0x00002084      0x1bc CMakeFiles/4_PWM.dir/Drivers/STM32F4xx_HAL_Driver/Src/stm32f4xx_ll_exti.c.obj
 .debug_frame   0x00002240      0x240 CMakeFiles/4_PWM.dir/Drivers/STM32F4xx_HAL_Driver/Src/stm32f4xx_ll_usart.c.obj
 .debug_frame   0x00002480       0x58 CMakeFiles/4_PWM.dir/Core/Src/system_stm32f4xx.c.obj
 .debug_frame   0x000024d8       0x34 CMakeFiles/4_PWM.dir/Core/Src/sysmem.c.obj
 .debug_frame   0x0000250c      0x2ac CMakeFiles/4_PWM.dir/Core/Src/syscalls.c.obj
 .debug_frame   0x000027b8       0x2c C:/ST/STM32CubeCLT_1.16.0/GNU-tools-for-STM32/bin/../lib/gcc/arm-none-eabi/12.3.1/thumb/v7e-m+fp/hard\libgcc.a(_aeabi_uldivmod.o)
 .debug_frame   0x000027e4       0x34 C:/ST/STM32CubeCLT_1.16.0/GNU-tools-for-STM32/bin/../lib/gcc/arm-none-eabi/12.3.1/thumb/v7e-m+fp/hard\libgcc.a(_udivmoddi4.o)
 .debug_frame   0x00002818       0x3c C:/ST/STM32CubeCLT_1.16.0/GNU-tools-for-STM32/bin/../lib/gcc/arm-none-eabi/12.3.1/../../../../arm-none-eabi/lib/thumb/v7e-m+fp/hard\libg_nano.a(libc_a-puts.o)
 .debug_frame   0x00002854       0x40 C:/ST/STM32CubeCLT_1.16.0/GNU-tools-for-STM32/bin/../lib/gcc/arm-none-eabi/12.3.1/../../../../arm-none-eabi/lib/thumb/v7e-m+fp/hard\libg_nano.a(libc_a-wbuf.o)
 .debug_frame   0x00002894       0x2c C:/ST/STM32CubeCLT_1.16.0/GNU-tools-for-STM32/bin/../lib/gcc/arm-none-eabi/12.3.1/../../../../arm-none-eabi/lib/thumb/v7e-m+fp/hard\libg_nano.a(libc_a-wsetup.o)
 .debug_frame   0x000028c0       0x20 C:/ST/STM32CubeCLT_1.16.0/GNU-tools-for-STM32/bin/../lib/gcc/arm-none-eabi/12.3.1/../../../../arm-none-eabi/lib/thumb/v7e-m+fp/hard\libg_nano.a(libc_a-errno.o)
 .debug_frame   0x000028e0       0x58 C:/ST/STM32CubeCLT_1.16.0/GNU-tools-for-STM32/bin/../lib/gcc/arm-none-eabi/12.3.1/../../../../arm-none-eabi/lib/thumb/v7e-m+fp/hard\libg_nano.a(libc_a-makebuf.o)
 .debug_frame   0x00002938       0x2c C:/ST/STM32CubeCLT_1.16.0/GNU-tools-for-STM32/bin/../lib/gcc/arm-none-eabi/12.3.1/../../../../arm-none-eabi/lib/thumb/v7e-m+fp/hard\libg_nano.a(libc_a-fstatr.o)
 .debug_frame   0x00002964       0x2c C:/ST/STM32CubeCLT_1.16.0/GNU-tools-for-STM32/bin/../lib/gcc/arm-none-eabi/12.3.1/../../../../arm-none-eabi/lib/thumb/v7e-m+fp/hard\libg_nano.a(libc_a-isattyr.o)

.debug_info     0x00000000     0x9ecb
 .debug_info    0x00000000     0x1ddc CMakeFiles/4_PWM.dir/Core/Src/main.c.obj
 .debug_info    0x00001ddc      0x4a8 CMakeFiles/4_PWM.dir/Core/Src/stm32f4xx_it.c.obj
 .debug_info    0x00002284      0x920 CMakeFiles/4_PWM.dir/Drivers/STM32F4xx_HAL_Driver/Src/stm32f4xx_ll_gpio.c.obj
 .debug_info    0x00002ba4      0xf40 CMakeFiles/4_PWM.dir/Drivers/STM32F4xx_HAL_Driver/Src/stm32f4xx_ll_tim.c.obj
 .debug_info    0x00003ae4      0x744 CMakeFiles/4_PWM.dir/Drivers/STM32F4xx_HAL_Driver/Src/stm32f4xx_ll_rcc.c.obj
 .debug_info    0x00004228      0x8f5 CMakeFiles/4_PWM.dir/Drivers/STM32F4xx_HAL_Driver/Src/stm32f4xx_ll_utils.c.obj
 .debug_info    0x00004b1d      0x330 CMakeFiles/4_PWM.dir/Drivers/STM32F4xx_HAL_Driver/Src/stm32f4xx_ll_exti.c.obj
 .debug_info    0x00004e4d      0x6eb CMakeFiles/4_PWM.dir/Drivers/STM32F4xx_HAL_Driver/Src/stm32f4xx_ll_usart.c.obj
 .debug_info    0x00005538      0x50b CMakeFiles/4_PWM.dir/Core/Src/system_stm32f4xx.c.obj
 .debug_info    0x00005a43      0x168 CMakeFiles/4_PWM.dir/Core/Src/sysmem.c.obj
 .debug_info    0x00005bab      0x6a3 CMakeFiles/4_PWM.dir/Core/Src/syscalls.c.obj
 .debug_info    0x0000624e       0x30 CMakeFiles/4_PWM.dir/startup_stm32f407xx.s.obj
 .debug_info    0x0000627e      0x94a C:/ST/STM32CubeCLT_1.16.0/GNU-tools-for-STM32/bin/../lib/gcc/arm-none-eabi/12.3.1/../../../../arm-none-eabi/lib/thumb/v7e-m+fp/hard\libg_nano.a(libc_a-puts.o)
 .debug_info    0x00006bc8      0x868 C:/ST/STM32CubeCLT_1.16.0/GNU-tools-for-STM32/bin/../lib/gcc/arm-none-eabi/12.3.1/../../../../arm-none-eabi/lib/thumb/v7e-m+fp/hard\libg_nano.a(libc_a-wbuf.o)
 .debug_info    0x00007430      0x7bb C:/ST/STM32CubeCLT_1.16.0/GNU-tools-for-STM32/bin/../lib/gcc/arm-none-eabi/12.3.1/../../../../arm-none-eabi/lib/thumb/v7e-m+fp/hard\libg_nano.a(libc_a-wsetup.o)
 .debug_info    0x00007beb      0x6fb C:/ST/STM32CubeCLT_1.16.0/GNU-tools-for-STM32/bin/../lib/gcc/arm-none-eabi/12.3.1/../../../../arm-none-eabi/lib/thumb/v7e-m+fp/hard\libg_nano.a(libc_a-errno.o)
 .debug_info    0x000082e6      0xb1a C:/ST/STM32CubeCLT_1.16.0/GNU-tools-for-STM32/bin/../lib/gcc/arm-none-eabi/12.3.1/../../../../arm-none-eabi/lib/thumb/v7e-m+fp/hard\libg_nano.a(libc_a-makebuf.o)
 .debug_info    0x00008e00      0x975 C:/ST/STM32CubeCLT_1.16.0/GNU-tools-for-STM32/bin/../lib/gcc/arm-none-eabi/12.3.1/../../../../arm-none-eabi/lib/thumb/v7e-m+fp/hard\libg_nano.a(libc_a-fstatr.o)
 .debug_info    0x00009775      0x756 C:/ST/STM32CubeCLT_1.16.0/GNU-tools-for-STM32/bin/../lib/gcc/arm-none-eabi/12.3.1/../../../../arm-none-eabi/lib/thumb/v7e-m+fp/hard\libg_nano.a(libc_a-isattyr.o)

.debug_abbrev   0x00000000     0x22de
 .debug_abbrev  0x00000000      0x383 CMakeFiles/4_PWM.dir/Core/Src/main.c.obj
 .debug_abbrev  0x00000383      0x1c4 CMakeFiles/4_PWM.dir/Core/Src/stm32f4xx_it.c.obj
 .debug_abbrev  0x00000547      0x237 CMakeFiles/4_PWM.dir/Drivers/STM32F4xx_HAL_Driver/Src/stm32f4xx_ll_gpio.c.obj
 .debug_abbrev  0x0000077e      0x20f CMakeFiles/4_PWM.dir/Drivers/STM32F4xx_HAL_Driver/Src/stm32f4xx_ll_tim.c.obj
 .debug_abbrev  0x0000098d      0x1ed CMakeFiles/4_PWM.dir/Drivers/STM32F4xx_HAL_Driver/Src/stm32f4xx_ll_rcc.c.obj
 .debug_abbrev  0x00000b7a      0x223 CMakeFiles/4_PWM.dir/Drivers/STM32F4xx_HAL_Driver/Src/stm32f4xx_ll_utils.c.obj
 .debug_abbrev  0x00000d9d      0x18a CMakeFiles/4_PWM.dir/Drivers/STM32F4xx_HAL_Driver/Src/stm32f4xx_ll_exti.c.obj
 .debug_abbrev  0x00000f27      0x1f2 CMakeFiles/4_PWM.dir/Drivers/STM32F4xx_HAL_Driver/Src/stm32f4xx_ll_usart.c.obj
 .debug_abbrev  0x00001119      0x11a CMakeFiles/4_PWM.dir/Core/Src/system_stm32f4xx.c.obj
 .debug_abbrev  0x00001233       0xbc CMakeFiles/4_PWM.dir/Core/Src/sysmem.c.obj
 .debug_abbrev  0x000012ef      0x1b6 CMakeFiles/4_PWM.dir/Core/Src/syscalls.c.obj
 .debug_abbrev  0x000014a5       0x24 CMakeFiles/4_PWM.dir/startup_stm32f407xx.s.obj
 .debug_abbrev  0x000014c9      0x2a7 C:/ST/STM32CubeCLT_1.16.0/GNU-tools-for-STM32/bin/../lib/gcc/arm-none-eabi/12.3.1/../../../../arm-none-eabi/lib/thumb/v7e-m+fp/hard\libg_nano.a(libc_a-puts.o)
 .debug_abbrev  0x00001770      0x22d C:/ST/STM32CubeCLT_1.16.0/GNU-tools-for-STM32/bin/../lib/gcc/arm-none-eabi/12.3.1/../../../../arm-none-eabi/lib/thumb/v7e-m+fp/hard\libg_nano.a(libc_a-wbuf.o)
 .debug_abbrev  0x0000199d      0x1e2 C:/ST/STM32CubeCLT_1.16.0/GNU-tools-for-STM32/bin/../lib/gcc/arm-none-eabi/12.3.1/../../../../arm-none-eabi/lib/thumb/v7e-m+fp/hard\libg_nano.a(libc_a-wsetup.o)
 .debug_abbrev  0x00001b7f      0x15e C:/ST/STM32CubeCLT_1.16.0/GNU-tools-for-STM32/bin/../lib/gcc/arm-none-eabi/12.3.1/../../../../arm-none-eabi/lib/thumb/v7e-m+fp/hard\libg_nano.a(libc_a-errno.o)
 .debug_abbrev  0x00001cdd      0x28e C:/ST/STM32CubeCLT_1.16.0/GNU-tools-for-STM32/bin/../lib/gcc/arm-none-eabi/12.3.1/../../../../arm-none-eabi/lib/thumb/v7e-m+fp/hard\libg_nano.a(libc_a-makebuf.o)
 .debug_abbrev  0x00001f6b      0x1c3 C:/ST/STM32CubeCLT_1.16.0/GNU-tools-for-STM32/bin/../lib/gcc/arm-none-eabi/12.3.1/../../../../arm-none-eabi/lib/thumb/v7e-m+fp/hard\libg_nano.a(libc_a-fstatr.o)
 .debug_abbrev  0x0000212e      0x1b0 C:/ST/STM32CubeCLT_1.16.0/GNU-tools-for-STM32/bin/../lib/gcc/arm-none-eabi/12.3.1/../../../../arm-none-eabi/lib/thumb/v7e-m+fp/hard\libg_nano.a(libc_a-isattyr.o)

.debug_aranges  0x00000000      0x988
 .debug_aranges
                0x00000000      0x210 CMakeFiles/4_PWM.dir/Core/Src/main.c.obj
 .debug_aranges
                0x00000210       0xc8 CMakeFiles/4_PWM.dir/Core/Src/stm32f4xx_it.c.obj
 .debug_aranges
                0x000002d8       0x70 CMakeFiles/4_PWM.dir/Drivers/STM32F4xx_HAL_Driver/Src/stm32f4xx_ll_gpio.c.obj
 .debug_aranges
                0x00000348      0x128 CMakeFiles/4_PWM.dir/Drivers/STM32F4xx_HAL_Driver/Src/stm32f4xx_ll_tim.c.obj
 .debug_aranges
                0x00000470      0x118 CMakeFiles/4_PWM.dir/Drivers/STM32F4xx_HAL_Driver/Src/stm32f4xx_ll_rcc.c.obj
 .debug_aranges
                0x00000588       0xf8 CMakeFiles/4_PWM.dir/Drivers/STM32F4xx_HAL_Driver/Src/stm32f4xx_ll_utils.c.obj
 .debug_aranges
                0x00000680       0x70 CMakeFiles/4_PWM.dir/Drivers/STM32F4xx_HAL_Driver/Src/stm32f4xx_ll_exti.c.obj
 .debug_aranges
                0x000006f0       0x88 CMakeFiles/4_PWM.dir/Drivers/STM32F4xx_HAL_Driver/Src/stm32f4xx_ll_usart.c.obj
 .debug_aranges
                0x00000778       0x28 CMakeFiles/4_PWM.dir/Core/Src/system_stm32f4xx.c.obj
 .debug_aranges
                0x000007a0       0x20 CMakeFiles/4_PWM.dir/Core/Src/sysmem.c.obj
 .debug_aranges
                0x000007c0       0xa8 CMakeFiles/4_PWM.dir/Core/Src/syscalls.c.obj
 .debug_aranges
                0x00000868       0x28 CMakeFiles/4_PWM.dir/startup_stm32f407xx.s.obj
 .debug_aranges
                0x00000890       0x28 C:/ST/STM32CubeCLT_1.16.0/GNU-tools-for-STM32/bin/../lib/gcc/arm-none-eabi/12.3.1/../../../../arm-none-eabi/lib/thumb/v7e-m+fp/hard\libg_nano.a(libc_a-puts.o)
 .debug_aranges
                0x000008b8       0x28 C:/ST/STM32CubeCLT_1.16.0/GNU-tools-for-STM32/bin/../lib/gcc/arm-none-eabi/12.3.1/../../../../arm-none-eabi/lib/thumb/v7e-m+fp/hard\libg_nano.a(libc_a-wbuf.o)
 .debug_aranges
                0x000008e0       0x20 C:/ST/STM32CubeCLT_1.16.0/GNU-tools-for-STM32/bin/../lib/gcc/arm-none-eabi/12.3.1/../../../../arm-none-eabi/lib/thumb/v7e-m+fp/hard\libg_nano.a(libc_a-wsetup.o)
 .debug_aranges
                0x00000900       0x20 C:/ST/STM32CubeCLT_1.16.0/GNU-tools-for-STM32/bin/../lib/gcc/arm-none-eabi/12.3.1/../../../../arm-none-eabi/lib/thumb/v7e-m+fp/hard\libg_nano.a(libc_a-errno.o)
 .debug_aranges
                0x00000920       0x28 C:/ST/STM32CubeCLT_1.16.0/GNU-tools-for-STM32/bin/../lib/gcc/arm-none-eabi/12.3.1/../../../../arm-none-eabi/lib/thumb/v7e-m+fp/hard\libg_nano.a(libc_a-makebuf.o)
 .debug_aranges
                0x00000948       0x20 C:/ST/STM32CubeCLT_1.16.0/GNU-tools-for-STM32/bin/../lib/gcc/arm-none-eabi/12.3.1/../../../../arm-none-eabi/lib/thumb/v7e-m+fp/hard\libg_nano.a(libc_a-fstatr.o)
 .debug_aranges
                0x00000968       0x20 C:/ST/STM32CubeCLT_1.16.0/GNU-tools-for-STM32/bin/../lib/gcc/arm-none-eabi/12.3.1/../../../../arm-none-eabi/lib/thumb/v7e-m+fp/hard\libg_nano.a(libc_a-isattyr.o)

.debug_rnglists
                0x00000000      0x730
 .debug_rnglists
                0x00000000      0x190 CMakeFiles/4_PWM.dir/Core/Src/main.c.obj
 .debug_rnglists
                0x00000190       0x91 CMakeFiles/4_PWM.dir/Core/Src/stm32f4xx_it.c.obj
 .debug_rnglists
                0x00000221       0x51 CMakeFiles/4_PWM.dir/Drivers/STM32F4xx_HAL_Driver/Src/stm32f4xx_ll_gpio.c.obj
 .debug_rnglists
                0x00000272       0xe4 CMakeFiles/4_PWM.dir/Drivers/STM32F4xx_HAL_Driver/Src/stm32f4xx_ll_tim.c.obj
 .debug_rnglists
                0x00000356       0xce CMakeFiles/4_PWM.dir/Drivers/STM32F4xx_HAL_Driver/Src/stm32f4xx_ll_rcc.c.obj
 .debug_rnglists
                0x00000424       0xb8 CMakeFiles/4_PWM.dir/Drivers/STM32F4xx_HAL_Driver/Src/stm32f4xx_ll_utils.c.obj
 .debug_rnglists
                0x000004dc       0x50 CMakeFiles/4_PWM.dir/Drivers/STM32F4xx_HAL_Driver/Src/stm32f4xx_ll_exti.c.obj
 .debug_rnglists
                0x0000052c       0x64 CMakeFiles/4_PWM.dir/Drivers/STM32F4xx_HAL_Driver/Src/stm32f4xx_ll_usart.c.obj
 .debug_rnglists
                0x00000590       0x1a CMakeFiles/4_PWM.dir/Core/Src/system_stm32f4xx.c.obj
 .debug_rnglists
                0x000005aa       0x13 CMakeFiles/4_PWM.dir/Core/Src/sysmem.c.obj
 .debug_rnglists
                0x000005bd       0x79 CMakeFiles/4_PWM.dir/Core/Src/syscalls.c.obj
 .debug_rnglists
                0x00000636       0x19 CMakeFiles/4_PWM.dir/startup_stm32f407xx.s.obj
 .debug_rnglists
                0x0000064f       0x44 C:/ST/STM32CubeCLT_1.16.0/GNU-tools-for-STM32/bin/../lib/gcc/arm-none-eabi/12.3.1/../../../../arm-none-eabi/lib/thumb/v7e-m+fp/hard\libg_nano.a(libc_a-puts.o)
 .debug_rnglists
                0x00000693       0x25 C:/ST/STM32CubeCLT_1.16.0/GNU-tools-for-STM32/bin/../lib/gcc/arm-none-eabi/12.3.1/../../../../arm-none-eabi/lib/thumb/v7e-m+fp/hard\libg_nano.a(libc_a-wbuf.o)
 .debug_rnglists
                0x000006b8       0x26 C:/ST/STM32CubeCLT_1.16.0/GNU-tools-for-STM32/bin/../lib/gcc/arm-none-eabi/12.3.1/../../../../arm-none-eabi/lib/thumb/v7e-m+fp/hard\libg_nano.a(libc_a-wsetup.o)
 .debug_rnglists
                0x000006de       0x13 C:/ST/STM32CubeCLT_1.16.0/GNU-tools-for-STM32/bin/../lib/gcc/arm-none-eabi/12.3.1/../../../../arm-none-eabi/lib/thumb/v7e-m+fp/hard\libg_nano.a(libc_a-errno.o)
 .debug_rnglists
                0x000006f1       0x19 C:/ST/STM32CubeCLT_1.16.0/GNU-tools-for-STM32/bin/../lib/gcc/arm-none-eabi/12.3.1/../../../../arm-none-eabi/lib/thumb/v7e-m+fp/hard\libg_nano.a(libc_a-makebuf.o)
 .debug_rnglists
                0x0000070a       0x13 C:/ST/STM32CubeCLT_1.16.0/GNU-tools-for-STM32/bin/../lib/gcc/arm-none-eabi/12.3.1/../../../../arm-none-eabi/lib/thumb/v7e-m+fp/hard\libg_nano.a(libc_a-fstatr.o)
 .debug_rnglists
                0x0000071d       0x13 C:/ST/STM32CubeCLT_1.16.0/GNU-tools-for-STM32/bin/../lib/gcc/arm-none-eabi/12.3.1/../../../../arm-none-eabi/lib/thumb/v7e-m+fp/hard\libg_nano.a(libc_a-isattyr.o)

.debug_macro    0x00000000    0x1d467
 .debug_macro   0x00000000      0x214 CMakeFiles/4_PWM.dir/Core/Src/main.c.obj
 .debug_macro   0x00000214      0xaf6 CMakeFiles/4_PWM.dir/Core/Src/main.c.obj
 .debug_macro   0x00000d0a       0x2e CMakeFiles/4_PWM.dir/Core/Src/main.c.obj
 .debug_macro   0x00000d38       0x2f CMakeFiles/4_PWM.dir/Core/Src/main.c.obj
 .debug_macro   0x00000d67       0x22 CMakeFiles/4_PWM.dir/Core/Src/main.c.obj
 .debug_macro   0x00000d89       0x8e CMakeFiles/4_PWM.dir/Core/Src/main.c.obj
 .debug_macro   0x00000e17       0x51 CMakeFiles/4_PWM.dir/Core/Src/main.c.obj
 .debug_macro   0x00000e68      0x103 CMakeFiles/4_PWM.dir/Core/Src/main.c.obj
 .debug_macro   0x00000f6b       0x6a CMakeFiles/4_PWM.dir/Core/Src/main.c.obj
 .debug_macro   0x00000fd5      0x1df CMakeFiles/4_PWM.dir/Core/Src/main.c.obj
 .debug_macro   0x000011b4       0x1c CMakeFiles/4_PWM.dir/Core/Src/main.c.obj
 .debug_macro   0x000011d0       0x22 CMakeFiles/4_PWM.dir/Core/Src/main.c.obj
 .debug_macro   0x000011f2       0xfb CMakeFiles/4_PWM.dir/Core/Src/main.c.obj
 .debug_macro   0x000012ed     0x1011 CMakeFiles/4_PWM.dir/Core/Src/main.c.obj
 .debug_macro   0x000022fe      0x11f CMakeFiles/4_PWM.dir/Core/Src/main.c.obj
 .debug_macro   0x0000241d    0x15e97 CMakeFiles/4_PWM.dir/Core/Src/main.c.obj
 .debug_macro   0x000182b4       0x6d CMakeFiles/4_PWM.dir/Core/Src/main.c.obj
 .debug_macro   0x00018321      0x1e0 CMakeFiles/4_PWM.dir/Core/Src/main.c.obj
 .debug_macro   0x00018501      0x781 CMakeFiles/4_PWM.dir/Core/Src/main.c.obj
 .debug_macro   0x00018c82      0x1d5 CMakeFiles/4_PWM.dir/Core/Src/main.c.obj
 .debug_macro   0x00018e57      0x20a CMakeFiles/4_PWM.dir/Core/Src/main.c.obj
 .debug_macro   0x00019061       0xe8 CMakeFiles/4_PWM.dir/Core/Src/main.c.obj
 .debug_macro   0x00019149      0x1a6 CMakeFiles/4_PWM.dir/Core/Src/main.c.obj
 .debug_macro   0x000192ef       0x61 CMakeFiles/4_PWM.dir/Core/Src/main.c.obj
 .debug_macro   0x00019350       0xaa CMakeFiles/4_PWM.dir/Core/Src/main.c.obj
 .debug_macro   0x000193fa      0x5f3 CMakeFiles/4_PWM.dir/Core/Src/main.c.obj
 .debug_macro   0x000199ed      0x1bb CMakeFiles/4_PWM.dir/Core/Src/main.c.obj
 .debug_macro   0x00019ba8      0x149 CMakeFiles/4_PWM.dir/Core/Src/main.c.obj
 .debug_macro   0x00019cf1       0x22 CMakeFiles/4_PWM.dir/Core/Src/main.c.obj
 .debug_macro   0x00019d13       0x74 CMakeFiles/4_PWM.dir/Core/Src/main.c.obj
 .debug_macro   0x00019d87       0x2a CMakeFiles/4_PWM.dir/Core/Src/main.c.obj
 .debug_macro   0x00019db1       0x3c CMakeFiles/4_PWM.dir/Core/Src/main.c.obj
 .debug_macro   0x00019ded       0x34 CMakeFiles/4_PWM.dir/Core/Src/main.c.obj
 .debug_macro   0x00019e21       0x16 CMakeFiles/4_PWM.dir/Core/Src/main.c.obj
 .debug_macro   0x00019e37       0x9e CMakeFiles/4_PWM.dir/Core/Src/main.c.obj
 .debug_macro   0x00019ed5      0x369 CMakeFiles/4_PWM.dir/Core/Src/main.c.obj
 .debug_macro   0x0001a23e      0x10b CMakeFiles/4_PWM.dir/Core/Src/main.c.obj
 .debug_macro   0x0001a349       0x10 CMakeFiles/4_PWM.dir/Core/Src/main.c.obj
 .debug_macro   0x0001a359       0x16 CMakeFiles/4_PWM.dir/Core/Src/main.c.obj
 .debug_macro   0x0001a36f       0x43 CMakeFiles/4_PWM.dir/Core/Src/main.c.obj
 .debug_macro   0x0001a3b2       0x34 CMakeFiles/4_PWM.dir/Core/Src/main.c.obj
 .debug_macro   0x0001a3e6       0x10 CMakeFiles/4_PWM.dir/Core/Src/main.c.obj
 .debug_macro   0x0001a3f6       0x58 CMakeFiles/4_PWM.dir/Core/Src/main.c.obj
 .debug_macro   0x0001a44e      0x1de CMakeFiles/4_PWM.dir/Core/Src/main.c.obj
 .debug_macro   0x0001a62c       0x16 CMakeFiles/4_PWM.dir/Core/Src/main.c.obj
 .debug_macro   0x0001a642       0x16 CMakeFiles/4_PWM.dir/Core/Src/main.c.obj
 .debug_macro   0x0001a658      0x170 CMakeFiles/4_PWM.dir/Core/Src/main.c.obj
 .debug_macro   0x0001a7c8      0x150 CMakeFiles/4_PWM.dir/Core/Src/stm32f4xx_it.c.obj
 .debug_macro   0x0001a918      0x110 CMakeFiles/4_PWM.dir/Drivers/STM32F4xx_HAL_Driver/Src/stm32f4xx_ll_gpio.c.obj
 .debug_macro   0x0001aa28      0x143 CMakeFiles/4_PWM.dir/Drivers/STM32F4xx_HAL_Driver/Src/stm32f4xx_ll_gpio.c.obj
 .debug_macro   0x0001ab6b      0x159 CMakeFiles/4_PWM.dir/Drivers/STM32F4xx_HAL_Driver/Src/stm32f4xx_ll_tim.c.obj
 .debug_macro   0x0001acc4      0x5ed CMakeFiles/4_PWM.dir/Drivers/STM32F4xx_HAL_Driver/Src/stm32f4xx_ll_tim.c.obj
 .debug_macro   0x0001b2b1       0xfb CMakeFiles/4_PWM.dir/Drivers/STM32F4xx_HAL_Driver/Src/stm32f4xx_ll_rcc.c.obj
 .debug_macro   0x0001b3ac      0x77b CMakeFiles/4_PWM.dir/Drivers/STM32F4xx_HAL_Driver/Src/stm32f4xx_ll_rcc.c.obj
 .debug_macro   0x0001bb27      0x1ae CMakeFiles/4_PWM.dir/Drivers/STM32F4xx_HAL_Driver/Src/stm32f4xx_ll_utils.c.obj
 .debug_macro   0x0001bcd5       0x5b CMakeFiles/4_PWM.dir/Drivers/STM32F4xx_HAL_Driver/Src/stm32f4xx_ll_utils.c.obj
 .debug_macro   0x0001bd30       0xf5 CMakeFiles/4_PWM.dir/Drivers/STM32F4xx_HAL_Driver/Src/stm32f4xx_ll_exti.c.obj
 .debug_macro   0x0001be25       0xe2 CMakeFiles/4_PWM.dir/Drivers/STM32F4xx_HAL_Driver/Src/stm32f4xx_ll_exti.c.obj
 .debug_macro   0x0001bf07      0x13d CMakeFiles/4_PWM.dir/Drivers/STM32F4xx_HAL_Driver/Src/stm32f4xx_ll_usart.c.obj
 .debug_macro   0x0001c044      0x1b5 CMakeFiles/4_PWM.dir/Drivers/STM32F4xx_HAL_Driver/Src/stm32f4xx_ll_usart.c.obj
 .debug_macro   0x0001c1f9       0xce CMakeFiles/4_PWM.dir/Core/Src/system_stm32f4xx.c.obj
 .debug_macro   0x0001c2c7       0xec CMakeFiles/4_PWM.dir/Core/Src/sysmem.c.obj
 .debug_macro   0x0001c3b3       0x10 CMakeFiles/4_PWM.dir/Core/Src/sysmem.c.obj
 .debug_macro   0x0001c3c3       0x6e CMakeFiles/4_PWM.dir/Core/Src/sysmem.c.obj
 .debug_macro   0x0001c431       0x94 CMakeFiles/4_PWM.dir/Core/Src/sysmem.c.obj
 .debug_macro   0x0001c4c5      0x189 CMakeFiles/4_PWM.dir/Core/Src/sysmem.c.obj
 .debug_macro   0x0001c64e       0x57 CMakeFiles/4_PWM.dir/Core/Src/sysmem.c.obj
 .debug_macro   0x0001c6a5      0x23c CMakeFiles/4_PWM.dir/Core/Src/sysmem.c.obj
 .debug_macro   0x0001c8e1      0x265 CMakeFiles/4_PWM.dir/Core/Src/syscalls.c.obj
 .debug_macro   0x0001cb46       0x10 CMakeFiles/4_PWM.dir/Core/Src/syscalls.c.obj
 .debug_macro   0x0001cb56       0x35 CMakeFiles/4_PWM.dir/Core/Src/syscalls.c.obj
 .debug_macro   0x0001cb8b       0x10 CMakeFiles/4_PWM.dir/Core/Src/syscalls.c.obj
 .debug_macro   0x0001cb9b       0x10 CMakeFiles/4_PWM.dir/Core/Src/syscalls.c.obj
 .debug_macro   0x0001cbab       0x10 CMakeFiles/4_PWM.dir/Core/Src/syscalls.c.obj
 .debug_macro   0x0001cbbb       0x1c CMakeFiles/4_PWM.dir/Core/Src/syscalls.c.obj
 .debug_macro   0x0001cbd7       0x52 CMakeFiles/4_PWM.dir/Core/Src/syscalls.c.obj
 .debug_macro   0x0001cc29       0x22 CMakeFiles/4_PWM.dir/Core/Src/syscalls.c.obj
 .debug_macro   0x0001cc4b       0x10 CMakeFiles/4_PWM.dir/Core/Src/syscalls.c.obj
 .debug_macro   0x0001cc5b       0x52 CMakeFiles/4_PWM.dir/Core/Src/syscalls.c.obj
 .debug_macro   0x0001ccad       0xcf CMakeFiles/4_PWM.dir/Core/Src/syscalls.c.obj
 .debug_macro   0x0001cd7c       0x1c CMakeFiles/4_PWM.dir/Core/Src/syscalls.c.obj
 .debug_macro   0x0001cd98       0x3d CMakeFiles/4_PWM.dir/Core/Src/syscalls.c.obj
 .debug_macro   0x0001cdd5       0x35 CMakeFiles/4_PWM.dir/Core/Src/syscalls.c.obj
 .debug_macro   0x0001ce0a      0x12c CMakeFiles/4_PWM.dir/Core/Src/syscalls.c.obj
 .debug_macro   0x0001cf36       0x16 CMakeFiles/4_PWM.dir/Core/Src/syscalls.c.obj
 .debug_macro   0x0001cf4c       0x16 CMakeFiles/4_PWM.dir/Core/Src/syscalls.c.obj
 .debug_macro   0x0001cf62       0x29 CMakeFiles/4_PWM.dir/Core/Src/syscalls.c.obj
 .debug_macro   0x0001cf8b      0x242 CMakeFiles/4_PWM.dir/Core/Src/syscalls.c.obj
 .debug_macro   0x0001d1cd       0x1c CMakeFiles/4_PWM.dir/Core/Src/syscalls.c.obj
 .debug_macro   0x0001d1e9       0x10 CMakeFiles/4_PWM.dir/Core/Src/syscalls.c.obj
 .debug_macro   0x0001d1f9      0x18a CMakeFiles/4_PWM.dir/Core/Src/syscalls.c.obj
 .debug_macro   0x0001d383       0x16 CMakeFiles/4_PWM.dir/Core/Src/syscalls.c.obj
 .debug_macro   0x0001d399       0xce CMakeFiles/4_PWM.dir/Core/Src/syscalls.c.obj

.debug_line     0x00000000     0x6ce9
 .debug_line    0x00000000     0x1132 CMakeFiles/4_PWM.dir/Core/Src/main.c.obj
 .debug_line    0x00001132      0x7f9 CMakeFiles/4_PWM.dir/Core/Src/stm32f4xx_it.c.obj
 .debug_line    0x0000192b      0x7bb CMakeFiles/4_PWM.dir/Drivers/STM32F4xx_HAL_Driver/Src/stm32f4xx_ll_gpio.c.obj
 .debug_line    0x000020e6      0xadd CMakeFiles/4_PWM.dir/Drivers/STM32F4xx_HAL_Driver/Src/stm32f4xx_ll_tim.c.obj
 .debug_line    0x00002bc3      0x906 CMakeFiles/4_PWM.dir/Drivers/STM32F4xx_HAL_Driver/Src/stm32f4xx_ll_rcc.c.obj
 .debug_line    0x000034c9      0x981 CMakeFiles/4_PWM.dir/Drivers/STM32F4xx_HAL_Driver/Src/stm32f4xx_ll_utils.c.obj
 .debug_line    0x00003e4a      0x5e9 CMakeFiles/4_PWM.dir/Drivers/STM32F4xx_HAL_Driver/Src/stm32f4xx_ll_exti.c.obj
 .debug_line    0x00004433      0x6dd CMakeFiles/4_PWM.dir/Drivers/STM32F4xx_HAL_Driver/Src/stm32f4xx_ll_usart.c.obj
 .debug_line    0x00004b10      0x48f CMakeFiles/4_PWM.dir/Core/Src/system_stm32f4xx.c.obj
 .debug_line    0x00004f9f      0x347 CMakeFiles/4_PWM.dir/Core/Src/sysmem.c.obj
 .debug_line    0x000052e6      0x676 CMakeFiles/4_PWM.dir/Core/Src/syscalls.c.obj
 .debug_line    0x0000595c       0x7a CMakeFiles/4_PWM.dir/startup_stm32f407xx.s.obj
 .debug_line    0x000059d6      0x339 C:/ST/STM32CubeCLT_1.16.0/GNU-tools-for-STM32/bin/../lib/gcc/arm-none-eabi/12.3.1/../../../../arm-none-eabi/lib/thumb/v7e-m+fp/hard\libg_nano.a(libc_a-puts.o)
 .debug_line    0x00005d0f      0x2d4 C:/ST/STM32CubeCLT_1.16.0/GNU-tools-for-STM32/bin/../lib/gcc/arm-none-eabi/12.3.1/../../../../arm-none-eabi/lib/thumb/v7e-m+fp/hard\libg_nano.a(libc_a-wbuf.o)
 .debug_line    0x00005fe3      0x304 C:/ST/STM32CubeCLT_1.16.0/GNU-tools-for-STM32/bin/../lib/gcc/arm-none-eabi/12.3.1/../../../../arm-none-eabi/lib/thumb/v7e-m+fp/hard\libg_nano.a(libc_a-wsetup.o)
 .debug_line    0x000062e7      0x185 C:/ST/STM32CubeCLT_1.16.0/GNU-tools-for-STM32/bin/../lib/gcc/arm-none-eabi/12.3.1/../../../../arm-none-eabi/lib/thumb/v7e-m+fp/hard\libg_nano.a(libc_a-errno.o)
 .debug_line    0x0000646c      0x3b2 C:/ST/STM32CubeCLT_1.16.0/GNU-tools-for-STM32/bin/../lib/gcc/arm-none-eabi/12.3.1/../../../../arm-none-eabi/lib/thumb/v7e-m+fp/hard\libg_nano.a(libc_a-makebuf.o)
 .debug_line    0x0000681e      0x2af C:/ST/STM32CubeCLT_1.16.0/GNU-tools-for-STM32/bin/../lib/gcc/arm-none-eabi/12.3.1/../../../../arm-none-eabi/lib/thumb/v7e-m+fp/hard\libg_nano.a(libc_a-fstatr.o)
 .debug_line    0x00006acd      0x21c C:/ST/STM32CubeCLT_1.16.0/GNU-tools-for-STM32/bin/../lib/gcc/arm-none-eabi/12.3.1/../../../../arm-none-eabi/lib/thumb/v7e-m+fp/hard\libg_nano.a(libc_a-isattyr.o)

.debug_str      0x00000000    0xa0468
 .debug_str     0x00000000    0x998e7 CMakeFiles/4_PWM.dir/Core/Src/main.c.obj
                              0x99c1f (size before relaxing)
 .debug_str     0x000998e7      0x218 CMakeFiles/4_PWM.dir/Core/Src/stm32f4xx_it.c.obj
                              0x95801 (size before relaxing)
 .debug_str     0x00099aff      0x681 CMakeFiles/4_PWM.dir/Drivers/STM32F4xx_HAL_Driver/Src/stm32f4xx_ll_gpio.c.obj
                              0x8a096 (size before relaxing)
 .debug_str     0x0009a180     0x126f CMakeFiles/4_PWM.dir/Drivers/STM32F4xx_HAL_Driver/Src/stm32f4xx_ll_tim.c.obj
                              0x8d7a0 (size before relaxing)
 .debug_str     0x0009b3ef      0x580 CMakeFiles/4_PWM.dir/Drivers/STM32F4xx_HAL_Driver/Src/stm32f4xx_ll_rcc.c.obj
                              0x8cb82 (size before relaxing)
 .debug_str     0x0009b96f     0x165e CMakeFiles/4_PWM.dir/Drivers/STM32F4xx_HAL_Driver/Src/stm32f4xx_ll_utils.c.obj
                              0x8f318 (size before relaxing)
 .debug_str     0x0009cfcd      0x317 CMakeFiles/4_PWM.dir/Drivers/STM32F4xx_HAL_Driver/Src/stm32f4xx_ll_exti.c.obj
                              0x88d16 (size before relaxing)
 .debug_str     0x0009d2e4      0x805 CMakeFiles/4_PWM.dir/Drivers/STM32F4xx_HAL_Driver/Src/stm32f4xx_ll_usart.c.obj
                              0x8e9c4 (size before relaxing)
 .debug_str     0x0009dae9       0x7b CMakeFiles/4_PWM.dir/Core/Src/system_stm32f4xx.c.obj
                              0x88670 (size before relaxing)
 .debug_str     0x0009db64      0x506 CMakeFiles/4_PWM.dir/Core/Src/sysmem.c.obj
                               0x5bf2 (size before relaxing)
 .debug_str     0x0009e06a     0x1c64 CMakeFiles/4_PWM.dir/Core/Src/syscalls.c.obj
                               0x947f (size before relaxing)
 .debug_str     0x0009fcce       0x5f CMakeFiles/4_PWM.dir/startup_stm32f407xx.s.obj
                                 0x98 (size before relaxing)
 .debug_str     0x0009fd2d      0x4b7 C:/ST/STM32CubeCLT_1.16.0/GNU-tools-for-STM32/bin/../lib/gcc/arm-none-eabi/12.3.1/../../../../arm-none-eabi/lib/thumb/v7e-m+fp/hard\libg_nano.a(libc_a-puts.o)
                                0x5bc (size before relaxing)
 .debug_str     0x000a01e4       0x69 C:/ST/STM32CubeCLT_1.16.0/GNU-tools-for-STM32/bin/../lib/gcc/arm-none-eabi/12.3.1/../../../../arm-none-eabi/lib/thumb/v7e-m+fp/hard\libg_nano.a(libc_a-wbuf.o)
                                0x567 (size before relaxing)
 .debug_str     0x000a024d       0x6e C:/ST/STM32CubeCLT_1.16.0/GNU-tools-for-STM32/bin/../lib/gcc/arm-none-eabi/12.3.1/../../../../arm-none-eabi/lib/thumb/v7e-m+fp/hard\libg_nano.a(libc_a-wsetup.o)
                                0x562 (size before relaxing)
 .debug_str     0x000a02bb       0x58 C:/ST/STM32CubeCLT_1.16.0/GNU-tools-for-STM32/bin/../lib/gcc/arm-none-eabi/12.3.1/../../../../arm-none-eabi/lib/thumb/v7e-m+fp/hard\libg_nano.a(libc_a-errno.o)
                                0x52b (size before relaxing)
 .debug_str     0x000a0313       0x9c C:/ST/STM32CubeCLT_1.16.0/GNU-tools-for-STM32/bin/../lib/gcc/arm-none-eabi/12.3.1/../../../../arm-none-eabi/lib/thumb/v7e-m+fp/hard\libg_nano.a(libc_a-makebuf.o)
                                0x6c4 (size before relaxing)
 .debug_str     0x000a03af       0x5f C:/ST/STM32CubeCLT_1.16.0/GNU-tools-for-STM32/bin/../lib/gcc/arm-none-eabi/12.3.1/../../../../arm-none-eabi/lib/thumb/v7e-m+fp/hard\libg_nano.a(libc_a-fstatr.o)
                                0x679 (size before relaxing)
 .debug_str     0x000a040e       0x5a C:/ST/STM32CubeCLT_1.16.0/GNU-tools-for-STM32/bin/../lib/gcc/arm-none-eabi/12.3.1/../../../../arm-none-eabi/lib/thumb/v7e-m+fp/hard\libg_nano.a(libc_a-isattyr.o)
                                0x531 (size before relaxing)

.comment        0x00000000       0x43
 .comment       0x00000000       0x43 CMakeFiles/4_PWM.dir/Core/Src/main.c.obj
                                 0x44 (size before relaxing)
 .comment       0x00000043       0x44 CMakeFiles/4_PWM.dir/Core/Src/stm32f4xx_it.c.obj
 .comment       0x00000043       0x44 CMakeFiles/4_PWM.dir/Drivers/STM32F4xx_HAL_Driver/Src/stm32f4xx_ll_gpio.c.obj
 .comment       0x00000043       0x44 CMakeFiles/4_PWM.dir/Drivers/STM32F4xx_HAL_Driver/Src/stm32f4xx_ll_tim.c.obj
 .comment       0x00000043       0x44 CMakeFiles/4_PWM.dir/Drivers/STM32F4xx_HAL_Driver/Src/stm32f4xx_ll_rcc.c.obj
 .comment       0x00000043       0x44 CMakeFiles/4_PWM.dir/Drivers/STM32F4xx_HAL_Driver/Src/stm32f4xx_ll_utils.c.obj
 .comment       0x00000043       0x44 CMakeFiles/4_PWM.dir/Drivers/STM32F4xx_HAL_Driver/Src/stm32f4xx_ll_exti.c.obj
 .comment       0x00000043       0x44 CMakeFiles/4_PWM.dir/Drivers/STM32F4xx_HAL_Driver/Src/stm32f4xx_ll_usart.c.obj
 .comment       0x00000043       0x44 CMakeFiles/4_PWM.dir/Core/Src/system_stm32f4xx.c.obj
 .comment       0x00000043       0x44 CMakeFiles/4_PWM.dir/Core/Src/sysmem.c.obj
 .comment       0x00000043       0x44 CMakeFiles/4_PWM.dir/Core/Src/syscalls.c.obj
 .comment       0x00000043       0x44 C:/ST/STM32CubeCLT_1.16.0/GNU-tools-for-STM32/bin/../lib/gcc/arm-none-eabi/12.3.1/../../../../arm-none-eabi/lib/thumb/v7e-m+fp/hard\libg_nano.a(libc_a-puts.o)
 .comment       0x00000043       0x44 C:/ST/STM32CubeCLT_1.16.0/GNU-tools-for-STM32/bin/../lib/gcc/arm-none-eabi/12.3.1/../../../../arm-none-eabi/lib/thumb/v7e-m+fp/hard\libg_nano.a(libc_a-wbuf.o)
 .comment       0x00000043       0x44 C:/ST/STM32CubeCLT_1.16.0/GNU-tools-for-STM32/bin/../lib/gcc/arm-none-eabi/12.3.1/../../../../arm-none-eabi/lib/thumb/v7e-m+fp/hard\libg_nano.a(libc_a-wsetup.o)
 .comment       0x00000043       0x44 C:/ST/STM32CubeCLT_1.16.0/GNU-tools-for-STM32/bin/../lib/gcc/arm-none-eabi/12.3.1/../../../../arm-none-eabi/lib/thumb/v7e-m+fp/hard\libg_nano.a(libc_a-errno.o)
 .comment       0x00000043       0x44 C:/ST/STM32CubeCLT_1.16.0/GNU-tools-for-STM32/bin/../lib/gcc/arm-none-eabi/12.3.1/../../../../arm-none-eabi/lib/thumb/v7e-m+fp/hard\libg_nano.a(libc_a-makebuf.o)
 .comment       0x00000043       0x44 C:/ST/STM32CubeCLT_1.16.0/GNU-tools-for-STM32/bin/../lib/gcc/arm-none-eabi/12.3.1/../../../../arm-none-eabi/lib/thumb/v7e-m+fp/hard\libg_nano.a(libc_a-fstatr.o)
 .comment       0x00000043       0x44 C:/ST/STM32CubeCLT_1.16.0/GNU-tools-for-STM32/bin/../lib/gcc/arm-none-eabi/12.3.1/../../../../arm-none-eabi/lib/thumb/v7e-m+fp/hard\libg_nano.a(libc_a-isattyr.o)

.debug_line_str
                0x00000000       0x7c
 .debug_line_str
                0x00000000       0x7c CMakeFiles/4_PWM.dir/startup_stm32f407xx.s.obj

.debug_loclists
                0x00000000      0x4c6
 .debug_loclists
                0x00000000      0x1cf C:/ST/STM32CubeCLT_1.16.0/GNU-tools-for-STM32/bin/../lib/gcc/arm-none-eabi/12.3.1/../../../../arm-none-eabi/lib/thumb/v7e-m+fp/hard\libg_nano.a(libc_a-puts.o)
 .debug_loclists
                0x000001cf       0xe3 C:/ST/STM32CubeCLT_1.16.0/GNU-tools-for-STM32/bin/../lib/gcc/arm-none-eabi/12.3.1/../../../../arm-none-eabi/lib/thumb/v7e-m+fp/hard\libg_nano.a(libc_a-wbuf.o)
 .debug_loclists
                0x000002b2       0x41 C:/ST/STM32CubeCLT_1.16.0/GNU-tools-for-STM32/bin/../lib/gcc/arm-none-eabi/12.3.1/../../../../arm-none-eabi/lib/thumb/v7e-m+fp/hard\libg_nano.a(libc_a-wsetup.o)
 .debug_loclists
                0x000002f3      0x11d C:/ST/STM32CubeCLT_1.16.0/GNU-tools-for-STM32/bin/../lib/gcc/arm-none-eabi/12.3.1/../../../../arm-none-eabi/lib/thumb/v7e-m+fp/hard\libg_nano.a(libc_a-makebuf.o)
 .debug_loclists
                0x00000410       0x6a C:/ST/STM32CubeCLT_1.16.0/GNU-tools-for-STM32/bin/../lib/gcc/arm-none-eabi/12.3.1/../../../../arm-none-eabi/lib/thumb/v7e-m+fp/hard\libg_nano.a(libc_a-fstatr.o)
 .debug_loclists
                0x0000047a       0x4c C:/ST/STM32CubeCLT_1.16.0/GNU-tools-for-STM32/bin/../lib/gcc/arm-none-eabi/12.3.1/../../../../arm-none-eabi/lib/thumb/v7e-m+fp/hard\libg_nano.a(libc_a-isattyr.o)