Archive member included to satisfy reference by file (symbol)

C:/ST/STM32CubeCLT_1.16.0/GNU-tools-for-STM32/bin/../lib/gcc/arm-none-eabi/12.3.1/../../../../arm-none-eabi/lib/thumb/v7e-m+fp/hard\libc_nano.a(libc_a-exit.o)
                              C:/ST/STM32CubeCLT_1.16.0/GNU-tools-for-STM32/bin/../lib/gcc/arm-none-eabi/12.3.1/../../../../arm-none-eabi/lib/thumb/v7e-m+fp/hard/crt0.o (exit)
C:/ST/STM32CubeCLT_1.16.0/GNU-tools-for-STM32/bin/../lib/gcc/arm-none-eabi/12.3.1/../../../../arm-none-eabi/lib/thumb/v7e-m+fp/hard\libc_nano.a(libc_a-findfp.o)
                              C:/ST/STM32CubeCLT_1.16.0/GNU-tools-for-STM32/bin/../lib/gcc/arm-none-eabi/12.3.1/../../../../arm-none-eabi/lib/thumb/v7e-m+fp/hard\libc_nano.a(libc_a-exit.o) (__stdio_exit_handler)
C:/ST/STM32CubeCLT_1.16.0/GNU-tools-for-STM32/bin/../lib/gcc/arm-none-eabi/12.3.1/../../../../arm-none-eabi/lib/thumb/v7e-m+fp/hard\libc_nano.a(libc_a-fwalk.o)
                              C:/ST/STM32CubeCLT_1.16.0/GNU-tools-for-STM32/bin/../lib/gcc/arm-none-eabi/12.3.1/../../../../arm-none-eabi/lib/thumb/v7e-m+fp/hard\libc_nano.a(libc_a-findfp.o) (_fwalk_sglue)
C:/ST/STM32CubeCLT_1.16.0/GNU-tools-for-STM32/bin/../lib/gcc/arm-none-eabi/12.3.1/../../../../arm-none-eabi/lib/thumb/v7e-m+fp/hard\libc_nano.a(libc_a-stdio.o)
                              C:/ST/STM32CubeCLT_1.16.0/GNU-tools-for-STM32/bin/../lib/gcc/arm-none-eabi/12.3.1/../../../../arm-none-eabi/lib/thumb/v7e-m+fp/hard\libc_nano.a(libc_a-findfp.o) (__sread)
C:/ST/STM32CubeCLT_1.16.0/GNU-tools-for-STM32/bin/../lib/gcc/arm-none-eabi/12.3.1/../../../../arm-none-eabi/lib/thumb/v7e-m+fp/hard\libc_nano.a(libc_a-memset.o)
                              C:/ST/STM32CubeCLT_1.16.0/GNU-tools-for-STM32/bin/../lib/gcc/arm-none-eabi/12.3.1/../../../../arm-none-eabi/lib/thumb/v7e-m+fp/hard/crt0.o (memset)
C:/ST/STM32CubeCLT_1.16.0/GNU-tools-for-STM32/bin/../lib/gcc/arm-none-eabi/12.3.1/../../../../arm-none-eabi/lib/thumb/v7e-m+fp/hard\libc_nano.a(libc_a-closer.o)
                              C:/ST/STM32CubeCLT_1.16.0/GNU-tools-for-STM32/bin/../lib/gcc/arm-none-eabi/12.3.1/../../../../arm-none-eabi/lib/thumb/v7e-m+fp/hard\libc_nano.a(libc_a-stdio.o) (_close_r)
C:/ST/STM32CubeCLT_1.16.0/GNU-tools-for-STM32/bin/../lib/gcc/arm-none-eabi/12.3.1/../../../../arm-none-eabi/lib/thumb/v7e-m+fp/hard\libc_nano.a(libc_a-reent.o)
                              C:/ST/STM32CubeCLT_1.16.0/GNU-tools-for-STM32/bin/../lib/gcc/arm-none-eabi/12.3.1/../../../../arm-none-eabi/lib/thumb/v7e-m+fp/hard\libc_nano.a(libc_a-closer.o) (errno)
C:/ST/STM32CubeCLT_1.16.0/GNU-tools-for-STM32/bin/../lib/gcc/arm-none-eabi/12.3.1/../../../../arm-none-eabi/lib/thumb/v7e-m+fp/hard\libc_nano.a(libc_a-impure.o)
                              C:/ST/STM32CubeCLT_1.16.0/GNU-tools-for-STM32/bin/../lib/gcc/arm-none-eabi/12.3.1/../../../../arm-none-eabi/lib/thumb/v7e-m+fp/hard\libc_nano.a(libc_a-reent.o) (_impure_ptr)
C:/ST/STM32CubeCLT_1.16.0/GNU-tools-for-STM32/bin/../lib/gcc/arm-none-eabi/12.3.1/../../../../arm-none-eabi/lib/thumb/v7e-m+fp/hard\libc_nano.a(libc_a-lseekr.o)
                              C:/ST/STM32CubeCLT_1.16.0/GNU-tools-for-STM32/bin/../lib/gcc/arm-none-eabi/12.3.1/../../../../arm-none-eabi/lib/thumb/v7e-m+fp/hard\libc_nano.a(libc_a-stdio.o) (_lseek_r)
C:/ST/STM32CubeCLT_1.16.0/GNU-tools-for-STM32/bin/../lib/gcc/arm-none-eabi/12.3.1/../../../../arm-none-eabi/lib/thumb/v7e-m+fp/hard\libc_nano.a(libc_a-readr.o)
                              C:/ST/STM32CubeCLT_1.16.0/GNU-tools-for-STM32/bin/../lib/gcc/arm-none-eabi/12.3.1/../../../../arm-none-eabi/lib/thumb/v7e-m+fp/hard\libc_nano.a(libc_a-stdio.o) (_read_r)
C:/ST/STM32CubeCLT_1.16.0/GNU-tools-for-STM32/bin/../lib/gcc/arm-none-eabi/12.3.1/../../../../arm-none-eabi/lib/thumb/v7e-m+fp/hard\libc_nano.a(libc_a-writer.o)
                              C:/ST/STM32CubeCLT_1.16.0/GNU-tools-for-STM32/bin/../lib/gcc/arm-none-eabi/12.3.1/../../../../arm-none-eabi/lib/thumb/v7e-m+fp/hard\libc_nano.a(libc_a-stdio.o) (_write_r)
C:/ST/STM32CubeCLT_1.16.0/GNU-tools-for-STM32/bin/../lib/gcc/arm-none-eabi/12.3.1/../../../../arm-none-eabi/lib/thumb/v7e-m+fp/hard\libc_nano.a(libc_a-init.o)
                              C:/ST/STM32CubeCLT_1.16.0/GNU-tools-for-STM32/bin/../lib/gcc/arm-none-eabi/12.3.1/../../../../arm-none-eabi/lib/thumb/v7e-m+fp/hard/crt0.o (__libc_init_array)
C:/ST/STM32CubeCLT_1.16.0/GNU-tools-for-STM32/bin/../lib/gcc/arm-none-eabi/12.3.1/../../../../arm-none-eabi/lib/thumb/v7e-m+fp/hard\libc_nano.a(libc_a-lock.o)
                              C:/ST/STM32CubeCLT_1.16.0/GNU-tools-for-STM32/bin/../lib/gcc/arm-none-eabi/12.3.1/../../../../arm-none-eabi/lib/thumb/v7e-m+fp/hard\libc_nano.a(libc_a-findfp.o) (__retarget_lock_init_recursive)
C:/ST/STM32CubeCLT_1.16.0/GNU-tools-for-STM32/bin/../lib/gcc/arm-none-eabi/12.3.1/../../../../arm-none-eabi/lib/thumb/v7e-m+fp/hard\libc_nano.a(libc_a-freer.o)
[...]
Memory Configuration

Name             Origin             Length             Attributes
RAM              0x20000000         0x00020000         xrw
CCMRAM           0x10000000         0x00010000         xrw
FLASH            0x08000000         0x00080000         xr
*default*        0x00000000         0xffffffff

Linker script and memory map

LOAD C:/ST/STM32CubeCLT_1.16.0/GNU-tools-for-STM32/bin/../lib/gcc/arm-none-eabi/12.3.1/thumb/v7e-m+fp/hard/crti.o
LOAD C:/ST/STM32CubeCLT_1.16.0/GNU-tools-for-STM32/bin/../lib/gcc/arm-none-eabi/12.3.1/thumb/v7e-m+fp/hard/crtbegin.o
LOAD C:/ST/STM32CubeCLT_1.16.0/GNU-tools-for-STM32/bin/../lib/gcc/arm-none-eabi/12.3.1/../../../../arm-none-eabi/lib/thumb/v7e-m+fp/hard/crt0.o
START GROUP
LOAD C:/ST/STM32CubeCLT_1.16.0/GNU-tools-for-STM32/bin/../lib/gcc/arm-none-eabi/12.3.1/../../../../arm-none-eabi/lib/thumb/v7e-m+fp/hard\libc_nano.a
LOAD C:/ST/STM32CubeCLT_1.16.0/GNU-tools-for-STM32/bin/../lib/gcc/arm-none-eabi/12.3.1/../../../../arm-none-eabi/lib/thumb/v7e-m+fp/hard\libm.a
END GROUP
LOAD CMakeFiles/6_DAC.dir/Core/Src/main.c.obj
LOAD CMakeFiles/6_DAC.dir/Core/Src/stm32f4xx_it.c.obj
LOAD CMakeFiles/6_DAC.dir/Drivers/STM32F4xx_HAL_Driver/Src/stm32f4xx_ll_gpio.c.obj
LOAD CMakeFiles/6_DAC.dir/Drivers/STM32F4xx_HAL_Driver/Src/stm32f4xx_ll_adc.c.obj
LOAD CMakeFiles/6_DAC.dir/Drivers/STM32F4xx_HAL_Driver/Src/stm32f4xx_ll_dma.c.obj
LOAD CMakeFiles/6_DAC.dir/Drivers/STM32F4xx_HAL_Driver/Src/stm32f4xx_ll_rcc.c.obj
LOAD CMakeFiles/6_DAC.dir/Drivers/STM32F4xx_HAL_Driver/Src/stm32f4xx_ll_utils.c.obj
LOAD CMakeFiles/6_DAC.dir/Drivers/STM32F4xx_HAL_Driver/Src/stm32f4xx_ll_exti.c.obj
LOAD CMakeFiles/6_DAC.dir/Drivers/STM32F4xx_HAL_Driver/Src/stm32f4xx_ll_dac.c.obj
LOAD CMakeFiles/6_DAC.dir/Drivers/STM32F4xx_HAL_Driver/Src/stm32f4xx_ll_tim.c.obj
LOAD CMakeFiles/6_DAC.dir/Drivers/STM32F4xx_HAL_Driver/Src/stm32f4xx_ll_usart.c.obj
LOAD CMakeFiles/6_DAC.dir/Core/Src/system_stm32f4xx.c.obj
LOAD CMakeFiles/6_DAC.dir/Core/Src/sysmem.c.obj
LOAD CMakeFiles/6_DAC.dir/Core/Src/syscalls.c.obj
LOAD CMakeFiles/6_DAC.dir/startup_stm32f407xx.s.obj
START GROUP
LOAD C:/ST/STM32CubeCLT_1.16.0/GNU-tools-for-STM32/bin/../lib/gcc/arm-none-eabi/12.3.1/thumb/v7e-m+fp/hard\libgcc.a
LOAD C:/ST/STM32CubeCLT_1.16.0/GNU-tools-for-STM32/bin/../lib/gcc/arm-none-eabi/12.3.1/../../../../arm-none-eabi/lib/thumb/v7e-m+fp/hard\libg_nano.a
LOAD C:/ST/STM32CubeCLT_1.16.0/GNU-tools-for-STM32/bin/../lib/gcc/arm-none-eabi/12.3.1/../../../../arm-none-eabi/lib/thumb/v7e-m+fp/hard\libc_nano.a
END GROUP
START GROUP
LOAD C:/ST/STM32CubeCLT_1.16.0/GNU-tools-for-STM32/bin/../lib/gcc/arm-none-eabi/12.3.1/thumb/v7e-m+fp/hard\libgcc.a
LOAD C:/ST/STM32CubeCLT_1.16.0/GNU-tools-for-STM32/bin/../lib/gcc/arm-none-eabi/12.3.1/../../../../arm-none-eabi/lib/thumb/v7e-m+fp/hard\libc_nano.a
END GROUP
LOAD C:/ST/STM32CubeCLT_1.16.0/GNU-tools-for-STM32/bin/../lib/gcc/arm-none-eabi/12.3.1/thumb/v7e-m+fp/hard/crtend.o
LOAD C:/ST/STM32CubeCLT_1.16.0/GNU-tools-for-STM32/bin/../lib/gcc/arm-none-eabi/12.3.1/thumb/v7e-m+fp/hard/crtn.o
                0x20020000                        _estack = (ORIGIN (RAM) + LENGTH (RAM))
                0x00000200                        _Min_Heap_Size = 0x200
                0x00000400                        _Min_Stack_Size = 0x400

.isr_vector     0x08000000      0x188
                0x08000000                        . = ALIGN (0x4)
 *(.isr_vector)
 .isr_vector    0x08000000      0x188 CMakeFiles/6_DAC.dir/startup_stm32f407xx.s.obj
                0x08000000                g_pfnVectors
                0x08000188                        . = ALIGN (0x4)

.text           0x08000188     0x44e4
                0x08000188                        . = ALIGN (0x4)
 *(.text)
 .text          0x08000188       0x40 C:/ST/STM32CubeCLT_1.16.0/GNU-tools-for-STM32/bin/../lib/gcc/arm-none-eabi/12.3.1/thumb/v7e-m+fp/hard/crtbegin.o
 .text          0x080001c8      0x378 C:/ST/STM32CubeCLT_1.16.0/GNU-tools-for-STM32/bin/../lib/gcc/arm-none-eabi/12.3.1/thumb/v7e-m+fp/hard\libgcc.a(_arm_addsubdf3.o)
                0x080001c8                __aeabi_drsub
                0x080001d0                __aeabi_dsub
                0x080001d0                __subdf3
                0x080001d4                __aeabi_dadd
                0x080001d4                __adddf3
                0x0800044c                __floatunsidf
                0x0800044c                __aeabi_ui2d
                0x0800046c                __floatsidf
                0x0800046c                __aeabi_i2d
                0x08000490                __aeabi_f2d
                0x08000490                __extendsfdf2
                0x080004d4                __floatundidf
                0x080004d4                __aeabi_ul2d
                0x080004e4                __floatdidf
                0x080004e4                __aeabi_l2d
 .text          0x08000540      0x424 C:/ST/STM32CubeCLT_1.16.0/GNU-tools-for-STM32/bin/../lib/gcc/arm-none-eabi/12.3.1/thumb/v7e-m+fp/hard\libgcc.a(_arm_muldivdf3.o)
                0x08000540                __aeabi_dmul
                0x08000540                __muldf3
                0x08000794                __divdf3
                0x08000794                __aeabi_ddiv
 .text          0x08000964       0x40 C:/ST/STM32CubeCLT_1.16.0/GNU-tools-for-STM32/bin/../lib/gcc/arm-none-eabi/12.3.1/thumb/v7e-m+fp/hard\libgcc.a(_arm_fixunsdfsi.o)
                0x08000964                __aeabi_d2uiz
                0x08000964                __fixunsdfsi
 .text          0x080009a4       0xa0 C:/ST/STM32CubeCLT_1.16.0/GNU-tools-for-STM32/bin/../lib/gcc/arm-none-eabi/12.3.1/thumb/v7e-m+fp/hard\libgcc.a(_arm_truncdfsf2.o)
                0x080009a4                __truncdfsf2
                0x080009a4                __aeabi_d2f
 .text          0x08000a44       0x30 C:/ST/STM32CubeCLT_1.16.0/GNU-tools-for-STM32/bin/../lib/gcc/arm-none-eabi/12.3.1/thumb/v7e-m+fp/hard\libgcc.a(_aeabi_uldivmod.o)
                0x08000a44                __aeabi_uldivmod
 .text          0x08000a74      0x2bc C:/ST/STM32CubeCLT_1.16.0/GNU-tools-for-STM32/bin/../lib/gcc/arm-none-eabi/12.3.1/thumb/v7e-m+fp/hard\libgcc.a(_udivmoddi4.o)
                0x08000a74                __udivmoddi4
 .text          0x08000d30        0x4 C:/ST/STM32CubeCLT_1.16.0/GNU-tools-for-STM32/bin/../lib/gcc/arm-none-eabi/12.3.1/thumb/v7e-m+fp/hard\libgcc.a(_dvmd_tls.o)
                0x08000d30                __aeabi_idiv0
                0x08000d30                __aeabi_ldiv0
 *(.text*)
 .text.__libc_init_array
                0x08000d34       0x48 C:/ST/STM32CubeCLT_1.16.0/GNU-tools-for-STM32/bin/../lib/gcc/arm-none-eabi/12.3.1/../../../../arm-none-eabi/lib/thumb/v7e-m+fp/hard\libc_nano.a(libc_a-init.o)
                0x08000d34                __libc_init_array
 .text.__NVIC_SetPriorityGrouping
                0x08000d7c       0x48 CMakeFiles/6_DAC.dir/Core/Src/main.c.obj
 .text.__NVIC_GetPriorityGrouping
                0x08000dc4       0x1c CMakeFiles/6_DAC.dir/Core/Src/main.c.obj
 .text.__NVIC_EnableIRQ
                0x08000de0       0x3c CMakeFiles/6_DAC.dir/Core/Src/main.c.obj
 .text.__NVIC_SetPriority
                0x08000e1c       0x54 CMakeFiles/6_DAC.dir/Core/Src/main.c.obj
 .text.NVIC_EncodePriority
                0x08000e70       0x66 CMakeFiles/6_DAC.dir/Core/Src/main.c.obj
 *fill*         0x08000ed6        0x2 
 .text.LL_ADC_DMA_GetRegAddr
                0x08000ed8       0x34 CMakeFiles/6_DAC.dir/Core/Src/main.c.obj
 .text.LL_ADC_REG_SetSequencerRanks
                0x08000f0c       0x7a CMakeFiles/6_DAC.dir/Core/Src/main.c.obj
 .text.LL_ADC_REG_SetFlagEndOfConversion
                0x08000f86       0x26 CMakeFiles/6_DAC.dir/Core/Src/main.c.obj
 .text.LL_ADC_SetChannelSamplingTime
                0x08000fac       0xc2 CMakeFiles/6_DAC.dir/Core/Src/main.c.obj
 .text.LL_ADC_Enable
                0x0800106e       0x20 CMakeFiles/6_DAC.dir/Core/Src/main.c.obj
 .text.LL_ADC_REG_StartConversionSWStart
                0x0800108e       0x20 CMakeFiles/6_DAC.dir/Core/Src/main.c.obj
 .text.LL_DAC_Enable
                0x080010ae       0x2c CMakeFiles/6_DAC.dir/Core/Src/main.c.obj
 .text.LL_DAC_ConvertData12RightAligned
                0x080010da       0x40 CMakeFiles/6_DAC.dir/Core/Src/main.c.obj
 *fill*         0x0800111a        0x2 
 .text.LL_DMA_EnableStream
                0x0800111c       0x40 CMakeFiles/6_DAC.dir/Core/Src/main.c.obj
 .text.LL_DMA_SetDataTransferDirection
                0x0800115c       0x48 CMakeFiles/6_DAC.dir/Core/Src/main.c.obj
 .text.LL_DMA_SetMode
                0x080011a4       0x48 CMakeFiles/6_DAC.dir/Core/Src/main.c.obj
 .text.LL_DMA_SetPeriphIncMode
                0x080011ec       0x48 CMakeFiles/6_DAC.dir/Core/Src/main.c.obj
 .text.LL_DMA_SetMemoryIncMode
                0x08001234       0x48 CMakeFiles/6_DAC.dir/Core/Src/main.c.obj
 .text.LL_DMA_SetPeriphSize
                0x0800127c       0x48 CMakeFiles/6_DAC.dir/Core/Src/main.c.obj
 .text.LL_DMA_SetMemorySize
                0x080012c4       0x48 CMakeFiles/6_DAC.dir/Core/Src/main.c.obj
 .text.LL_DMA_SetStreamPriorityLevel
                0x0800130c       0x48 CMakeFiles/6_DAC.dir/Core/Src/main.c.obj
 .text.LL_DMA_SetDataLength
                0x08001354       0x48 CMakeFiles/6_DAC.dir/Core/Src/main.c.obj
 .text.LL_DMA_SetChannelSelection
                0x0800139c       0x48 CMakeFiles/6_DAC.dir/Core/Src/main.c.obj
 .text.LL_DMA_DisableFifoMode
                0x080013e4       0x40 CMakeFiles/6_DAC.dir/Core/Src/main.c.obj
 .text.LL_DMA_ConfigAddresses
                0x08001424       0x78 CMakeFiles/6_DAC.dir/Core/Src/main.c.obj
 .text.LL_DMA_EnableIT_TC
                0x0800149c       0x40 CMakeFiles/6_DAC.dir/Core/Src/main.c.obj
 .text.LL_RCC_HSE_Enable
                0x080014dc       0x20 CMakeFiles/6_DAC.dir/Core/Src/main.c.obj
 .text.LL_RCC_HSE_IsReady
                0x080014fc       0x28 CMakeFiles/6_DAC.dir/Core/Src/main.c.obj
 .text.LL_RCC_SetSysClkSource
                0x08001524       0x28 CMakeFiles/6_DAC.dir/Core/Src/main.c.obj
 .text.LL_RCC_GetSysClkSource
                0x0800154c       0x1c CMakeFiles/6_DAC.dir/Core/Src/main.c.obj
 .text.LL_RCC_SetAHBPrescaler
                0x08001568       0x28 CMakeFiles/6_DAC.dir/Core/Src/main.c.obj
 .text.LL_RCC_SetAPB1Prescaler
                0x08001590       0x28 CMakeFiles/6_DAC.dir/Core/Src/main.c.obj
 .text.LL_RCC_SetAPB2Prescaler
                0x080015b8       0x28 CMakeFiles/6_DAC.dir/Core/Src/main.c.obj
 .text.LL_RCC_PLL_Enable
                0x080015e0       0x20 CMakeFiles/6_DAC.dir/Core/Src/main.c.obj
 .text.LL_RCC_PLL_IsReady
                0x08001600       0x28 CMakeFiles/6_DAC.dir/Core/Src/main.c.obj
 .text.LL_RCC_PLL_ConfigDomain_SYS
                0x08001628       0x4c CMakeFiles/6_DAC.dir/Core/Src/main.c.obj
 .text.LL_AHB1_GRP1_EnableClock
                0x08001674       0x30 CMakeFiles/6_DAC.dir/Core/Src/main.c.obj
 .text.LL_APB1_GRP1_EnableClock
                0x080016a4       0x30 CMakeFiles/6_DAC.dir/Core/Src/main.c.obj
 .text.LL_APB2_GRP1_EnableClock
                0x080016d4       0x30 CMakeFiles/6_DAC.dir/Core/Src/main.c.obj
 .text.LL_SYSCFG_SetEXTISource
                0x08001704       0x6c CMakeFiles/6_DAC.dir/Core/Src/main.c.obj
 .text.LL_FLASH_SetLatency
                0x08001770       0x28 CMakeFiles/6_DAC.dir/Core/Src/main.c.obj
 .text.LL_FLASH_GetLatency
                0x08001798       0x1c CMakeFiles/6_DAC.dir/Core/Src/main.c.obj
 .text.LL_PWR_SetRegulVoltageScaling
                0x080017b4       0x28 CMakeFiles/6_DAC.dir/Core/Src/main.c.obj
 .text.LL_PWR_IsActiveFlag_VOS
                0x080017dc       0x28 CMakeFiles/6_DAC.dir/Core/Src/main.c.obj
 .text.LL_TIM_EnableCounter
                0x08001804       0x20 CMakeFiles/6_DAC.dir/Core/Src/main.c.obj
 .text.LL_TIM_DisableARRPreload
                0x08001824       0x20 CMakeFiles/6_DAC.dir/Core/Src/main.c.obj
 .text.LL_TIM_SetClockSource
                0x08001844       0x2a CMakeFiles/6_DAC.dir/Core/Src/main.c.obj
 .text.LL_TIM_SetTriggerOutput
                0x0800186e       0x26 CMakeFiles/6_DAC.dir/Core/Src/main.c.obj
 .text.LL_TIM_DisableMasterSlaveMode
                0x08001894       0x20 CMakeFiles/6_DAC.dir/Core/Src/main.c.obj
 .text.LL_TIM_EnableIT_UPDATE
                0x080018b4       0x20 CMakeFiles/6_DAC.dir/Core/Src/main.c.obj
 .text.LL_USART_Enable
                0x080018d4       0x20 CMakeFiles/6_DAC.dir/Core/Src/main.c.obj
 .text.LL_USART_ConfigAsyncMode
                0x080018f4       0x2c CMakeFiles/6_DAC.dir/Core/Src/main.c.obj
 .text.LL_GPIO_SetPinMode
                0x08001920       0x7a CMakeFiles/6_DAC.dir/Core/Src/main.c.obj
 .text.LL_GPIO_SetPinPull
                0x0800199a       0x7a CMakeFiles/6_DAC.dir/Core/Src/main.c.obj
 .text.LL_GPIO_SetOutputPin
                0x08001a14       0x1c CMakeFiles/6_DAC.dir/Core/Src/main.c.obj
 .text.main     0x08001a30      0x22c CMakeFiles/6_DAC.dir/Core/Src/main.c.obj
                0x08001a30                main
 .text.SystemClock_Config
                0x08001c5c       0x94 CMakeFiles/6_DAC.dir/Core/Src/main.c.obj
                0x08001c5c                SystemClock_Config
 .text.MX_ADC1_Init
                0x08001cf0      0x148 CMakeFiles/6_DAC.dir/Core/Src/main.c.obj
 .text.MX_ADC2_Init
                0x08001e38       0xe8 CMakeFiles/6_DAC.dir/Core/Src/main.c.obj
 .text.MX_ADC3_Init
                0x08001f20      0x14c CMakeFiles/6_DAC.dir/Core/Src/main.c.obj
 .text.MX_DAC_Init
                0x0800206c       0x78 CMakeFiles/6_DAC.dir/Core/Src/main.c.obj
 .text.MX_TIM2_Init
                0x080020e4       0x82 CMakeFiles/6_DAC.dir/Core/Src/main.c.obj
 *fill*         0x08002166        0x2 
 .text.MX_TIM7_Init
                0x08002168       0x74 CMakeFiles/6_DAC.dir/Core/Src/main.c.obj
 .text.MX_USART3_UART_Init
                0x080021dc      0x124 CMakeFiles/6_DAC.dir/Core/Src/main.c.obj
 .text.MX_DMA_Init
                0x08002300       0x58 CMakeFiles/6_DAC.dir/Core/Src/main.c.obj
 .text.MX_GPIO_Init
                0x08002358      0x224 CMakeFiles/6_DAC.dir/Core/Src/main.c.obj
 .text.LL_DMA_IsActiveFlag_TC0
                0x0800257c       0x26 CMakeFiles/6_DAC.dir/Core/Src/stm32f4xx_it.c.obj
 .text.LL_DMA_ClearFlag_TC0
                0x080025a2       0x1a CMakeFiles/6_DAC.dir/Core/Src/stm32f4xx_it.c.obj
 .text.LL_EXTI_IsActiveFlag_0_31
                0x080025bc       0x2c CMakeFiles/6_DAC.dir/Core/Src/stm32f4xx_it.c.obj
 .text.LL_EXTI_ClearFlag_0_31
                0x080025e8       0x20 CMakeFiles/6_DAC.dir/Core/Src/stm32f4xx_it.c.obj
 .text.LL_TIM_ClearFlag_UPDATE
                0x08002608       0x1c CMakeFiles/6_DAC.dir/Core/Src/stm32f4xx_it.c.obj
 .text.LL_TIM_IsActiveFlag_UPDATE
                0x08002624       0x26 CMakeFiles/6_DAC.dir/Core/Src/stm32f4xx_it.c.obj
 .text.NMI_Handler
                0x0800264a        0x8 CMakeFiles/6_DAC.dir/Core/Src/stm32f4xx_it.c.obj
                0x0800264a                NMI_Handler
 .text.HardFault_Handler
                0x08002652        0x8 CMakeFiles/6_DAC.dir/Core/Src/stm32f4xx_it.c.obj
                0x08002652                HardFault_Handler
 .text.MemManage_Handler
                0x0800265a        0x8 CMakeFiles/6_DAC.dir/Core/Src/stm32f4xx_it.c.obj
                0x0800265a                MemManage_Handler
 .text.BusFault_Handler
                0x08002662        0x8 CMakeFiles/6_DAC.dir/Core/Src/stm32f4xx_it.c.obj
                0x08002662                BusFault_Handler
 .text.UsageFault_Handler
                0x0800266a        0x8 CMakeFiles/6_DAC.dir/Core/Src/stm32f4xx_it.c.obj
                0x0800266a                UsageFault_Handler
 .text.SVC_Handler
                0x08002672        0xe CMakeFiles/6_DAC.dir/Core/Src/stm32f4xx_it.c.obj
                0x08002672                SVC_Handler
 .text.DebugMon_Handler
                0x08002680        0xe CMakeFiles/6_DAC.dir/Core/Src/stm32f4xx_it.c.obj
                0x08002680                DebugMon_Handler
 .text.PendSV_Handler
                0x0800268e        0xe CMakeFiles/6_DAC.dir/Core/Src/stm32f4xx_it.c.obj
                0x0800268e                PendSV_Handler
 .text.SysTick_Handler
                0x0800269c        0xe CMakeFiles/6_DAC.dir/Core/Src/stm32f4xx_it.c.obj
                0x0800269c                SysTick_Handler
 .text.EXTI3_IRQHandler
                0x080026aa       0x1a CMakeFiles/6_DAC.dir/Core/Src/stm32f4xx_it.c.obj
                0x080026aa                EXTI3_IRQHandler
 .text.EXTI4_IRQHandler
                0x080026c4       0x1a CMakeFiles/6_DAC.dir/Core/Src/stm32f4xx_it.c.obj
                0x080026c4                EXTI4_IRQHandler
 .text.DMA1_Stream1_IRQHandler
                0x080026de        0xe CMakeFiles/6_DAC.dir/Core/Src/stm32f4xx_it.c.obj
                0x080026de                DMA1_Stream1_IRQHandler
 .text.ADC_IRQHandler
                0x080026ec        0xe CMakeFiles/6_DAC.dir/Core/Src/stm32f4xx_it.c.obj
                0x080026ec                ADC_IRQHandler
 *fill*         0x080026fa        0x2 
 .text.TIM2_IRQHandler
                0x080026fc       0x28 CMakeFiles/6_DAC.dir/Core/Src/stm32f4xx_it.c.obj
                0x080026fc                TIM2_IRQHandler
 .text.USART3_IRQHandler
                0x08002724        0xe CMakeFiles/6_DAC.dir/Core/Src/stm32f4xx_it.c.obj
                0x08002724                USART3_IRQHandler
 .text.EXTI15_10_IRQHandler
                0x08002732       0x34 CMakeFiles/6_DAC.dir/Core/Src/stm32f4xx_it.c.obj
                0x08002732                EXTI15_10_IRQHandler
 .text.TIM7_IRQHandler
                0x08002766        0xe CMakeFiles/6_DAC.dir/Core/Src/stm32f4xx_it.c.obj
                0x08002766                TIM7_IRQHandler
 .text.DMA2_Stream0_IRQHandler
                0x08002774       0x20 CMakeFiles/6_DAC.dir/Core/Src/stm32f4xx_it.c.obj
                0x08002774                DMA2_Stream0_IRQHandler
 .text.LL_GPIO_SetPinMode
                0x08002794       0x7a CMakeFiles/6_DAC.dir/Drivers/STM32F4xx_HAL_Driver/Src/stm32f4xx_ll_gpio.c.obj
 .text.LL_GPIO_SetPinOutputType
                0x0800280e       0x30 CMakeFiles/6_DAC.dir/Drivers/STM32F4xx_HAL_Driver/Src/stm32f4xx_ll_gpio.c.obj
 .text.LL_GPIO_SetPinSpeed
                0x0800283e       0x7a CMakeFiles/6_DAC.dir/Drivers/STM32F4xx_HAL_Driver/Src/stm32f4xx_ll_gpio.c.obj
 .text.LL_GPIO_SetPinPull
                0x080028b8       0x7a CMakeFiles/6_DAC.dir/Drivers/STM32F4xx_HAL_Driver/Src/stm32f4xx_ll_gpio.c.obj
 .text.LL_GPIO_SetAFPin_0_7
                0x08002932       0x7a CMakeFiles/6_DAC.dir/Drivers/STM32F4xx_HAL_Driver/Src/stm32f4xx_ll_gpio.c.obj
 .text.LL_GPIO_SetAFPin_8_15
                0x080029ac       0x7e CMakeFiles/6_DAC.dir/Drivers/STM32F4xx_HAL_Driver/Src/stm32f4xx_ll_gpio.c.obj
 .text.LL_GPIO_Init
                0x08002a2a      0x102 CMakeFiles/6_DAC.dir/Drivers/STM32F4xx_HAL_Driver/Src/stm32f4xx_ll_gpio.c.obj
                0x08002a2a                LL_GPIO_Init
 .text.LL_ADC_REG_SetSequencerLength
                0x08002b2c       0x26 CMakeFiles/6_DAC.dir/Drivers/STM32F4xx_HAL_Driver/Src/stm32f4xx_ll_adc.c.obj
 .text.LL_ADC_IsEnabled
                0x08002b52       0x26 CMakeFiles/6_DAC.dir/Drivers/STM32F4xx_HAL_Driver/Src/stm32f4xx_ll_adc.c.obj
 .text.LL_ADC_CommonInit
                0x08002b78       0x90 CMakeFiles/6_DAC.dir/Drivers/STM32F4xx_HAL_Driver/Src/stm32f4xx_ll_adc.c.obj
                0x08002b78                LL_ADC_CommonInit
 .text.LL_ADC_Init
                0x08002c08       0x58 CMakeFiles/6_DAC.dir/Drivers/STM32F4xx_HAL_Driver/Src/stm32f4xx_ll_adc.c.obj
                0x08002c08                LL_ADC_Init
 .text.LL_ADC_REG_Init
                0x08002c60       0x84 CMakeFiles/6_DAC.dir/Drivers/STM32F4xx_HAL_Driver/Src/stm32f4xx_ll_adc.c.obj
                0x08002c60                LL_ADC_REG_Init
 .text.LL_RCC_GetSysClkSource
                0x08002ce4       0x1c CMakeFiles/6_DAC.dir/Drivers/STM32F4xx_HAL_Driver/Src/stm32f4xx_ll_rcc.c.obj
 .text.LL_RCC_GetAHBPrescaler
                0x08002d00       0x1c CMakeFiles/6_DAC.dir/Drivers/STM32F4xx_HAL_Driver/Src/stm32f4xx_ll_rcc.c.obj
 .text.LL_RCC_GetAPB1Prescaler
                0x08002d1c       0x1c CMakeFiles/6_DAC.dir/Drivers/STM32F4xx_HAL_Driver/Src/stm32f4xx_ll_rcc.c.obj
 .text.LL_RCC_GetAPB2Prescaler
                0x08002d38       0x1c CMakeFiles/6_DAC.dir/Drivers/STM32F4xx_HAL_Driver/Src/stm32f4xx_ll_rcc.c.obj
 .text.LL_RCC_PLL_GetMainSource
                0x08002d54       0x1c CMakeFiles/6_DAC.dir/Drivers/STM32F4xx_HAL_Driver/Src/stm32f4xx_ll_rcc.c.obj
 .text.LL_RCC_PLL_GetN
                0x08002d70       0x1c CMakeFiles/6_DAC.dir/Drivers/STM32F4xx_HAL_Driver/Src/stm32f4xx_ll_rcc.c.obj
 .text.LL_RCC_PLL_GetP
                0x08002d8c       0x1c CMakeFiles/6_DAC.dir/Drivers/STM32F4xx_HAL_Driver/Src/stm32f4xx_ll_rcc.c.obj
 .text.LL_RCC_PLL_GetDivider
                0x08002da8       0x1c CMakeFiles/6_DAC.dir/Drivers/STM32F4xx_HAL_Driver/Src/stm32f4xx_ll_rcc.c.obj
 .text.LL_RCC_GetSystemClocksFreq
                0x08002dc4       0x4a CMakeFiles/6_DAC.dir/Drivers/STM32F4xx_HAL_Driver/Src/stm32f4xx_ll_rcc.c.obj
                0x08002dc4                LL_RCC_GetSystemClocksFreq
 *fill*         0x08002e0e        0x2 
 .text.RCC_GetSystemClockFreq
                0x08002e10       0x50 CMakeFiles/6_DAC.dir/Drivers/STM32F4xx_HAL_Driver/Src/stm32f4xx_ll_rcc.c.obj
                0x08002e10                RCC_GetSystemClockFreq
 .text.RCC_GetHCLKClockFreq
                0x08002e60       0x2c CMakeFiles/6_DAC.dir/Drivers/STM32F4xx_HAL_Driver/Src/stm32f4xx_ll_rcc.c.obj
                0x08002e60                RCC_GetHCLKClockFreq
 .text.RCC_GetPCLK1ClockFreq
                0x08002e8c       0x28 CMakeFiles/6_DAC.dir/Drivers/STM32F4xx_HAL_Driver/Src/stm32f4xx_ll_rcc.c.obj
                0x08002e8c                RCC_GetPCLK1ClockFreq
 .text.RCC_GetPCLK2ClockFreq
                0x08002eb4       0x28 CMakeFiles/6_DAC.dir/Drivers/STM32F4xx_HAL_Driver/Src/stm32f4xx_ll_rcc.c.obj
                0x08002eb4                RCC_GetPCLK2ClockFreq
 .text.RCC_PLL_GetFreqDomain_SYS
                0x08002edc       0x7c CMakeFiles/6_DAC.dir/Drivers/STM32F4xx_HAL_Driver/Src/stm32f4xx_ll_rcc.c.obj
                0x08002edc                RCC_PLL_GetFreqDomain_SYS
 .text.LL_InitTick
                0x08002f58       0x34 CMakeFiles/6_DAC.dir/Drivers/STM32F4xx_HAL_Driver/Src/stm32f4xx_ll_utils.c.obj
 .text.LL_Init1msTick
                0x08002f8c       0x1a CMakeFiles/6_DAC.dir/Drivers/STM32F4xx_HAL_Driver/Src/stm32f4xx_ll_utils.c.obj
                0x08002f8c                LL_Init1msTick
 *fill*         0x08002fa6        0x2 
 .text.LL_SetSystemCoreClock
                0x08002fa8       0x20 CMakeFiles/6_DAC.dir/Drivers/STM32F4xx_HAL_Driver/Src/stm32f4xx_ll_utils.c.obj
                0x08002fa8                LL_SetSystemCoreClock
 .text.LL_EXTI_EnableIT_0_31
                0x08002fc8       0x24 CMakeFiles/6_DAC.dir/Drivers/STM32F4xx_HAL_Driver/Src/stm32f4xx_ll_exti.c.obj
 .text.LL_EXTI_DisableIT_0_31
                0x08002fec       0x28 CMakeFiles/6_DAC.dir/Drivers/STM32F4xx_HAL_Driver/Src/stm32f4xx_ll_exti.c.obj
 .text.LL_EXTI_EnableEvent_0_31
                0x08003014       0x24 CMakeFiles/6_DAC.dir/Drivers/STM32F4xx_HAL_Driver/Src/stm32f4xx_ll_exti.c.obj
 .text.LL_EXTI_DisableEvent_0_31
                0x08003038       0x28 CMakeFiles/6_DAC.dir/Drivers/STM32F4xx_HAL_Driver/Src/stm32f4xx_ll_exti.c.obj
 .text.LL_EXTI_EnableRisingTrig_0_31
                0x08003060       0x24 CMakeFiles/6_DAC.dir/Drivers/STM32F4xx_HAL_Driver/Src/stm32f4xx_ll_exti.c.obj
 .text.LL_EXTI_DisableRisingTrig_0_31
                0x08003084       0x28 CMakeFiles/6_DAC.dir/Drivers/STM32F4xx_HAL_Driver/Src/stm32f4xx_ll_exti.c.obj
 .text.LL_EXTI_EnableFallingTrig_0_31
                0x080030ac       0x24 CMakeFiles/6_DAC.dir/Drivers/STM32F4xx_HAL_Driver/Src/stm32f4xx_ll_exti.c.obj
 .text.LL_EXTI_DisableFallingTrig_0_31
                0x080030d0       0x28 CMakeFiles/6_DAC.dir/Drivers/STM32F4xx_HAL_Driver/Src/stm32f4xx_ll_exti.c.obj
 .text.LL_EXTI_Init
                0x080030f8       0xfe CMakeFiles/6_DAC.dir/Drivers/STM32F4xx_HAL_Driver/Src/stm32f4xx_ll_exti.c.obj
                0x080030f8                LL_EXTI_Init
 .text.LL_DAC_IsEnabled
                0x080031f6       0x3e CMakeFiles/6_DAC.dir/Drivers/STM32F4xx_HAL_Driver/Src/stm32f4xx_ll_dac.c.obj
 .text.LL_DAC_Init
                0x08003234       0xa2 CMakeFiles/6_DAC.dir/Drivers/STM32F4xx_HAL_Driver/Src/stm32f4xx_ll_dac.c.obj
                0x08003234                LL_DAC_Init
 .text.LL_TIM_SetPrescaler
                0x080032d6       0x1c CMakeFiles/6_DAC.dir/Drivers/STM32F4xx_HAL_Driver/Src/stm32f4xx_ll_tim.c.obj
 .text.LL_TIM_SetAutoReload
                0x080032f2       0x1c CMakeFiles/6_DAC.dir/Drivers/STM32F4xx_HAL_Driver/Src/stm32f4xx_ll_tim.c.obj
 .text.LL_TIM_SetRepetitionCounter
                0x0800330e       0x1c CMakeFiles/6_DAC.dir/Drivers/STM32F4xx_HAL_Driver/Src/stm32f4xx_ll_tim.c.obj
 .text.LL_TIM_GenerateEvent_UPDATE
                0x0800332a       0x20 CMakeFiles/6_DAC.dir/Drivers/STM32F4xx_HAL_Driver/Src/stm32f4xx_ll_tim.c.obj
 *fill*         0x0800334a        0x2 
 .text.LL_TIM_Init
                0x0800334c      0x134 CMakeFiles/6_DAC.dir/Drivers/STM32F4xx_HAL_Driver/Src/stm32f4xx_ll_tim.c.obj
                0x0800334c                LL_TIM_Init
 .text.LL_USART_IsEnabled
                0x08003480       0x28 CMakeFiles/6_DAC.dir/Drivers/STM32F4xx_HAL_Driver/Src/stm32f4xx_ll_usart.c.obj
 .text.LL_USART_SetStopBitsLength
                0x080034a8       0x26 CMakeFiles/6_DAC.dir/Drivers/STM32F4xx_HAL_Driver/Src/stm32f4xx_ll_usart.c.obj
 .text.LL_USART_SetHWFlowCtrl
                0x080034ce       0x26 CMakeFiles/6_DAC.dir/Drivers/STM32F4xx_HAL_Driver/Src/stm32f4xx_ll_usart.c.obj
 .text.LL_USART_SetBaudRate
                0x080034f4      0x45c CMakeFiles/6_DAC.dir/Drivers/STM32F4xx_HAL_Driver/Src/stm32f4xx_ll_usart.c.obj
 .text.LL_USART_Init
                0x08003950      0x100 CMakeFiles/6_DAC.dir/Drivers/STM32F4xx_HAL_Driver/Src/stm32f4xx_ll_usart.c.obj
                0x08003950                LL_USART_Init
 .text.SystemInit
                0x08003a50       0x24 CMakeFiles/6_DAC.dir/Core/Src/system_stm32f4xx.c.obj
                0x08003a50                SystemInit
 .text.Reset_Handler
                0x08003a74       0x50 CMakeFiles/6_DAC.dir/startup_stm32f407xx.s.obj
                0x08003a74                Reset_Handler
 .text.Default_Handler
                0x08003ac4        0x2 CMakeFiles/6_DAC.dir/startup_stm32f407xx.s.obj
                0x08003ac4                RTC_Alarm_IRQHandler
                0x08003ac4                HASH_RNG_IRQHandler
                0x08003ac4                EXTI2_IRQHandler
                0x08003ac4                TIM8_CC_IRQHandler
                0x08003ac4                TIM1_CC_IRQHandler
                0x08003ac4                DMA2_Stream5_IRQHandler
                0x08003ac4                DMA1_Stream5_IRQHandler
                0x08003ac4                PVD_IRQHandler
                0x08003ac4                SDIO_IRQHandler
                0x08003ac4                TAMP_STAMP_IRQHandler
                0x08003ac4                CAN2_RX1_IRQHandler
                0x08003ac4                TIM8_TRG_COM_TIM14_IRQHandler
                0x08003ac4                TIM1_UP_TIM10_IRQHandler
                0x08003ac4                TIM8_UP_TIM13_IRQHandler
                0x08003ac4                I2C3_ER_IRQHandler
                0x08003ac4                EXTI0_IRQHandler
                0x08003ac4                I2C2_EV_IRQHandler
                0x08003ac4                DMA1_Stream2_IRQHandler
                0x08003ac4                CAN1_RX0_IRQHandler
                0x08003ac4                FPU_IRQHandler
                0x08003ac4                OTG_HS_WKUP_IRQHandler
                0x08003ac4                CAN2_SCE_IRQHandler
                0x08003ac4                DMA2_Stream2_IRQHandler
                0x08003ac4                SPI1_IRQHandler
                0x08003ac4                TIM6_DAC_IRQHandler
                0x08003ac4                TIM1_BRK_TIM9_IRQHandler
                0x08003ac4                DCMI_IRQHandler
                0x08003ac4                CAN2_RX0_IRQHandler
                0x08003ac4                DMA2_Stream3_IRQHandler
                0x08003ac4                USART6_IRQHandler
                0x08003ac4                CAN1_RX1_IRQHandler
                0x08003ac4                UART5_IRQHandler
                0x08003ac4                TIM4_IRQHandler
                0x08003ac4                I2C1_EV_IRQHandler
                0x08003ac4                DMA1_Stream6_IRQHandler
                0x08003ac4                UART4_IRQHandler
                0x08003ac4                TIM3_IRQHandler
                0x08003ac4                RCC_IRQHandler
                0x08003ac4                TIM8_BRK_TIM12_IRQHandler
                0x08003ac4                Default_Handler
                0x08003ac4                DMA1_Stream7_IRQHandler
                0x08003ac4                CAN2_TX_IRQHandler
                0x08003ac4                TIM5_IRQHandler
                0x08003ac4                DMA2_Stream7_IRQHandler
                0x08003ac4                I2C3_EV_IRQHandler
                0x08003ac4                EXTI9_5_IRQHandler
                0x08003ac4                RTC_WKUP_IRQHandler
                0x08003ac4                ETH_WKUP_IRQHandler
                0x08003ac4                SPI2_IRQHandler
                0x08003ac4                OTG_HS_EP1_IN_IRQHandler
                0x08003ac4                DMA1_Stream0_IRQHandler
                0x08003ac4                CAN1_TX_IRQHandler
                0x08003ac4                FSMC_IRQHandler
                0x08003ac4                ETH_IRQHandler
                0x08003ac4                OTG_HS_EP1_OUT_IRQHandler
                0x08003ac4                WWDG_IRQHandler
                0x08003ac4                OTG_FS_WKUP_IRQHandler
                0x08003ac4                TIM1_TRG_COM_TIM11_IRQHandler
                0x08003ac4                OTG_HS_IRQHandler
                0x08003ac4                EXTI1_IRQHandler
                0x08003ac4                USART2_IRQHandler
                0x08003ac4                I2C2_ER_IRQHandler
                0x08003ac4                DMA2_Stream1_IRQHandler
                0x08003ac4                CAN1_SCE_IRQHandler
                0x08003ac4                FLASH_IRQHandler
                0x08003ac4                DMA2_Stream4_IRQHandler
                0x08003ac4                USART1_IRQHandler
                0x08003ac4                OTG_FS_IRQHandler
                0x08003ac4                SPI3_IRQHandler
                0x08003ac4                DMA1_Stream4_IRQHandler
                0x08003ac4                I2C1_ER_IRQHandler
                0x08003ac4                DMA2_Stream6_IRQHandler
                0x08003ac4                DMA1_Stream3_IRQHandler
 *fill*         0x08003ac6        0x2 
 .text.sinf     0x08003ac8       0x8c C:/ST/STM32CubeCLT_1.16.0/GNU-tools-for-STM32/bin/../lib/gcc/arm-none-eabi/12.3.1/../../../../arm-none-eabi/lib/thumb/v7e-m+fp/hard\libm.a(libm_a-sf_sin.o)
                0x08003ac8                sinf
 .text.rint     0x08003b54      0x118 C:/ST/STM32CubeCLT_1.16.0/GNU-tools-for-STM32/bin/../lib/gcc/arm-none-eabi/12.3.1/../../../../arm-none-eabi/lib/thumb/v7e-m+fp/hard\libm.a(libm_a-s_rint.o)
                0x08003b54                rint
 .text.__kernel_cosf
                0x08003c6c       0xb0 C:/ST/STM32CubeCLT_1.16.0/GNU-tools-for-STM32/bin/../lib/gcc/arm-none-eabi/12.3.1/../../../../arm-none-eabi/lib/thumb/v7e-m+fp/hard\libm.a(libm_a-kf_cos.o)
                0x08003c6c                __kernel_cosf
 .text.__kernel_sinf
                0x08003d1c       0x90 C:/ST/STM32CubeCLT_1.16.0/GNU-tools-for-STM32/bin/../lib/gcc/arm-none-eabi/12.3.1/../../../../arm-none-eabi/lib/thumb/v7e-m+fp/hard\libm.a(libm_a-kf_sin.o)
                0x08003d1c                __kernel_sinf
 .text.__ieee754_rem_pio2f
                0x08003dac      0x260 C:/ST/STM32CubeCLT_1.16.0/GNU-tools-for-STM32/bin/../lib/gcc/arm-none-eabi/12.3.1/../../../../arm-none-eabi/lib/thumb/v7e-m+fp/hard\libm.a(libm_a-ef_rem_pio2.o)
                0x08003dac                __ieee754_rem_pio2f
 .text.fabsf    0x0800400c        0xe C:/ST/STM32CubeCLT_1.16.0/GNU-tools-for-STM32/bin/../lib/gcc/arm-none-eabi/12.3.1/../../../../arm-none-eabi/lib/thumb/v7e-m+fp/hard\libm.a(libm_a-sf_fabs.o)
                0x0800400c                fabsf
 *fill*         0x0800401a        0x2 
 .text.__kernel_rem_pio2f
                0x0800401c      0x4e4 C:/ST/STM32CubeCLT_1.16.0/GNU-tools-for-STM32/bin/../lib/gcc/arm-none-eabi/12.3.1/../../../../arm-none-eabi/lib/thumb/v7e-m+fp/hard\libm.a(libm_a-kf_rem_pio2.o)
                0x0800401c                __kernel_rem_pio2f
 .text.scalbnf  0x08004500       0xcc C:/ST/STM32CubeCLT_1.16.0/GNU-tools-for-STM32/bin/../lib/gcc/arm-none-eabi/12.3.1/../../../../arm-none-eabi/lib/thumb/v7e-m+fp/hard\libm.a(libm_a-sf_scalbn.o)
                0x08004500                scalbnf
 .text.floorf   0x080045cc       0x88 C:/ST/STM32CubeCLT_1.16.0/GNU-tools-for-STM32/bin/../lib/gcc/arm-none-eabi/12.3.1/../../../../arm-none-eabi/lib/thumb/v7e-m+fp/hard\libm.a(libm_a-sf_floor.o)
                0x080045cc                floorf
 *(.glue_7)
 .glue_7        0x08004654        0x0 linker stubs
 *(.glue_7t)
 .glue_7t       0x08004654        0x0 linker stubs
 *(.eh_frame)
 .eh_frame      0x08004654        0x0 C:/ST/STM32CubeCLT_1.16.0/GNU-tools-for-STM32/bin/../lib/gcc/arm-none-eabi/12.3.1/thumb/v7e-m+fp/hard/crtbegin.o
 *(.init)
 .init          0x08004654        0x4 C:/ST/STM32CubeCLT_1.16.0/GNU-tools-for-STM32/bin/../lib/gcc/arm-none-eabi/12.3.1/thumb/v7e-m+fp/hard/crti.o
                0x08004654                _init
 .init          0x08004658        0x8 C:/ST/STM32CubeCLT_1.16.0/GNU-tools-for-STM32/bin/../lib/gcc/arm-none-eabi/12.3.1/thumb/v7e-m+fp/hard/crtn.o
 *(.fini)
 .fini          0x08004660        0x4 C:/ST/STM32CubeCLT_1.16.0/GNU-tools-for-STM32/bin/../lib/gcc/arm-none-eabi/12.3.1/thumb/v7e-m+fp/hard/crti.o
                0x08004660                _fini
 .fini          0x08004664        0x8 C:/ST/STM32CubeCLT_1.16.0/GNU-tools-for-STM32/bin/../lib/gcc/arm-none-eabi/12.3.1/thumb/v7e-m+fp/hard/crtn.o
                0x0800466c                        . = ALIGN (0x4)
                0x0800466c                        _etext = .

.vfp11_veneer   0x0800466c        0x0
 .vfp11_veneer  0x0800466c        0x0 linker stubs

.v4_bx          0x0800466c        0x0
 .v4_bx         0x0800466c        0x0 linker stubs

.iplt           0x0800466c        0x0
 .iplt          0x0800466c        0x0 C:/ST/STM32CubeCLT_1.16.0/GNU-tools-for-STM32/bin/../lib/gcc/arm-none-eabi/12.3.1/thumb/v7e-m+fp/hard/crtbegin.o

.rodata         0x08004670      0x400
                0x08004670                        . = ALIGN (0x4)
 *(.rodata)
 *(.rodata*)
 .rodata.STREAM_OFFSET_TAB
                0x08004670        0x8 CMakeFiles/6_DAC.dir/Core/Src/main.c.obj
 .rodata.AHBPrescTable
                0x08004678       0x10 CMakeFiles/6_DAC.dir/Core/Src/system_stm32f4xx.c.obj
                0x08004678                AHBPrescTable
 .rodata.APBPrescTable
                0x08004688        0x8 CMakeFiles/6_DAC.dir/Core/Src/system_stm32f4xx.c.obj
                0x08004688                APBPrescTable
 .rodata.TWO52  0x08004690       0x10 C:/ST/STM32CubeCLT_1.16.0/GNU-tools-for-STM32/bin/../lib/gcc/arm-none-eabi/12.3.1/../../../../arm-none-eabi/lib/thumb/v7e-m+fp/hard\libm.a(libm_a-s_rint.o)
 .rodata.npio2_hw
                0x080046a0       0x80 C:/ST/STM32CubeCLT_1.16.0/GNU-tools-for-STM32/bin/../lib/gcc/arm-none-eabi/12.3.1/../../../../arm-none-eabi/lib/thumb/v7e-m+fp/hard\libm.a(libm_a-ef_rem_pio2.o)
 .rodata.two_over_pi
                0x08004720      0x318 C:/ST/STM32CubeCLT_1.16.0/GNU-tools-for-STM32/bin/../lib/gcc/arm-none-eabi/12.3.1/../../../../arm-none-eabi/lib/thumb/v7e-m+fp/hard\libm.a(libm_a-ef_rem_pio2.o)
 .rodata.PIo2   0x08004a38       0x2c C:/ST/STM32CubeCLT_1.16.0/GNU-tools-for-STM32/bin/../lib/gcc/arm-none-eabi/12.3.1/../../../../arm-none-eabi/lib/thumb/v7e-m+fp/hard\libm.a(libm_a-kf_rem_pio2.o)
 .rodata.init_jk
                0x08004a64        0xc C:/ST/STM32CubeCLT_1.16.0/GNU-tools-for-STM32/bin/../lib/gcc/arm-none-eabi/12.3.1/../../../../arm-none-eabi/lib/thumb/v7e-m+fp/hard\libm.a(libm_a-kf_rem_pio2.o)
                0x08004a70                        . = ALIGN (0x4)

.ARM.extab
 *(.ARM.extab* .gnu.linkonce.armextab.*)

.ARM            0x08004a70        0x8
                0x08004a70                        __exidx_start = .
 *(.ARM.exidx*)
 .ARM.exidx     0x08004a70        0x8 C:/ST/STM32CubeCLT_1.16.0/GNU-tools-for-STM32/bin/../lib/gcc/arm-none-eabi/12.3.1/thumb/v7e-m+fp/hard\libgcc.a(_udivmoddi4.o)
                0x08004a78                        __exidx_end = .

.rel.dyn        0x08004a78        0x0
 .rel.iplt      0x08004a78        0x0 C:/ST/STM32CubeCLT_1.16.0/GNU-tools-for-STM32/bin/../lib/gcc/arm-none-eabi/12.3.1/thumb/v7e-m+fp/hard/crtbegin.o

.preinit_array  0x08004a78        0x0
                0x08004a78                        PROVIDE (__preinit_array_start = .)
 *(.preinit_array*)
                0x08004a78                        PROVIDE (__preinit_array_end = .)

.init_array     0x08004a78        0x4
                0x08004a78                        PROVIDE (__init_array_start = .)
 *(SORT_BY_NAME(.init_array.*))
 *(.init_array*)
 .init_array    0x08004a78        0x4 C:/ST/STM32CubeCLT_1.16.0/GNU-tools-for-STM32/bin/../lib/gcc/arm-none-eabi/12.3.1/thumb/v7e-m+fp/hard/crtbegin.o
                0x08004a7c                        PROVIDE (__init_array_end = .)

.fini_array     0x08004a7c        0x4
                [!provide]                        PROVIDE (__fini_array_start = .)
 *(SORT_BY_NAME(.fini_array.*))
 *(.fini_array*)
 .fini_array    0x08004a7c        0x4 C:/ST/STM32CubeCLT_1.16.0/GNU-tools-for-STM32/bin/../lib/gcc/arm-none-eabi/12.3.1/thumb/v7e-m+fp/hard/crtbegin.o
                [!provide]                        PROVIDE (__fini_array_end = .)
                0x08004a80                        _sidata = LOADADDR (.data)

.data           0x20000000        0x4 load address 0x08004a80
                0x20000000                        . = ALIGN (0x4)
                0x20000000                        _sdata = .
 *(.data)
 *(.data*)
 .data.SystemCoreClock
                0x20000000        0x4 CMakeFiles/6_DAC.dir/Core/Src/system_stm32f4xx.c.obj
                0x20000000                SystemCoreClock
                0x20000004                        . = ALIGN (0x4)
                0x20000004                        _edata = .
                0x08004a84                        _siccmram = LOADADDR (.ccmram)

.igot.plt       0x20000004        0x0 load address 0x08004a84
 .igot.plt      0x20000004        0x0 C:/ST/STM32CubeCLT_1.16.0/GNU-tools-for-STM32/bin/../lib/gcc/arm-none-eabi/12.3.1/thumb/v7e-m+fp/hard/crtbegin.o

.ccmram         0x10000000        0x0 load address 0x08004a84
                0x10000000                        . = ALIGN (0x4)
                0x10000000                        _sccmram = .
 *(.ccmram)
 *(.ccmram*)
                0x10000000                        . = ALIGN (0x4)
                0x10000000                        _eccmram = .
                0x10000000                        . = ALIGN (0x4)

.bss            0x20000004       0x24
                0x20000004                        _sbss = .
                0x20000004                        __bss_start__ = _sbss
 *(.bss)
 .bss           0x20000004       0x1c C:/ST/STM32CubeCLT_1.16.0/GNU-tools-for-STM32/bin/../lib/gcc/arm-none-eabi/12.3.1/thumb/v7e-m+fp/hard/crtbegin.o
 *(.bss*)
 .bss.tim2_update
                0x20000020        0x1 CMakeFiles/6_DAC.dir/Core/Src/main.c.obj
                0x20000020                tim2_update
 *fill*         0x20000021        0x3 
 .bss.adc3_val  0x20000024        0x2 CMakeFiles/6_DAC.dir/Core/Src/main.c.obj
                0x20000024                adc3_val
 *(COMMON)
                0x20000028                        . = ALIGN (0x4)
 *fill*         0x20000026        0x2 
                0x20000028                        _ebss = .
                0x20000028                        __bss_end__ = _ebss

._user_heap_stack
                0x20000028      0x600
                0x20000028                        . = ALIGN (0x8)
                [!provide]                        PROVIDE (end = .)
                0x20000028                        PROVIDE (_end = .)
                0x20000228                        . = (. + _Min_Heap_Size)
 *fill*         0x20000028      0x200 
                0x20000628                        . = (. + _Min_Stack_Size)
 *fill*         0x20000228      0x400 
                0x20000628                        . = ALIGN (0x8)

/DISCARD/
 libc.a(*)
 libm.a(*)
 libgcc.a(*)

.ARM.attributes
                0x00000000       0x30
 *(.ARM.attributes)
 .ARM.attributes
                0x00000000       0x22 C:/ST/STM32CubeCLT_1.16.0/GNU-tools-for-STM32/bin/../lib/gcc/arm-none-eabi/12.3.1/thumb/v7e-m+fp/hard/crti.o
 .ARM.attributes
                0x00000022       0x34 C:/ST/STM32CubeCLT_1.16.0/GNU-tools-for-STM32/bin/../lib/gcc/arm-none-eabi/12.3.1/thumb/v7e-m+fp/hard/crtbegin.o
 .ARM.attributes
                0x00000056       0x34 C:/ST/STM32CubeCLT_1.16.0/GNU-tools-for-STM32/bin/../lib/gcc/arm-none-eabi/12.3.1/../../../../arm-none-eabi/lib/thumb/v7e-m+fp/hard\libc_nano.a(libc_a-init.o)
 .ARM.attributes
                0x0000008a       0x34 CMakeFiles/6_DAC.dir/Core/Src/main.c.obj
 .ARM.attributes
                0x000000be       0x34 CMakeFiles/6_DAC.dir/Core/Src/stm32f4xx_it.c.obj
 .ARM.attributes
                0x000000f2       0x34 CMakeFiles/6_DAC.dir/Drivers/STM32F4xx_HAL_Driver/Src/stm32f4xx_ll_gpio.c.obj
 .ARM.attributes
                0x00000126       0x34 CMakeFiles/6_DAC.dir/Drivers/STM32F4xx_HAL_Driver/Src/stm32f4xx_ll_adc.c.obj
 .ARM.attributes
                0x0000015a       0x34 CMakeFiles/6_DAC.dir/Drivers/STM32F4xx_HAL_Driver/Src/stm32f4xx_ll_rcc.c.obj
 .ARM.attributes
                0x0000018e       0x34 CMakeFiles/6_DAC.dir/Drivers/STM32F4xx_HAL_Driver/Src/stm32f4xx_ll_utils.c.obj
 .ARM.attributes
                0x000001c2       0x34 CMakeFiles/6_DAC.dir/Drivers/STM32F4xx_HAL_Driver/Src/stm32f4xx_ll_exti.c.obj
 .ARM.attributes
                0x000001f6       0x34 CMakeFiles/6_DAC.dir/Drivers/STM32F4xx_HAL_Driver/Src/stm32f4xx_ll_dac.c.obj
 .ARM.attributes
                0x0000022a       0x34 CMakeFiles/6_DAC.dir/Drivers/STM32F4xx_HAL_Driver/Src/stm32f4xx_ll_tim.c.obj
 .ARM.attributes
                0x0000025e       0x34 CMakeFiles/6_DAC.dir/Drivers/STM32F4xx_HAL_Driver/Src/stm32f4xx_ll_usart.c.obj
 .ARM.attributes
                0x00000292       0x34 CMakeFiles/6_DAC.dir/Core/Src/system_stm32f4xx.c.obj
 .ARM.attributes
                0x000002c6       0x21 CMakeFiles/6_DAC.dir/startup_stm32f407xx.s.obj
 .ARM.attributes
                0x000002e7       0x22 C:/ST/STM32CubeCLT_1.16.0/GNU-tools-for-STM32/bin/../lib/gcc/arm-none-eabi/12.3.1/thumb/v7e-m+fp/hard\libgcc.a(_arm_addsubdf3.o)
 .ARM.attributes
                0x00000309       0x22 C:/ST/STM32CubeCLT_1.16.0/GNU-tools-for-STM32/bin/../lib/gcc/arm-none-eabi/12.3.1/thumb/v7e-m+fp/hard\libgcc.a(_arm_muldivdf3.o)
 .ARM.attributes
                0x0000032b       0x22 C:/ST/STM32CubeCLT_1.16.0/GNU-tools-for-STM32/bin/../lib/gcc/arm-none-eabi/12.3.1/thumb/v7e-m+fp/hard\libgcc.a(_arm_fixunsdfsi.o)
 .ARM.attributes
                0x0000034d       0x22 C:/ST/STM32CubeCLT_1.16.0/GNU-tools-for-STM32/bin/../lib/gcc/arm-none-eabi/12.3.1/thumb/v7e-m+fp/hard\libgcc.a(_arm_truncdfsf2.o)
 .ARM.attributes
                0x0000036f       0x22 C:/ST/STM32CubeCLT_1.16.0/GNU-tools-for-STM32/bin/../lib/gcc/arm-none-eabi/12.3.1/thumb/v7e-m+fp/hard\libgcc.a(_aeabi_uldivmod.o)
 .ARM.attributes
                0x00000391       0x34 C:/ST/STM32CubeCLT_1.16.0/GNU-tools-for-STM32/bin/../lib/gcc/arm-none-eabi/12.3.1/thumb/v7e-m+fp/hard\libgcc.a(_udivmoddi4.o)
 .ARM.attributes
                0x000003c5       0x22 C:/ST/STM32CubeCLT_1.16.0/GNU-tools-for-STM32/bin/../lib/gcc/arm-none-eabi/12.3.1/thumb/v7e-m+fp/hard\libgcc.a(_dvmd_tls.o)
 .ARM.attributes
                0x000003e7       0x22 C:/ST/STM32CubeCLT_1.16.0/GNU-tools-for-STM32/bin/../lib/gcc/arm-none-eabi/12.3.1/thumb/v7e-m+fp/hard/crtn.o
 .ARM.attributes
                0x00000409       0x34 C:/ST/STM32CubeCLT_1.16.0/GNU-tools-for-STM32/bin/../lib/gcc/arm-none-eabi/12.3.1/../../../../arm-none-eabi/lib/thumb/v7e-m+fp/hard\libm.a(libm_a-sf_sin.o)
 .ARM.attributes
                0x0000043d       0x34 C:/ST/STM32CubeCLT_1.16.0/GNU-tools-for-STM32/bin/../lib/gcc/arm-none-eabi/12.3.1/../../../../arm-none-eabi/lib/thumb/v7e-m+fp/hard\libm.a(libm_a-s_rint.o)
 .ARM.attributes
                0x00000471       0x34 C:/ST/STM32CubeCLT_1.16.0/GNU-tools-for-STM32/bin/../lib/gcc/arm-none-eabi/12.3.1/../../../../arm-none-eabi/lib/thumb/v7e-m+fp/hard\libm.a(libm_a-kf_cos.o)
 .ARM.attributes
                0x000004a5       0x34 C:/ST/STM32CubeCLT_1.16.0/GNU-tools-for-STM32/bin/../lib/gcc/arm-none-eabi/12.3.1/../../../../arm-none-eabi/lib/thumb/v7e-m+fp/hard\libm.a(libm_a-kf_sin.o)
 .ARM.attributes
                0x000004d9       0x34 C:/ST/STM32CubeCLT_1.16.0/GNU-tools-for-STM32/bin/../lib/gcc/arm-none-eabi/12.3.1/../../../../arm-none-eabi/lib/thumb/v7e-m+fp/hard\libm.a(libm_a-ef_rem_pio2.o)
 .ARM.attributes
                0x0000050d       0x34 C:/ST/STM32CubeCLT_1.16.0/GNU-tools-for-STM32/bin/../lib/gcc/arm-none-eabi/12.3.1/../../../../arm-none-eabi/lib/thumb/v7e-m+fp/hard\libm.a(libm_a-sf_fabs.o)
 .ARM.attributes
                0x00000541       0x34 C:/ST/STM32CubeCLT_1.16.0/GNU-tools-for-STM32/bin/../lib/gcc/arm-none-eabi/12.3.1/../../../../arm-none-eabi/lib/thumb/v7e-m+fp/hard\libm.a(libm_a-kf_rem_pio2.o)
 .ARM.attributes
                0x00000575       0x34 C:/ST/STM32CubeCLT_1.16.0/GNU-tools-for-STM32/bin/../lib/gcc/arm-none-eabi/12.3.1/../../../../arm-none-eabi/lib/thumb/v7e-m+fp/hard\libm.a(libm_a-sf_scalbn.o)
 .ARM.attributes
                0x000005a9       0x34 C:/ST/STM32CubeCLT_1.16.0/GNU-tools-for-STM32/bin/../lib/gcc/arm-none-eabi/12.3.1/../../../../arm-none-eabi/lib/thumb/v7e-m+fp/hard\libm.a(libm_a-sf_floor.o)
OUTPUT(6_DAC.elf elf32-littlearm)
LOAD linker stubs
LOAD C:/ST/STM32CubeCLT_1.16.0/GNU-tools-for-STM32/bin/../lib/gcc/arm-none-eabi/12.3.1/../../../../arm-none-eabi/lib/thumb/v7e-m+fp/hard\libc.a
LOAD C:/ST/STM32CubeCLT_1.16.0/GNU-tools-for-STM32/bin/../lib/gcc/arm-none-eabi/12.3.1/../../../../arm-none-eabi/lib/thumb/v7e-m+fp/hard\libm.a
LOAD C:/ST/STM32CubeCLT_1.16.0/GNU-tools-for-STM32/bin/../lib/gcc/arm-none-eabi/12.3.1/thumb/v7e-m+fp/hard\libgcc.a

.debug_frame    0x00000000     0x27d8
 .debug_frame   0x00000000       0x2c C:/ST/STM32CubeCLT_1.16.0/GNU-tools-for-STM32/bin/../lib/gcc/arm-none-eabi/12.3.1/../../../../arm-none-eabi/lib/thumb/v7e-m+fp/hard\libc_nano.a(libc_a-init.o)
 .debug_frame   0x0000002c      0x9fc CMakeFiles/6_DAC.dir/Core/Src/main.c.obj
 .debug_frame   0x00000a28      0x304 CMakeFiles/6_DAC.dir/Core/Src/stm32f4xx_it.c.obj
 .debug_frame   0x00000d2c      0x1c0 CMakeFiles/6_DAC.dir/Drivers/STM32F4xx_HAL_Driver/Src/stm32f4xx_ll_gpio.c.obj
 .debug_frame   0x00000eec      0x2cc CMakeFiles/6_DAC.dir/Drivers/STM32F4xx_HAL_Driver/Src/stm32f4xx_ll_adc.c.obj
 .debug_frame   0x000011b8      0x460 CMakeFiles/6_DAC.dir/Drivers/STM32F4xx_HAL_Driver/Src/stm32f4xx_ll_rcc.c.obj
 .debug_frame   0x00001618      0x3f8 CMakeFiles/6_DAC.dir/Drivers/STM32F4xx_HAL_Driver/Src/stm32f4xx_ll_utils.c.obj
 .debug_frame   0x00001a10      0x1bc CMakeFiles/6_DAC.dir/Drivers/STM32F4xx_HAL_Driver/Src/stm32f4xx_ll_exti.c.obj
 .debug_frame   0x00001bcc       0xf8 CMakeFiles/6_DAC.dir/Drivers/STM32F4xx_HAL_Driver/Src/stm32f4xx_ll_dac.c.obj
 .debug_frame   0x00001cc4      0x538 CMakeFiles/6_DAC.dir/Drivers/STM32F4xx_HAL_Driver/Src/stm32f4xx_ll_tim.c.obj
 .debug_frame   0x000021fc      0x240 CMakeFiles/6_DAC.dir/Drivers/STM32F4xx_HAL_Driver/Src/stm32f4xx_ll_usart.c.obj
 .debug_frame   0x0000243c       0x58 CMakeFiles/6_DAC.dir/Core/Src/system_stm32f4xx.c.obj
 .debug_frame   0x00002494       0xac C:/ST/STM32CubeCLT_1.16.0/GNU-tools-for-STM32/bin/../lib/gcc/arm-none-eabi/12.3.1/thumb/v7e-m+fp/hard\libgcc.a(_arm_addsubdf3.o)
 .debug_frame   0x00002540       0x50 C:/ST/STM32CubeCLT_1.16.0/GNU-tools-for-STM32/bin/../lib/gcc/arm-none-eabi/12.3.1/thumb/v7e-m+fp/hard\libgcc.a(_arm_muldivdf3.o)
 .debug_frame   0x00002590       0x24 C:/ST/STM32CubeCLT_1.16.0/GNU-tools-for-STM32/bin/../lib/gcc/arm-none-eabi/12.3.1/thumb/v7e-m+fp/hard\libgcc.a(_arm_fixunsdfsi.o)
 .debug_frame   0x000025b4       0x24 C:/ST/STM32CubeCLT_1.16.0/GNU-tools-for-STM32/bin/../lib/gcc/arm-none-eabi/12.3.1/thumb/v7e-m+fp/hard\libgcc.a(_arm_truncdfsf2.o)
 .debug_frame   0x000025d8       0x2c C:/ST/STM32CubeCLT_1.16.0/GNU-tools-for-STM32/bin/../lib/gcc/arm-none-eabi/12.3.1/thumb/v7e-m+fp/hard\libgcc.a(_aeabi_uldivmod.o)
 .debug_frame   0x00002604       0x34 C:/ST/STM32CubeCLT_1.16.0/GNU-tools-for-STM32/bin/../lib/gcc/arm-none-eabi/12.3.1/thumb/v7e-m+fp/hard\libgcc.a(_udivmoddi4.o)
 .debug_frame   0x00002638       0x38 C:/ST/STM32CubeCLT_1.16.0/GNU-tools-for-STM32/bin/../lib/gcc/arm-none-eabi/12.3.1/../../../../arm-none-eabi/lib/thumb/v7e-m+fp/hard\libm.a(libm_a-sf_sin.o)
 .debug_frame   0x00002670       0x34 C:/ST/STM32CubeCLT_1.16.0/GNU-tools-for-STM32/bin/../lib/gcc/arm-none-eabi/12.3.1/../../../../arm-none-eabi/lib/thumb/v7e-m+fp/hard\libm.a(libm_a-s_rint.o)
 .debug_frame   0x000026a4       0x20 C:/ST/STM32CubeCLT_1.16.0/GNU-tools-for-STM32/bin/../lib/gcc/arm-none-eabi/12.3.1/../../../../arm-none-eabi/lib/thumb/v7e-m+fp/hard\libm.a(libm_a-kf_cos.o)
 .debug_frame   0x000026c4       0x20 C:/ST/STM32CubeCLT_1.16.0/GNU-tools-for-STM32/bin/../lib/gcc/arm-none-eabi/12.3.1/../../../../arm-none-eabi/lib/thumb/v7e-m+fp/hard\libm.a(libm_a-kf_sin.o)
 .debug_frame   0x000026e4       0x38 C:/ST/STM32CubeCLT_1.16.0/GNU-tools-for-STM32/bin/../lib/gcc/arm-none-eabi/12.3.1/../../../../arm-none-eabi/lib/thumb/v7e-m+fp/hard\libm.a(libm_a-ef_rem_pio2.o)
 .debug_frame   0x0000271c       0x20 C:/ST/STM32CubeCLT_1.16.0/GNU-tools-for-STM32/bin/../lib/gcc/arm-none-eabi/12.3.1/../../../../arm-none-eabi/lib/thumb/v7e-m+fp/hard\libm.a(libm_a-sf_fabs.o)
 .debug_frame   0x0000273c       0x5c C:/ST/STM32CubeCLT_1.16.0/GNU-tools-for-STM32/bin/../lib/gcc/arm-none-eabi/12.3.1/../../../../arm-none-eabi/lib/thumb/v7e-m+fp/hard\libm.a(libm_a-kf_rem_pio2.o)
 .debug_frame   0x00002798       0x20 C:/ST/STM32CubeCLT_1.16.0/GNU-tools-for-STM32/bin/../lib/gcc/arm-none-eabi/12.3.1/../../../../arm-none-eabi/lib/thumb/v7e-m+fp/hard\libm.a(libm_a-sf_scalbn.o)
 .debug_frame   0x000027b8       0x20 C:/ST/STM32CubeCLT_1.16.0/GNU-tools-for-STM32/bin/../lib/gcc/arm-none-eabi/12.3.1/../../../../arm-none-eabi/lib/thumb/v7e-m+fp/hard\libm.a(libm_a-sf_floor.o)

.debug_info     0x00000000     0x6e47
 .debug_info    0x00000000     0x2411 CMakeFiles/6_DAC.dir/Core/Src/main.c.obj
 .debug_info    0x00002411      0x53c CMakeFiles/6_DAC.dir/Core/Src/stm32f4xx_it.c.obj
 .debug_info    0x0000294d      0x920 CMakeFiles/6_DAC.dir/Drivers/STM32F4xx_HAL_Driver/Src/stm32f4xx_ll_gpio.c.obj
 .debug_info    0x0000326d      0x88f CMakeFiles/6_DAC.dir/Drivers/STM32F4xx_HAL_Driver/Src/stm32f4xx_ll_adc.c.obj
 .debug_info    0x00003afc      0x744 CMakeFiles/6_DAC.dir/Drivers/STM32F4xx_HAL_Driver/Src/stm32f4xx_ll_rcc.c.obj
 .debug_info    0x00004240      0x8f5 CMakeFiles/6_DAC.dir/Drivers/STM32F4xx_HAL_Driver/Src/stm32f4xx_ll_utils.c.obj
 .debug_info    0x00004b35      0x330 CMakeFiles/6_DAC.dir/Drivers/STM32F4xx_HAL_Driver/Src/stm32f4xx_ll_exti.c.obj
 .debug_info    0x00004e65      0x47c CMakeFiles/6_DAC.dir/Drivers/STM32F4xx_HAL_Driver/Src/stm32f4xx_ll_dac.c.obj
 .debug_info    0x000052e1      0xf40 CMakeFiles/6_DAC.dir/Drivers/STM32F4xx_HAL_Driver/Src/stm32f4xx_ll_tim.c.obj
 .debug_info    0x00006221      0x6eb CMakeFiles/6_DAC.dir/Drivers/STM32F4xx_HAL_Driver/Src/stm32f4xx_ll_usart.c.obj
 .debug_info    0x0000690c      0x50b CMakeFiles/6_DAC.dir/Core/Src/system_stm32f4xx.c.obj
 .debug_info    0x00006e17       0x30 CMakeFiles/6_DAC.dir/startup_stm32f407xx.s.obj

.debug_abbrev   0x00000000     0x1587
 .debug_abbrev  0x00000000      0x37f CMakeFiles/6_DAC.dir/Core/Src/main.c.obj
 .debug_abbrev  0x0000037f      0x1c3 CMakeFiles/6_DAC.dir/Core/Src/stm32f4xx_it.c.obj
 .debug_abbrev  0x00000542      0x237 CMakeFiles/6_DAC.dir/Drivers/STM32F4xx_HAL_Driver/Src/stm32f4xx_ll_gpio.c.obj
 .debug_abbrev  0x00000779      0x1a8 CMakeFiles/6_DAC.dir/Drivers/STM32F4xx_HAL_Driver/Src/stm32f4xx_ll_adc.c.obj
 .debug_abbrev  0x00000921      0x1ed CMakeFiles/6_DAC.dir/Drivers/STM32F4xx_HAL_Driver/Src/stm32f4xx_ll_rcc.c.obj
 .debug_abbrev  0x00000b0e      0x223 CMakeFiles/6_DAC.dir/Drivers/STM32F4xx_HAL_Driver/Src/stm32f4xx_ll_utils.c.obj
 .debug_abbrev  0x00000d31      0x18a CMakeFiles/6_DAC.dir/Drivers/STM32F4xx_HAL_Driver/Src/stm32f4xx_ll_exti.c.obj
 .debug_abbrev  0x00000ebb      0x18d CMakeFiles/6_DAC.dir/Drivers/STM32F4xx_HAL_Driver/Src/stm32f4xx_ll_dac.c.obj
 .debug_abbrev  0x00001048      0x20f CMakeFiles/6_DAC.dir/Drivers/STM32F4xx_HAL_Driver/Src/stm32f4xx_ll_tim.c.obj
 .debug_abbrev  0x00001257      0x1f2 CMakeFiles/6_DAC.dir/Drivers/STM32F4xx_HAL_Driver/Src/stm32f4xx_ll_usart.c.obj
 .debug_abbrev  0x00001449      0x11a CMakeFiles/6_DAC.dir/Core/Src/system_stm32f4xx.c.obj
 .debug_abbrev  0x00001563       0x24 CMakeFiles/6_DAC.dir/startup_stm32f407xx.s.obj

.debug_aranges  0x00000000      0x8e8
 .debug_aranges
                0x00000000      0x230 CMakeFiles/6_DAC.dir/Core/Src/main.c.obj
 .debug_aranges
                0x00000230       0xd8 CMakeFiles/6_DAC.dir/Core/Src/stm32f4xx_it.c.obj
 .debug_aranges
                0x00000308       0x70 CMakeFiles/6_DAC.dir/Drivers/STM32F4xx_HAL_Driver/Src/stm32f4xx_ll_gpio.c.obj
 .debug_aranges
                0x00000378       0xa8 CMakeFiles/6_DAC.dir/Drivers/STM32F4xx_HAL_Driver/Src/stm32f4xx_ll_adc.c.obj
 .debug_aranges
                0x00000420      0x118 CMakeFiles/6_DAC.dir/Drivers/STM32F4xx_HAL_Driver/Src/stm32f4xx_ll_rcc.c.obj
 .debug_aranges
                0x00000538       0xf8 CMakeFiles/6_DAC.dir/Drivers/STM32F4xx_HAL_Driver/Src/stm32f4xx_ll_utils.c.obj
 .debug_aranges
                0x00000630       0x70 CMakeFiles/6_DAC.dir/Drivers/STM32F4xx_HAL_Driver/Src/stm32f4xx_ll_exti.c.obj
 .debug_aranges
                0x000006a0       0x48 CMakeFiles/6_DAC.dir/Drivers/STM32F4xx_HAL_Driver/Src/stm32f4xx_ll_dac.c.obj
 .debug_aranges
                0x000006e8      0x128 CMakeFiles/6_DAC.dir/Drivers/STM32F4xx_HAL_Driver/Src/stm32f4xx_ll_tim.c.obj
 .debug_aranges
                0x00000810       0x88 CMakeFiles/6_DAC.dir/Drivers/STM32F4xx_HAL_Driver/Src/stm32f4xx_ll_usart.c.obj
 .debug_aranges
                0x00000898       0x28 CMakeFiles/6_DAC.dir/Core/Src/system_stm32f4xx.c.obj
 .debug_aranges
                0x000008c0       0x28 CMakeFiles/6_DAC.dir/startup_stm32f407xx.s.obj

.debug_rnglists
                0x00000000      0x696
 .debug_rnglists
                0x00000000      0x1a8 CMakeFiles/6_DAC.dir/Core/Src/main.c.obj
 .debug_rnglists
                0x000001a8       0x9d CMakeFiles/6_DAC.dir/Core/Src/stm32f4xx_it.c.obj
 .debug_rnglists
                0x00000245       0x51 CMakeFiles/6_DAC.dir/Drivers/STM32F4xx_HAL_Driver/Src/stm32f4xx_ll_gpio.c.obj
 .debug_rnglists
                0x00000296       0x7d CMakeFiles/6_DAC.dir/Drivers/STM32F4xx_HAL_Driver/Src/stm32f4xx_ll_adc.c.obj
 .debug_rnglists
                0x00000313       0xce CMakeFiles/6_DAC.dir/Drivers/STM32F4xx_HAL_Driver/Src/stm32f4xx_ll_rcc.c.obj
 .debug_rnglists
                0x000003e1       0xb8 CMakeFiles/6_DAC.dir/Drivers/STM32F4xx_HAL_Driver/Src/stm32f4xx_ll_utils.c.obj
 .debug_rnglists
                0x00000499       0x50 CMakeFiles/6_DAC.dir/Drivers/STM32F4xx_HAL_Driver/Src/stm32f4xx_ll_exti.c.obj
 .debug_rnglists
                0x000004e9       0x32 CMakeFiles/6_DAC.dir/Drivers/STM32F4xx_HAL_Driver/Src/stm32f4xx_ll_dac.c.obj
 .debug_rnglists
                0x0000051b       0xe4 CMakeFiles/6_DAC.dir/Drivers/STM32F4xx_HAL_Driver/Src/stm32f4xx_ll_tim.c.obj
 .debug_rnglists
                0x000005ff       0x64 CMakeFiles/6_DAC.dir/Drivers/STM32F4xx_HAL_Driver/Src/stm32f4xx_ll_usart.c.obj
 .debug_rnglists
                0x00000663       0x1a CMakeFiles/6_DAC.dir/Core/Src/system_stm32f4xx.c.obj
 .debug_rnglists
                0x0000067d       0x19 CMakeFiles/6_DAC.dir/startup_stm32f407xx.s.obj

.debug_macro    0x00000000    0x1d4f0
 .debug_macro   0x00000000      0x20b CMakeFiles/6_DAC.dir/Core/Src/main.c.obj
 .debug_macro   0x0000020b      0xaf6 CMakeFiles/6_DAC.dir/Core/Src/main.c.obj
 .debug_macro   0x00000d01       0x2e CMakeFiles/6_DAC.dir/Core/Src/main.c.obj
 .debug_macro   0x00000d2f       0x2f CMakeFiles/6_DAC.dir/Core/Src/main.c.obj
 .debug_macro   0x00000d5e       0x22 CMakeFiles/6_DAC.dir/Core/Src/main.c.obj
 .debug_macro   0x00000d80       0x8e CMakeFiles/6_DAC.dir/Core/Src/main.c.obj
 .debug_macro   0x00000e0e       0x51 CMakeFiles/6_DAC.dir/Core/Src/main.c.obj
 .debug_macro   0x00000e5f      0x103 CMakeFiles/6_DAC.dir/Core/Src/main.c.obj
 .debug_macro   0x00000f62       0x6a CMakeFiles/6_DAC.dir/Core/Src/main.c.obj
 .debug_macro   0x00000fcc      0x1df CMakeFiles/6_DAC.dir/Core/Src/main.c.obj
 .debug_macro   0x000011ab       0x1c CMakeFiles/6_DAC.dir/Core/Src/main.c.obj
 .debug_macro   0x000011c7       0x22 CMakeFiles/6_DAC.dir/Core/Src/main.c.obj
 .debug_macro   0x000011e9       0xfb CMakeFiles/6_DAC.dir/Core/Src/main.c.obj
 .debug_macro   0x000012e4     0x1011 CMakeFiles/6_DAC.dir/Core/Src/main.c.obj
 .debug_macro   0x000022f5      0x11f CMakeFiles/6_DAC.dir/Core/Src/main.c.obj
 .debug_macro   0x00002414    0x15e97 CMakeFiles/6_DAC.dir/Core/Src/main.c.obj
 .debug_macro   0x000182ab       0x6d CMakeFiles/6_DAC.dir/Core/Src/main.c.obj
 .debug_macro   0x00018318      0xb55 CMakeFiles/6_DAC.dir/Core/Src/main.c.obj
 .debug_macro   0x00018e6d      0x24d CMakeFiles/6_DAC.dir/Core/Src/main.c.obj
 .debug_macro   0x000190ba      0x1e6 CMakeFiles/6_DAC.dir/Core/Src/main.c.obj
 .debug_macro   0x000192a0      0x781 CMakeFiles/6_DAC.dir/Core/Src/main.c.obj
 .debug_macro   0x00019a21      0x1d5 CMakeFiles/6_DAC.dir/Core/Src/main.c.obj
 .debug_macro   0x00019bf6      0x20a CMakeFiles/6_DAC.dir/Core/Src/main.c.obj
 .debug_macro   0x00019e00       0xe8 CMakeFiles/6_DAC.dir/Core/Src/main.c.obj
 .debug_macro   0x00019ee8      0x1a6 CMakeFiles/6_DAC.dir/Core/Src/main.c.obj
 .debug_macro   0x0001a08e       0x61 CMakeFiles/6_DAC.dir/Core/Src/main.c.obj
 .debug_macro   0x0001a0ef       0xaa CMakeFiles/6_DAC.dir/Core/Src/main.c.obj
 .debug_macro   0x0001a199      0x5f3 CMakeFiles/6_DAC.dir/Core/Src/main.c.obj
 .debug_macro   0x0001a78c      0x1bb CMakeFiles/6_DAC.dir/Core/Src/main.c.obj
 .debug_macro   0x0001a947      0x149 CMakeFiles/6_DAC.dir/Core/Src/main.c.obj
 .debug_macro   0x0001aa90       0x22 CMakeFiles/6_DAC.dir/Core/Src/main.c.obj
 .debug_macro   0x0001aab2       0x74 CMakeFiles/6_DAC.dir/Core/Src/main.c.obj
 .debug_macro   0x0001ab26       0x2a CMakeFiles/6_DAC.dir/Core/Src/main.c.obj
 .debug_macro   0x0001ab50       0x3c CMakeFiles/6_DAC.dir/Core/Src/main.c.obj
 .debug_macro   0x0001ab8c       0x34 CMakeFiles/6_DAC.dir/Core/Src/main.c.obj
 .debug_macro   0x0001abc0      0x189 CMakeFiles/6_DAC.dir/Core/Src/main.c.obj
 .debug_macro   0x0001ad49       0x16 CMakeFiles/6_DAC.dir/Core/Src/main.c.obj
 .debug_macro   0x0001ad5f       0x43 CMakeFiles/6_DAC.dir/Core/Src/main.c.obj
 .debug_macro   0x0001ada2       0x34 CMakeFiles/6_DAC.dir/Core/Src/main.c.obj
 .debug_macro   0x0001add6       0x10 CMakeFiles/6_DAC.dir/Core/Src/main.c.obj
 .debug_macro   0x0001ade6       0x58 CMakeFiles/6_DAC.dir/Core/Src/main.c.obj
 .debug_macro   0x0001ae3e      0x1de CMakeFiles/6_DAC.dir/Core/Src/main.c.obj
 .debug_macro   0x0001b01c      0x369 CMakeFiles/6_DAC.dir/Core/Src/main.c.obj
 .debug_macro   0x0001b385      0x19b CMakeFiles/6_DAC.dir/Core/Src/main.c.obj
 .debug_macro   0x0001b520      0x162 CMakeFiles/6_DAC.dir/Core/Src/stm32f4xx_it.c.obj
 .debug_macro   0x0001b682      0x110 CMakeFiles/6_DAC.dir/Drivers/STM32F4xx_HAL_Driver/Src/stm32f4xx_ll_gpio.c.obj
 .debug_macro   0x0001b792      0x143 CMakeFiles/6_DAC.dir/Drivers/STM32F4xx_HAL_Driver/Src/stm32f4xx_ll_gpio.c.obj
 .debug_macro   0x0001b8d5      0x16e CMakeFiles/6_DAC.dir/Drivers/STM32F4xx_HAL_Driver/Src/stm32f4xx_ll_adc.c.obj
 .debug_macro   0x0001ba43       0xfb CMakeFiles/6_DAC.dir/Drivers/STM32F4xx_HAL_Driver/Src/stm32f4xx_ll_rcc.c.obj
 .debug_macro   0x0001bb3e      0x77b CMakeFiles/6_DAC.dir/Drivers/STM32F4xx_HAL_Driver/Src/stm32f4xx_ll_rcc.c.obj
 .debug_macro   0x0001c2b9      0x1ae CMakeFiles/6_DAC.dir/Drivers/STM32F4xx_HAL_Driver/Src/stm32f4xx_ll_utils.c.obj
 .debug_macro   0x0001c467       0x5b CMakeFiles/6_DAC.dir/Drivers/STM32F4xx_HAL_Driver/Src/stm32f4xx_ll_utils.c.obj
 .debug_macro   0x0001c4c2       0xf5 CMakeFiles/6_DAC.dir/Drivers/STM32F4xx_HAL_Driver/Src/stm32f4xx_ll_exti.c.obj
 .debug_macro   0x0001c5b7       0xe2 CMakeFiles/6_DAC.dir/Drivers/STM32F4xx_HAL_Driver/Src/stm32f4xx_ll_exti.c.obj
 .debug_macro   0x0001c699      0x10a CMakeFiles/6_DAC.dir/Drivers/STM32F4xx_HAL_Driver/Src/stm32f4xx_ll_dac.c.obj
 .debug_macro   0x0001c7a3      0x247 CMakeFiles/6_DAC.dir/Drivers/STM32F4xx_HAL_Driver/Src/stm32f4xx_ll_dac.c.obj
 .debug_macro   0x0001c9ea      0x159 CMakeFiles/6_DAC.dir/Drivers/STM32F4xx_HAL_Driver/Src/stm32f4xx_ll_tim.c.obj
 .debug_macro   0x0001cb43      0x5ed CMakeFiles/6_DAC.dir/Drivers/STM32F4xx_HAL_Driver/Src/stm32f4xx_ll_tim.c.obj
 .debug_macro   0x0001d130      0x13d CMakeFiles/6_DAC.dir/Drivers/STM32F4xx_HAL_Driver/Src/stm32f4xx_ll_usart.c.obj
 .debug_macro   0x0001d26d      0x1b5 CMakeFiles/6_DAC.dir/Drivers/STM32F4xx_HAL_Driver/Src/stm32f4xx_ll_usart.c.obj
 .debug_macro   0x0001d422       0xce CMakeFiles/6_DAC.dir/Core/Src/system_stm32f4xx.c.obj

.debug_line     0x00000000     0x5d7e
 .debug_line    0x00000000     0x11d2 CMakeFiles/6_DAC.dir/Core/Src/main.c.obj
 .debug_line    0x000011d2      0x849 CMakeFiles/6_DAC.dir/Core/Src/stm32f4xx_it.c.obj
 .debug_line    0x00001a1b      0x7bb CMakeFiles/6_DAC.dir/Drivers/STM32F4xx_HAL_Driver/Src/stm32f4xx_ll_gpio.c.obj
 .debug_line    0x000021d6      0x710 CMakeFiles/6_DAC.dir/Drivers/STM32F4xx_HAL_Driver/Src/stm32f4xx_ll_adc.c.obj
 .debug_line    0x000028e6      0x906 CMakeFiles/6_DAC.dir/Drivers/STM32F4xx_HAL_Driver/Src/stm32f4xx_ll_rcc.c.obj
 .debug_line    0x000031ec      0x981 CMakeFiles/6_DAC.dir/Drivers/STM32F4xx_HAL_Driver/Src/stm32f4xx_ll_utils.c.obj
 .debug_line    0x00003b6d      0x5e9 CMakeFiles/6_DAC.dir/Drivers/STM32F4xx_HAL_Driver/Src/stm32f4xx_ll_exti.c.obj
 .debug_line    0x00004156      0x565 CMakeFiles/6_DAC.dir/Drivers/STM32F4xx_HAL_Driver/Src/stm32f4xx_ll_dac.c.obj
 .debug_line    0x000046bb      0xadd CMakeFiles/6_DAC.dir/Drivers/STM32F4xx_HAL_Driver/Src/stm32f4xx_ll_tim.c.obj
 .debug_line    0x00005198      0x6dd CMakeFiles/6_DAC.dir/Drivers/STM32F4xx_HAL_Driver/Src/stm32f4xx_ll_usart.c.obj
 .debug_line    0x00005875      0x48f CMakeFiles/6_DAC.dir/Core/Src/system_stm32f4xx.c.obj
 .debug_line    0x00005d04       0x7a CMakeFiles/6_DAC.dir/startup_stm32f407xx.s.obj

.debug_str      0x00000000    0xaa50a
 .debug_str     0x00000000    0xa2fc4 CMakeFiles/6_DAC.dir/Core/Src/main.c.obj
                              0xa3339 (size before relaxing)
 .debug_str     0x000a2fc4      0x24c CMakeFiles/6_DAC.dir/Core/Src/stm32f4xx_it.c.obj
                              0x9eb3c (size before relaxing)
 .debug_str     0x000a3210      0x679 CMakeFiles/6_DAC.dir/Drivers/STM32F4xx_HAL_Driver/Src/stm32f4xx_ll_gpio.c.obj
                              0x8a096 (size before relaxing)
 .debug_str     0x000a3889     0x250f CMakeFiles/6_DAC.dir/Drivers/STM32F4xx_HAL_Driver/Src/stm32f4xx_ll_adc.c.obj
                              0x9372b (size before relaxing)
 .debug_str     0x000a5d98      0x580 CMakeFiles/6_DAC.dir/Drivers/STM32F4xx_HAL_Driver/Src/stm32f4xx_ll_rcc.c.obj
                              0x8cb82 (size before relaxing)
 .debug_str     0x000a6318     0x165e CMakeFiles/6_DAC.dir/Drivers/STM32F4xx_HAL_Driver/Src/stm32f4xx_ll_utils.c.obj
                              0x8f318 (size before relaxing)
 .debug_str     0x000a7976      0x317 CMakeFiles/6_DAC.dir/Drivers/STM32F4xx_HAL_Driver/Src/stm32f4xx_ll_exti.c.obj
                              0x88d16 (size before relaxing)
 .debug_str     0x000a7c8d      0xcbf CMakeFiles/6_DAC.dir/Drivers/STM32F4xx_HAL_Driver/Src/stm32f4xx_ll_dac.c.obj
                              0x8b411 (size before relaxing)
 .debug_str     0x000a894c     0x12df CMakeFiles/6_DAC.dir/Drivers/STM32F4xx_HAL_Driver/Src/stm32f4xx_ll_tim.c.obj
                              0x8d7a0 (size before relaxing)
 .debug_str     0x000a9c2b      0x805 CMakeFiles/6_DAC.dir/Drivers/STM32F4xx_HAL_Driver/Src/stm32f4xx_ll_usart.c.obj
                              0x8e9c4 (size before relaxing)
 .debug_str     0x000aa430       0x7b CMakeFiles/6_DAC.dir/Core/Src/system_stm32f4xx.c.obj
                              0x88670 (size before relaxing)
 .debug_str     0x000aa4ab       0x5f CMakeFiles/6_DAC.dir/startup_stm32f407xx.s.obj
                                 0x98 (size before relaxing)

.comment        0x00000000       0x43
 .comment       0x00000000       0x43 CMakeFiles/6_DAC.dir/Core/Src/main.c.obj
                                 0x44 (size before relaxing)
 .comment       0x00000043       0x44 CMakeFiles/6_DAC.dir/Core/Src/stm32f4xx_it.c.obj
 .comment       0x00000043       0x44 CMakeFiles/6_DAC.dir/Drivers/STM32F4xx_HAL_Driver/Src/stm32f4xx_ll_gpio.c.obj
 .comment       0x00000043       0x44 CMakeFiles/6_DAC.dir/Drivers/STM32F4xx_HAL_Driver/Src/stm32f4xx_ll_adc.c.obj
 .comment       0x00000043       0x44 CMakeFiles/6_DAC.dir/Drivers/STM32F4xx_HAL_Driver/Src/stm32f4xx_ll_rcc.c.obj
 .comment       0x00000043       0x44 CMakeFiles/6_DAC.dir/Drivers/STM32F4xx_HAL_Driver/Src/stm32f4xx_ll_utils.c.obj
 .comment       0x00000043       0x44 CMakeFiles/6_DAC.dir/Drivers/STM32F4xx_HAL_Driver/Src/stm32f4xx_ll_exti.c.obj
 .comment       0x00000043       0x44 CMakeFiles/6_DAC.dir/Drivers/STM32F4xx_HAL_Driver/Src/stm32f4xx_ll_dac.c.obj
 .comment       0x00000043       0x44 CMakeFiles/6_DAC.dir/Drivers/STM32F4xx_HAL_Driver/Src/stm32f4xx_ll_tim.c.obj
 .comment       0x00000043       0x44 CMakeFiles/6_DAC.dir/Drivers/STM32F4xx_HAL_Driver/Src/stm32f4xx_ll_usart.c.obj
 .comment       0x00000043       0x44 CMakeFiles/6_DAC.dir/Core/Src/system_stm32f4xx.c.obj

.debug_line_str
                0x00000000       0x7c
 .debug_line_str
                0x00000000       0x7c CMakeFiles/6_DAC.dir/startup_stm32f407xx.s.obj
