Archive member included to satisfy reference by file (symbol)

C:/ST/STM32CubeCLT_1.16.0/GNU-tools-for-STM32/bin/../lib/gcc/arm-none-eabi/12.3.1/../../../../arm-none-eabi/lib/thumb/v7e-m+fp/hard\libc_nano.a(libc_a-exit.o)
                              C:/ST/STM32CubeCLT_1.16.0/GNU-tools-for-STM32/bin/../lib/gcc/arm-none-eabi/12.3.1/../../../../arm-none-eabi/lib/thumb/v7e-m+fp/hard/crt0.o (exit)
C:/ST/STM32CubeCLT_1.16.0/GNU-tools-for-STM32/bin/../lib/gcc/arm-none-eabi/12.3.1/../../../../arm-none-eabi/lib/thumb/v7e-m+fp/hard\libc_nano.a(libc_a-findfp.o)
                              C:/ST/STM32CubeCLT_1.16.0/GNU-tools-for-STM32/bin/../lib/gcc/arm-none-eabi/12.3.1/../../../../arm-none-eabi/lib/thumb/v7e-m+fp/hard\libc_nano.a(libc_a-exit.o) (__stdio_exit_handler)
C:/ST/STM32CubeCLT_1.16.0/GNU-tools-for-STM32/bin/../lib/gcc/arm-none-eabi/12.3.1/../../../../arm-none-eabi/lib/thumb/v7e-m+fp/hard\libc_nano.a(libc_a-fwalk.o)
                              C:/ST/STM32CubeCLT_1.16.0/GNU-tools-for-STM32/bin/../lib/gcc/arm-none-eabi/12.3.1/../../../../arm-none-eabi/lib/thumb/v7e-m+fp/hard\libc_nano.a(libc_a-findfp.o) (_fwalk_sglue)
C:/ST/STM32CubeCLT_1.16.0/GNU-tools-for-STM32/bin/../lib/gcc/arm-none-eabi/12.3.1/../../../../arm-none-eabi/lib/thumb/v7e-m+fp/hard\libc_nano.a(libc_a-stdio.o)
                              C:/ST/STM32CubeCLT_1.16.0/GNU-tools-for-STM32/bin/../lib/gcc/arm-none-eabi/12.3.1/../../../../arm-none-eabi/lib/thumb/v7e-m+fp/hard\libc_nano.a(libc_a-findfp.o) (__sread)
C:/ST/STM32CubeCLT_1.16.0/GNU-tools-for-STM32/bin/../lib/gcc/arm-none-eabi/12.3.1/../../../../arm-none-eabi/lib/thumb/v7e-m+fp/hard\libc_nano.a(libc_a-memset.o)
                              C:/ST/STM32CubeCLT_1.16.0/GNU-tools-for-STM32/bin/../lib/gcc/arm-none-eabi/12.3.1/../../../../arm-none-eabi/lib/thumb/v7e-m+fp/hard/crt0.o (memset)
C:/ST/STM32CubeCLT_1.16.0/GNU-tools-for-STM32/bin/../lib/gcc/arm-none-eabi/12.3.1/../../../../arm-none-eabi/lib/thumb/v7e-m+fp/hard\libc_nano.a(libc_a-closer.o)
                              C:/ST/STM32CubeCLT_1.16.0/GNU-tools-for-STM32/bin/../lib/gcc/arm-none-eabi/12.3.1/../../../../arm-none-eabi/lib/thumb/v7e-m+fp/hard\libc_nano.a(libc_a-stdio.o) (_close_r)
C:/ST/STM32CubeCLT_1.16.0/GNU-tools-for-STM32/bin/../lib/gcc/arm-none-eabi/12.3.1/../../../../arm-none-eabi/lib/thumb/v7e-m+fp/hard\libc_nano.a(libc_a-reent.o)
                              C:/ST/STM32CubeCLT_1.16.0/GNU-tools-for-STM32/bin/../lib/gcc/arm-none-eabi/12.3.1/../../../../arm-none-eabi/lib/thumb/v7e-m+fp/hard\libc_nano.a(libc_a-closer.o) (errno)
C:/ST/STM32CubeCLT_1.16.0/GNU-tools-for-STM32/bin/../lib/gcc/arm-none-eabi/12.3.1/../../../../arm-none-eabi/lib/thumb/v7e-m+fp/hard\libc_nano.a(libc_a-impure.o)
                              C:/ST/STM32CubeCLT_1.16.0/GNU-tools-for-STM32/bin/../lib/gcc/arm-none-eabi/12.3.1/../../../../arm-none-eabi/lib/thumb/v7e-m+fp/hard\libc_nano.a(libc_a-reent.o) (_impure_ptr)
C:/ST/STM32CubeCLT_1.16.0/GNU-tools-for-STM32/bin/../lib/gcc/arm-none-eabi/12.3.1/../../../../arm-none-eabi/lib/thumb/v7e-m+fp/hard\libc_nano.a(libc_a-lseekr.o)
                              C:/ST/STM32CubeCLT_1.16.0/GNU-tools-for-STM32/bin/../lib/gcc/arm-none-eabi/12.3.1/../../../../arm-none-eabi/lib/thumb/v7e-m+fp/hard\libc_nano.a(libc_a-stdio.o) (_lseek_r)
C:/ST/STM32CubeCLT_1.16.0/GNU-tools-for-STM32/bin/../lib/gcc/arm-none-eabi/12.3.1/../../../../arm-none-eabi/lib/thumb/v7e-m+fp/hard\libc_nano.a(libc_a-readr.o)
                              C:/ST/STM32CubeCLT_1.16.0/GNU-tools-for-STM32/bin/../lib/gcc/arm-none-eabi/12.3.1/../../../../arm-none-eabi/lib/thumb/v7e-m+fp/hard\libc_nano.a(libc_a-stdio.o) (_read_r)
C:/ST/STM32CubeCLT_1.16.0/GNU-tools-for-STM32/bin/../lib/gcc/arm-none-eabi/12.3.1/../../../../arm-none-eabi/lib/thumb/v7e-m+fp/hard\libc_nano.a(libc_a-writer.o)
                              C:/ST/STM32CubeCLT_1.16.0/GNU-tools-for-STM32/bin/../lib/gcc/arm-none-eabi/12.3.1/../../../../arm-none-eabi/lib/thumb/v7e-m+fp/hard\libc_nano.a(libc_a-stdio.o) (_write_r)
C:/ST/STM32CubeCLT_1.16.0/GNU-tools-for-STM32/bin/../lib/gcc/arm-none-eabi/12.3.1/../../../../arm-none-eabi/lib/thumb/v7e-m+fp/hard\libc_nano.a(libc_a-init.o)
                              C:/ST/STM32CubeCLT_1.16.0/GNU-tools-for-STM32/bin/../lib/gcc/arm-none-eabi/12.3.1/../../../../arm-none-eabi/lib/thumb/v7e-m+fp/hard/crt0.o (__libc_init_array)
C:/ST/STM32CubeCLT_1.16.0/GNU-tools-for-STM32/bin/../lib/gcc/arm-none-eabi/12.3.1/../../../../arm-none-eabi/lib/thumb/v7e-m+fp/hard\libc_nano.a(libc_a-lock.o)
                              C:/ST/STM32CubeCLT_1.16.0/GNU-tools-for-STM32/bin/../lib/gcc/arm-none-eabi/12.3.1/../../../../arm-none-eabi/lib/thumb/v7e-m+fp/hard\libc_nano.a(libc_a-findfp.o) (__retarget_lock_init_recursive)
C:/ST/STM32CubeCLT_1.16.0/GNU-tools-for-STM32/bin/../lib/gcc/arm-none-eabi/12.3.1/../../../../arm-none-eabi/lib/thumb/v7e-m+fp/hard\libc_nano.a(libc_a-freer.o)
[...]
Memory Configuration

Name             Origin             Length             Attributes
RAM              0x20000000         0x00020000         xrw
CCMRAM           0x10000000         0x00010000         xrw
FLASH            0x08000000         0x00080000         xr
*default*        0x00000000         0xffffffff

Linker script and memory map

LOAD C:/ST/STM32CubeCLT_1.16.0/GNU-tools-for-STM32/bin/../lib/gcc/arm-none-eabi/12.3.1/thumb/v7e-m+fp/hard/crti.o
LOAD C:/ST/STM32CubeCLT_1.16.0/GNU-tools-for-STM32/bin/../lib/gcc/arm-none-eabi/12.3.1/thumb/v7e-m+fp/hard/crtbegin.o
LOAD C:/ST/STM32CubeCLT_1.16.0/GNU-tools-for-STM32/bin/../lib/gcc/arm-none-eabi/12.3.1/../../../../arm-none-eabi/lib/thumb/v7e-m+fp/hard/crt0.o
START GROUP
LOAD C:/ST/STM32CubeCLT_1.16.0/GNU-tools-for-STM32/bin/../lib/gcc/arm-none-eabi/12.3.1/../../../../arm-none-eabi/lib/thumb/v7e-m+fp/hard\libc_nano.a
LOAD C:/ST/STM32CubeCLT_1.16.0/GNU-tools-for-STM32/bin/../lib/gcc/arm-none-eabi/12.3.1/../../../../arm-none-eabi/lib/thumb/v7e-m+fp/hard\libm.a
END GROUP
LOAD CMakeFiles/3_TIM.dir/Core/Src/main.c.obj
LOAD CMakeFiles/3_TIM.dir/Core/Src/stm32f4xx_it.c.obj
LOAD CMakeFiles/3_TIM.dir/Drivers/STM32F4xx_HAL_Driver/Src/stm32f4xx_ll_gpio.c.obj
LOAD CMakeFiles/3_TIM.dir/Drivers/STM32F4xx_HAL_Driver/Src/stm32f4xx_ll_dma.c.obj
LOAD CMakeFiles/3_TIM.dir/Drivers/STM32F4xx_HAL_Driver/Src/stm32f4xx_ll_tim.c.obj
LOAD CMakeFiles/3_TIM.dir/Drivers/STM32F4xx_HAL_Driver/Src/stm32f4xx_ll_rcc.c.obj
LOAD CMakeFiles/3_TIM.dir/Drivers/STM32F4xx_HAL_Driver/Src/stm32f4xx_ll_utils.c.obj
LOAD CMakeFiles/3_TIM.dir/Drivers/STM32F4xx_HAL_Driver/Src/stm32f4xx_ll_exti.c.obj
LOAD CMakeFiles/3_TIM.dir/Drivers/STM32F4xx_HAL_Driver/Src/stm32f4xx_ll_usart.c.obj
LOAD CMakeFiles/3_TIM.dir/Core/Src/system_stm32f4xx.c.obj
LOAD CMakeFiles/3_TIM.dir/Core/Src/sysmem.c.obj
LOAD CMakeFiles/3_TIM.dir/Core/Src/syscalls.c.obj
LOAD CMakeFiles/3_TIM.dir/startup_stm32f407xx.s.obj
START GROUP
LOAD C:/ST/STM32CubeCLT_1.16.0/GNU-tools-for-STM32/bin/../lib/gcc/arm-none-eabi/12.3.1/thumb/v7e-m+fp/hard\libgcc.a
LOAD C:/ST/STM32CubeCLT_1.16.0/GNU-tools-for-STM32/bin/../lib/gcc/arm-none-eabi/12.3.1/../../../../arm-none-eabi/lib/thumb/v7e-m+fp/hard\libg_nano.a
LOAD C:/ST/STM32CubeCLT_1.16.0/GNU-tools-for-STM32/bin/../lib/gcc/arm-none-eabi/12.3.1/../../../../arm-none-eabi/lib/thumb/v7e-m+fp/hard\libc_nano.a
END GROUP
START GROUP
LOAD C:/ST/STM32CubeCLT_1.16.0/GNU-tools-for-STM32/bin/../lib/gcc/arm-none-eabi/12.3.1/thumb/v7e-m+fp/hard\libgcc.a
LOAD C:/ST/STM32CubeCLT_1.16.0/GNU-tools-for-STM32/bin/../lib/gcc/arm-none-eabi/12.3.1/../../../../arm-none-eabi/lib/thumb/v7e-m+fp/hard\libc_nano.a
END GROUP
LOAD C:/ST/STM32CubeCLT_1.16.0/GNU-tools-for-STM32/bin/../lib/gcc/arm-none-eabi/12.3.1/thumb/v7e-m+fp/hard/crtend.o
LOAD C:/ST/STM32CubeCLT_1.16.0/GNU-tools-for-STM32/bin/../lib/gcc/arm-none-eabi/12.3.1/thumb/v7e-m+fp/hard/crtn.o
                0x20020000                        _estack = (ORIGIN (RAM) + LENGTH (RAM))
                0x00000200                        _Min_Heap_Size = 0x200
                0x00000400                        _Min_Stack_Size = 0x400

.isr_vector     0x08000000      0x188
                0x08000000                        . = ALIGN (0x4)
 *(.isr_vector)
 .isr_vector    0x08000000      0x188 CMakeFiles/3_TIM.dir/startup_stm32f407xx.s.obj
                0x08000000                g_pfnVectors
                0x08000188                        . = ALIGN (0x4)

.text           0x08000190     0x36bc
                0x08000190                        . = ALIGN (0x4)
 *(.text)
 .text          0x08000190       0x40 C:/ST/STM32CubeCLT_1.16.0/GNU-tools-for-STM32/bin/../lib/gcc/arm-none-eabi/12.3.1/thumb/v7e-m+fp/hard/crtbegin.o
 .text          0x080001d0       0x30 C:/ST/STM32CubeCLT_1.16.0/GNU-tools-for-STM32/bin/../lib/gcc/arm-none-eabi/12.3.1/thumb/v7e-m+fp/hard\libgcc.a(_aeabi_uldivmod.o)
                0x080001d0                __aeabi_uldivmod
 .text          0x08000200      0x2bc C:/ST/STM32CubeCLT_1.16.0/GNU-tools-for-STM32/bin/../lib/gcc/arm-none-eabi/12.3.1/thumb/v7e-m+fp/hard\libgcc.a(_udivmoddi4.o)
                0x08000200                __udivmoddi4
 .text          0x080004bc        0x4 C:/ST/STM32CubeCLT_1.16.0/GNU-tools-for-STM32/bin/../lib/gcc/arm-none-eabi/12.3.1/thumb/v7e-m+fp/hard\libgcc.a(_dvmd_tls.o)
                0x080004bc                __aeabi_idiv0
                0x080004bc                __aeabi_ldiv0
 .text          0x080004c0       0xa0 C:/ST/STM32CubeCLT_1.16.0/GNU-tools-for-STM32/bin/../lib/gcc/arm-none-eabi/12.3.1/../../../../arm-none-eabi/lib/thumb/v7e-m+fp/hard\libg_nano.a(libc_a-memchr.o)
                0x080004c0                memchr
 *(.text*)
 .text.std      0x08000560       0x6c C:/ST/STM32CubeCLT_1.16.0/GNU-tools-for-STM32/bin/../lib/gcc/arm-none-eabi/12.3.1/../../../../arm-none-eabi/lib/thumb/v7e-m+fp/hard\libc_nano.a(libc_a-findfp.o)
 .text.stdio_exit_handler
                0x080005cc       0x18 C:/ST/STM32CubeCLT_1.16.0/GNU-tools-for-STM32/bin/../lib/gcc/arm-none-eabi/12.3.1/../../../../arm-none-eabi/lib/thumb/v7e-m+fp/hard\libc_nano.a(libc_a-findfp.o)
 .text.cleanup_stdio
                0x080005e4       0x40 C:/ST/STM32CubeCLT_1.16.0/GNU-tools-for-STM32/bin/../lib/gcc/arm-none-eabi/12.3.1/../../../../arm-none-eabi/lib/thumb/v7e-m+fp/hard\libc_nano.a(libc_a-findfp.o)
 .text.global_stdio_init.part.0
                0x08000624       0x3c C:/ST/STM32CubeCLT_1.16.0/GNU-tools-for-STM32/bin/../lib/gcc/arm-none-eabi/12.3.1/../../../../arm-none-eabi/lib/thumb/v7e-m+fp/hard\libc_nano.a(libc_a-findfp.o)
 .text.__sfp_lock_acquire
                0x08000660        0xc C:/ST/STM32CubeCLT_1.16.0/GNU-tools-for-STM32/bin/../lib/gcc/arm-none-eabi/12.3.1/../../../../arm-none-eabi/lib/thumb/v7e-m+fp/hard\libc_nano.a(libc_a-findfp.o)
                0x08000660                __sfp_lock_acquire
 .text.__sfp_lock_release
                0x0800066c        0xc C:/ST/STM32CubeCLT_1.16.0/GNU-tools-for-STM32/bin/../lib/gcc/arm-none-eabi/12.3.1/../../../../arm-none-eabi/lib/thumb/v7e-m+fp/hard\libc_nano.a(libc_a-findfp.o)
                0x0800066c                __sfp_lock_release
 .text.__sinit  0x08000678       0x30 C:/ST/STM32CubeCLT_1.16.0/GNU-tools-for-STM32/bin/../lib/gcc/arm-none-eabi/12.3.1/../../../../arm-none-eabi/lib/thumb/v7e-m+fp/hard\libc_nano.a(libc_a-findfp.o)
                0x08000678                __sinit
 .text._fwalk_sglue
                0x080006a8       0x3c C:/ST/STM32CubeCLT_1.16.0/GNU-tools-for-STM32/bin/../lib/gcc/arm-none-eabi/12.3.1/../../../../arm-none-eabi/lib/thumb/v7e-m+fp/hard\libc_nano.a(libc_a-fwalk.o)
                0x080006a8                _fwalk_sglue
 .text.__sread  0x080006e4       0x22 C:/ST/STM32CubeCLT_1.16.0/GNU-tools-for-STM32/bin/../lib/gcc/arm-none-eabi/12.3.1/../../../../arm-none-eabi/lib/thumb/v7e-m+fp/hard\libc_nano.a(libc_a-stdio.o)
                0x080006e4                __sread
 .text.__swrite
                0x08000706       0x38 C:/ST/STM32CubeCLT_1.16.0/GNU-tools-for-STM32/bin/../lib/gcc/arm-none-eabi/12.3.1/../../../../arm-none-eabi/lib/thumb/v7e-m+fp/hard\libc_nano.a(libc_a-stdio.o)
                0x08000706                __swrite
 .text.__sseek  0x0800073e       0x24 C:/ST/STM32CubeCLT_1.16.0/GNU-tools-for-STM32/bin/../lib/gcc/arm-none-eabi/12.3.1/../../../../arm-none-eabi/lib/thumb/v7e-m+fp/hard\libc_nano.a(libc_a-stdio.o)
                0x0800073e                __sseek
 .text.__sclose
                0x08000762        0x8 C:/ST/STM32CubeCLT_1.16.0/GNU-tools-for-STM32/bin/../lib/gcc/arm-none-eabi/12.3.1/../../../../arm-none-eabi/lib/thumb/v7e-m+fp/hard\libc_nano.a(libc_a-stdio.o)
                0x08000762                __sclose
 .text.memset   0x0800076a       0x10 C:/ST/STM32CubeCLT_1.16.0/GNU-tools-for-STM32/bin/../lib/gcc/arm-none-eabi/12.3.1/../../../../arm-none-eabi/lib/thumb/v7e-m+fp/hard\libc_nano.a(libc_a-memset.o)
                0x0800076a                memset
 *fill*         0x0800077a        0x2 
 .text._close_r
                0x0800077c       0x20 C:/ST/STM32CubeCLT_1.16.0/GNU-tools-for-STM32/bin/../lib/gcc/arm-none-eabi/12.3.1/../../../../arm-none-eabi/lib/thumb/v7e-m+fp/hard\libc_nano.a(libc_a-closer.o)
                0x0800077c                _close_r
 .text._lseek_r
                0x0800079c       0x24 C:/ST/STM32CubeCLT_1.16.0/GNU-tools-for-STM32/bin/../lib/gcc/arm-none-eabi/12.3.1/../../../../arm-none-eabi/lib/thumb/v7e-m+fp/hard\libc_nano.a(libc_a-lseekr.o)
                0x0800079c                _lseek_r
 .text._read_r  0x080007c0       0x24 C:/ST/STM32CubeCLT_1.16.0/GNU-tools-for-STM32/bin/../lib/gcc/arm-none-eabi/12.3.1/../../../../arm-none-eabi/lib/thumb/v7e-m+fp/hard\libc_nano.a(libc_a-readr.o)
                0x080007c0                _read_r
 .text._write_r
                0x080007e4       0x24 C:/ST/STM32CubeCLT_1.16.0/GNU-tools-for-STM32/bin/../lib/gcc/arm-none-eabi/12.3.1/../../../../arm-none-eabi/lib/thumb/v7e-m+fp/hard\libc_nano.a(libc_a-writer.o)
                0x080007e4                _write_r
 .text.__libc_init_array
                0x08000808       0x48 C:/ST/STM32CubeCLT_1.16.0/GNU-tools-for-STM32/bin/../lib/gcc/arm-none-eabi/12.3.1/../../../../arm-none-eabi/lib/thumb/v7e-m+fp/hard\libc_nano.a(libc_a-init.o)
                0x08000808                __libc_init_array
 .text.__retarget_lock_init_recursive
                0x08000850        0x2 C:/ST/STM32CubeCLT_1.16.0/GNU-tools-for-STM32/bin/../lib/gcc/arm-none-eabi/12.3.1/../../../../arm-none-eabi/lib/thumb/v7e-m+fp/hard\libc_nano.a(libc_a-lock.o)
                0x08000850                __retarget_lock_init_recursive
 .text.__retarget_lock_acquire_recursive
                0x08000852        0x2 C:/ST/STM32CubeCLT_1.16.0/GNU-tools-for-STM32/bin/../lib/gcc/arm-none-eabi/12.3.1/../../../../arm-none-eabi/lib/thumb/v7e-m+fp/hard\libc_nano.a(libc_a-lock.o)
                0x08000852                __retarget_lock_acquire_recursive
 .text.__retarget_lock_release_recursive
                0x08000854        0x2 C:/ST/STM32CubeCLT_1.16.0/GNU-tools-for-STM32/bin/../lib/gcc/arm-none-eabi/12.3.1/../../../../arm-none-eabi/lib/thumb/v7e-m+fp/hard\libc_nano.a(libc_a-lock.o)
                0x08000854                __retarget_lock_release_recursive
 *fill*         0x08000856        0x2 
 .text._free_r  0x08000858       0x94 C:/ST/STM32CubeCLT_1.16.0/GNU-tools-for-STM32/bin/../lib/gcc/arm-none-eabi/12.3.1/../../../../arm-none-eabi/lib/thumb/v7e-m+fp/hard\libc_nano.a(libc_a-freer.o)
                0x08000858                _free_r
 .text.sbrk_aligned
                0x080008ec       0x44 C:/ST/STM32CubeCLT_1.16.0/GNU-tools-for-STM32/bin/../lib/gcc/arm-none-eabi/12.3.1/../../../../arm-none-eabi/lib/thumb/v7e-m+fp/hard\libc_nano.a(libc_a-mallocr.o)
 .text._malloc_r
                0x08000930      0x100 C:/ST/STM32CubeCLT_1.16.0/GNU-tools-for-STM32/bin/../lib/gcc/arm-none-eabi/12.3.1/../../../../arm-none-eabi/lib/thumb/v7e-m+fp/hard\libc_nano.a(libc_a-mallocr.o)
                0x08000930                _malloc_r
 .text.__malloc_lock
                0x08000a30        0xc C:/ST/STM32CubeCLT_1.16.0/GNU-tools-for-STM32/bin/../lib/gcc/arm-none-eabi/12.3.1/../../../../arm-none-eabi/lib/thumb/v7e-m+fp/hard\libc_nano.a(libc_a-mlock.o)
                0x08000a30                __malloc_lock
 .text.__malloc_unlock
                0x08000a3c        0xc C:/ST/STM32CubeCLT_1.16.0/GNU-tools-for-STM32/bin/../lib/gcc/arm-none-eabi/12.3.1/../../../../arm-none-eabi/lib/thumb/v7e-m+fp/hard\libc_nano.a(libc_a-mlock.o)
                0x08000a3c                __malloc_unlock
 .text.__sflush_r
                0x08000a48      0x108 C:/ST/STM32CubeCLT_1.16.0/GNU-tools-for-STM32/bin/../lib/gcc/arm-none-eabi/12.3.1/../../../../arm-none-eabi/lib/thumb/v7e-m+fp/hard\libc_nano.a(libc_a-fflush.o)
                0x08000a48                __sflush_r
 .text._fflush_r
                0x08000b50       0x50 C:/ST/STM32CubeCLT_1.16.0/GNU-tools-for-STM32/bin/../lib/gcc/arm-none-eabi/12.3.1/../../../../arm-none-eabi/lib/thumb/v7e-m+fp/hard\libc_nano.a(libc_a-fflush.o)
                0x08000b50                _fflush_r
 .text._sbrk_r  0x08000ba0       0x20 C:/ST/STM32CubeCLT_1.16.0/GNU-tools-for-STM32/bin/../lib/gcc/arm-none-eabi/12.3.1/../../../../arm-none-eabi/lib/thumb/v7e-m+fp/hard\libc_nano.a(libc_a-sbrkr.o)
                0x08000ba0                _sbrk_r
 .text.__NVIC_SetPriorityGrouping
                0x08000bc0       0x48 CMakeFiles/3_TIM.dir/Core/Src/main.c.obj
 .text.__NVIC_GetPriorityGrouping
                0x08000c08       0x1c CMakeFiles/3_TIM.dir/Core/Src/main.c.obj
 .text.__NVIC_EnableIRQ
                0x08000c24       0x3c CMakeFiles/3_TIM.dir/Core/Src/main.c.obj
 .text.__NVIC_SetPriority
                0x08000c60       0x54 CMakeFiles/3_TIM.dir/Core/Src/main.c.obj
 .text.NVIC_EncodePriority
                0x08000cb4       0x66 CMakeFiles/3_TIM.dir/Core/Src/main.c.obj
 *fill*         0x08000d1a        0x2 
 .text.LL_DMA_SetDataTransferDirection
                0x08000d1c       0x48 CMakeFiles/3_TIM.dir/Core/Src/main.c.obj
 .text.LL_DMA_SetMode
                0x08000d64       0x48 CMakeFiles/3_TIM.dir/Core/Src/main.c.obj
 .text.LL_DMA_SetPeriphIncMode
                0x08000dac       0x48 CMakeFiles/3_TIM.dir/Core/Src/main.c.obj
 .text.LL_DMA_SetMemoryIncMode
                0x08000df4       0x48 CMakeFiles/3_TIM.dir/Core/Src/main.c.obj
 .text.LL_DMA_SetPeriphSize
                0x08000e3c       0x48 CMakeFiles/3_TIM.dir/Core/Src/main.c.obj
 .text.LL_DMA_SetMemorySize
                0x08000e84       0x48 CMakeFiles/3_TIM.dir/Core/Src/main.c.obj
 .text.LL_DMA_SetStreamPriorityLevel
                0x08000ecc       0x48 CMakeFiles/3_TIM.dir/Core/Src/main.c.obj
 .text.LL_DMA_SetChannelSelection
                0x08000f14       0x48 CMakeFiles/3_TIM.dir/Core/Src/main.c.obj
 .text.LL_DMA_DisableFifoMode
                0x08000f5c       0x40 CMakeFiles/3_TIM.dir/Core/Src/main.c.obj
 .text.LL_RCC_HSE_Enable
                0x08000f9c       0x20 CMakeFiles/3_TIM.dir/Core/Src/main.c.obj
 .text.LL_RCC_HSE_IsReady
                0x08000fbc       0x28 CMakeFiles/3_TIM.dir/Core/Src/main.c.obj
 .text.LL_RCC_SetSysClkSource
                0x08000fe4       0x28 CMakeFiles/3_TIM.dir/Core/Src/main.c.obj
 .text.LL_RCC_GetSysClkSource
                0x0800100c       0x1c CMakeFiles/3_TIM.dir/Core/Src/main.c.obj
 .text.LL_RCC_SetAHBPrescaler
                0x08001028       0x28 CMakeFiles/3_TIM.dir/Core/Src/main.c.obj
 .text.LL_RCC_SetAPB1Prescaler
                0x08001050       0x28 CMakeFiles/3_TIM.dir/Core/Src/main.c.obj
 .text.LL_RCC_SetAPB2Prescaler
                0x08001078       0x28 CMakeFiles/3_TIM.dir/Core/Src/main.c.obj
 .text.LL_RCC_PLL_Enable
                0x080010a0       0x20 CMakeFiles/3_TIM.dir/Core/Src/main.c.obj
 .text.LL_RCC_PLL_IsReady
                0x080010c0       0x28 CMakeFiles/3_TIM.dir/Core/Src/main.c.obj
 .text.LL_RCC_PLL_ConfigDomain_SYS
                0x080010e8       0x4c CMakeFiles/3_TIM.dir/Core/Src/main.c.obj
 .text.LL_AHB1_GRP1_EnableClock
                0x08001134       0x30 CMakeFiles/3_TIM.dir/Core/Src/main.c.obj
 .text.LL_APB1_GRP1_EnableClock
                0x08001164       0x30 CMakeFiles/3_TIM.dir/Core/Src/main.c.obj
 .text.LL_APB2_GRP1_EnableClock
                0x08001194       0x30 CMakeFiles/3_TIM.dir/Core/Src/main.c.obj
 .text.LL_SYSCFG_SetEXTISource
                0x080011c4       0x6c CMakeFiles/3_TIM.dir/Core/Src/main.c.obj
 .text.LL_FLASH_SetLatency
                0x08001230       0x28 CMakeFiles/3_TIM.dir/Core/Src/main.c.obj
 .text.LL_FLASH_GetLatency
                0x08001258       0x1c CMakeFiles/3_TIM.dir/Core/Src/main.c.obj
 .text.LL_PWR_SetRegulVoltageScaling
                0x08001274       0x28 CMakeFiles/3_TIM.dir/Core/Src/main.c.obj
 .text.LL_PWR_IsActiveFlag_VOS
                0x0800129c       0x28 CMakeFiles/3_TIM.dir/Core/Src/main.c.obj
 .text.LL_TIM_EnableCounter
                0x080012c4       0x20 CMakeFiles/3_TIM.dir/Core/Src/main.c.obj
 .text.LL_TIM_DisableARRPreload
                0x080012e4       0x20 CMakeFiles/3_TIM.dir/Core/Src/main.c.obj
 .text.LL_TIM_SetClockSource
                0x08001304       0x2a CMakeFiles/3_TIM.dir/Core/Src/main.c.obj
 .text.LL_TIM_SetTriggerOutput
                0x0800132e       0x26 CMakeFiles/3_TIM.dir/Core/Src/main.c.obj
 .text.LL_TIM_DisableMasterSlaveMode
                0x08001354       0x20 CMakeFiles/3_TIM.dir/Core/Src/main.c.obj
 .text.LL_TIM_EnableIT_UPDATE
                0x08001374       0x20 CMakeFiles/3_TIM.dir/Core/Src/main.c.obj
 .text.LL_USART_Enable
                0x08001394       0x20 CMakeFiles/3_TIM.dir/Core/Src/main.c.obj
 .text.LL_USART_ConfigAsyncMode
                0x080013b4       0x2c CMakeFiles/3_TIM.dir/Core/Src/main.c.obj
 .text.LL_USART_IsActiveFlag_TXE
                0x080013e0       0x26 CMakeFiles/3_TIM.dir/Core/Src/main.c.obj
 .text.LL_USART_TransmitData8
                0x08001406       0x1e CMakeFiles/3_TIM.dir/Core/Src/main.c.obj
 .text.LL_GPIO_SetPinMode
                0x08001424       0x7a CMakeFiles/3_TIM.dir/Core/Src/main.c.obj
 .text.LL_GPIO_SetPinPull
                0x0800149e       0x7a CMakeFiles/3_TIM.dir/Core/Src/main.c.obj
 .text.LL_GPIO_SetOutputPin
                0x08001518       0x1c CMakeFiles/3_TIM.dir/Core/Src/main.c.obj
 .text.LL_GPIO_TogglePin
                0x08001534       0x32 CMakeFiles/3_TIM.dir/Core/Src/main.c.obj
 *fill*         0x08001566        0x2 
 .text.__io_putchar
                0x08001568       0x30 CMakeFiles/3_TIM.dir/Core/Src/main.c.obj
                0x08001568                __io_putchar
 .text.main     0x08001598      0x104 CMakeFiles/3_TIM.dir/Core/Src/main.c.obj
                0x08001598                main
 .text.SystemClock_Config
                0x0800169c       0x94 CMakeFiles/3_TIM.dir/Core/Src/main.c.obj
                0x0800169c                SystemClock_Config
 .text.MX_TIM2_Init
                0x08001730       0x88 CMakeFiles/3_TIM.dir/Core/Src/main.c.obj
 .text.MX_TIM7_Init
                0x080017b8       0x74 CMakeFiles/3_TIM.dir/Core/Src/main.c.obj
 .text.MX_USART3_UART_Init
                0x0800182c      0x124 CMakeFiles/3_TIM.dir/Core/Src/main.c.obj
 .text.MX_DMA_Init
                0x08001950       0x30 CMakeFiles/3_TIM.dir/Core/Src/main.c.obj
 .text.MX_GPIO_Init
                0x08001980      0x220 CMakeFiles/3_TIM.dir/Core/Src/main.c.obj
 .text.LL_EXTI_IsActiveFlag_0_31
                0x08001ba0       0x2c CMakeFiles/3_TIM.dir/Core/Src/stm32f4xx_it.c.obj
 .text.LL_EXTI_ClearFlag_0_31
                0x08001bcc       0x20 CMakeFiles/3_TIM.dir/Core/Src/stm32f4xx_it.c.obj
 .text.LL_TIM_ClearFlag_UPDATE
                0x08001bec       0x1c CMakeFiles/3_TIM.dir/Core/Src/stm32f4xx_it.c.obj
 .text.LL_TIM_IsActiveFlag_UPDATE
                0x08001c08       0x26 CMakeFiles/3_TIM.dir/Core/Src/stm32f4xx_it.c.obj
 .text.NMI_Handler
                0x08001c2e        0x8 CMakeFiles/3_TIM.dir/Core/Src/stm32f4xx_it.c.obj
                0x08001c2e                NMI_Handler
 .text.HardFault_Handler
                0x08001c36        0x8 CMakeFiles/3_TIM.dir/Core/Src/stm32f4xx_it.c.obj
                0x08001c36                HardFault_Handler
 .text.MemManage_Handler
                0x08001c3e        0x8 CMakeFiles/3_TIM.dir/Core/Src/stm32f4xx_it.c.obj
                0x08001c3e                MemManage_Handler
 .text.BusFault_Handler
                0x08001c46        0x8 CMakeFiles/3_TIM.dir/Core/Src/stm32f4xx_it.c.obj
                0x08001c46                BusFault_Handler
 .text.UsageFault_Handler
                0x08001c4e        0x8 CMakeFiles/3_TIM.dir/Core/Src/stm32f4xx_it.c.obj
                0x08001c4e                UsageFault_Handler
 .text.SVC_Handler
                0x08001c56        0xe CMakeFiles/3_TIM.dir/Core/Src/stm32f4xx_it.c.obj
                0x08001c56                SVC_Handler
 .text.DebugMon_Handler
                0x08001c64        0xe CMakeFiles/3_TIM.dir/Core/Src/stm32f4xx_it.c.obj
                0x08001c64                DebugMon_Handler
 .text.PendSV_Handler
                0x08001c72        0xe CMakeFiles/3_TIM.dir/Core/Src/stm32f4xx_it.c.obj
                0x08001c72                PendSV_Handler
 .text.SysTick_Handler
                0x08001c80        0xe CMakeFiles/3_TIM.dir/Core/Src/stm32f4xx_it.c.obj
                0x08001c80                SysTick_Handler
 .text.EXTI3_IRQHandler
                0x08001c8e       0x1a CMakeFiles/3_TIM.dir/Core/Src/stm32f4xx_it.c.obj
                0x08001c8e                EXTI3_IRQHandler
 .text.EXTI4_IRQHandler
                0x08001ca8       0x1a CMakeFiles/3_TIM.dir/Core/Src/stm32f4xx_it.c.obj
                0x08001ca8                EXTI4_IRQHandler
 .text.DMA1_Stream1_IRQHandler
                0x08001cc2        0xe CMakeFiles/3_TIM.dir/Core/Src/stm32f4xx_it.c.obj
                0x08001cc2                DMA1_Stream1_IRQHandler
 .text.TIM2_IRQHandler
                0x08001cd0       0x48 CMakeFiles/3_TIM.dir/Core/Src/stm32f4xx_it.c.obj
                0x08001cd0                TIM2_IRQHandler
 .text.USART3_IRQHandler
                0x08001d18        0xe CMakeFiles/3_TIM.dir/Core/Src/stm32f4xx_it.c.obj
                0x08001d18                USART3_IRQHandler
 .text.EXTI15_10_IRQHandler
                0x08001d26       0x34 CMakeFiles/3_TIM.dir/Core/Src/stm32f4xx_it.c.obj
                0x08001d26                EXTI15_10_IRQHandler
 *fill*         0x08001d5a        0x2 
 .text.TIM7_IRQHandler
                0x08001d5c       0x38 CMakeFiles/3_TIM.dir/Core/Src/stm32f4xx_it.c.obj
                0x08001d5c                TIM7_IRQHandler
 .text.LL_GPIO_SetPinMode
                0x08001d94       0x7a CMakeFiles/3_TIM.dir/Drivers/STM32F4xx_HAL_Driver/Src/stm32f4xx_ll_gpio.c.obj
 .text.LL_GPIO_SetPinOutputType
                0x08001e0e       0x30 CMakeFiles/3_TIM.dir/Drivers/STM32F4xx_HAL_Driver/Src/stm32f4xx_ll_gpio.c.obj
 .text.LL_GPIO_SetPinSpeed
                0x08001e3e       0x7a CMakeFiles/3_TIM.dir/Drivers/STM32F4xx_HAL_Driver/Src/stm32f4xx_ll_gpio.c.obj
 .text.LL_GPIO_SetPinPull
                0x08001eb8       0x7a CMakeFiles/3_TIM.dir/Drivers/STM32F4xx_HAL_Driver/Src/stm32f4xx_ll_gpio.c.obj
 .text.LL_GPIO_SetAFPin_0_7
                0x08001f32       0x7a CMakeFiles/3_TIM.dir/Drivers/STM32F4xx_HAL_Driver/Src/stm32f4xx_ll_gpio.c.obj
 .text.LL_GPIO_SetAFPin_8_15
                0x08001fac       0x7e CMakeFiles/3_TIM.dir/Drivers/STM32F4xx_HAL_Driver/Src/stm32f4xx_ll_gpio.c.obj
 .text.LL_GPIO_Init
                0x0800202a      0x102 CMakeFiles/3_TIM.dir/Drivers/STM32F4xx_HAL_Driver/Src/stm32f4xx_ll_gpio.c.obj
                0x0800202a                LL_GPIO_Init
 .text.LL_TIM_SetPrescaler
                0x0800212c       0x1c CMakeFiles/3_TIM.dir/Drivers/STM32F4xx_HAL_Driver/Src/stm32f4xx_ll_tim.c.obj
 .text.LL_TIM_SetAutoReload
                0x08002148       0x1c CMakeFiles/3_TIM.dir/Drivers/STM32F4xx_HAL_Driver/Src/stm32f4xx_ll_tim.c.obj
 .text.LL_TIM_SetRepetitionCounter
                0x08002164       0x1c CMakeFiles/3_TIM.dir/Drivers/STM32F4xx_HAL_Driver/Src/stm32f4xx_ll_tim.c.obj
 .text.LL_TIM_GenerateEvent_UPDATE
                0x08002180       0x20 CMakeFiles/3_TIM.dir/Drivers/STM32F4xx_HAL_Driver/Src/stm32f4xx_ll_tim.c.obj
 .text.LL_TIM_Init
                0x080021a0      0x134 CMakeFiles/3_TIM.dir/Drivers/STM32F4xx_HAL_Driver/Src/stm32f4xx_ll_tim.c.obj
                0x080021a0                LL_TIM_Init
 .text.LL_RCC_GetSysClkSource
                0x080022d4       0x1c CMakeFiles/3_TIM.dir/Drivers/STM32F4xx_HAL_Driver/Src/stm32f4xx_ll_rcc.c.obj
 .text.LL_RCC_GetAHBPrescaler
                0x080022f0       0x1c CMakeFiles/3_TIM.dir/Drivers/STM32F4xx_HAL_Driver/Src/stm32f4xx_ll_rcc.c.obj
 .text.LL_RCC_GetAPB1Prescaler
                0x0800230c       0x1c CMakeFiles/3_TIM.dir/Drivers/STM32F4xx_HAL_Driver/Src/stm32f4xx_ll_rcc.c.obj
 .text.LL_RCC_GetAPB2Prescaler
                0x08002328       0x1c CMakeFiles/3_TIM.dir/Drivers/STM32F4xx_HAL_Driver/Src/stm32f4xx_ll_rcc.c.obj
 .text.LL_RCC_PLL_GetMainSource
                0x08002344       0x1c CMakeFiles/3_TIM.dir/Drivers/STM32F4xx_HAL_Driver/Src/stm32f4xx_ll_rcc.c.obj
 .text.LL_RCC_PLL_GetN
                0x08002360       0x1c CMakeFiles/3_TIM.dir/Drivers/STM32F4xx_HAL_Driver/Src/stm32f4xx_ll_rcc.c.obj
 .text.LL_RCC_PLL_GetP
                0x0800237c       0x1c CMakeFiles/3_TIM.dir/Drivers/STM32F4xx_HAL_Driver/Src/stm32f4xx_ll_rcc.c.obj
 .text.LL_RCC_PLL_GetDivider
                0x08002398       0x1c CMakeFiles/3_TIM.dir/Drivers/STM32F4xx_HAL_Driver/Src/stm32f4xx_ll_rcc.c.obj
 .text.LL_RCC_GetSystemClocksFreq
                0x080023b4       0x4a CMakeFiles/3_TIM.dir/Drivers/STM32F4xx_HAL_Driver/Src/stm32f4xx_ll_rcc.c.obj
                0x080023b4                LL_RCC_GetSystemClocksFreq
 *fill*         0x080023fe        0x2 
 .text.RCC_GetSystemClockFreq
                0x08002400       0x50 CMakeFiles/3_TIM.dir/Drivers/STM32F4xx_HAL_Driver/Src/stm32f4xx_ll_rcc.c.obj
                0x08002400                RCC_GetSystemClockFreq
 .text.RCC_GetHCLKClockFreq
                0x08002450       0x2c CMakeFiles/3_TIM.dir/Drivers/STM32F4xx_HAL_Driver/Src/stm32f4xx_ll_rcc.c.obj
                0x08002450                RCC_GetHCLKClockFreq
 .text.RCC_GetPCLK1ClockFreq
                0x0800247c       0x28 CMakeFiles/3_TIM.dir/Drivers/STM32F4xx_HAL_Driver/Src/stm32f4xx_ll_rcc.c.obj
                0x0800247c                RCC_GetPCLK1ClockFreq
 .text.RCC_GetPCLK2ClockFreq
                0x080024a4       0x28 CMakeFiles/3_TIM.dir/Drivers/STM32F4xx_HAL_Driver/Src/stm32f4xx_ll_rcc.c.obj
                0x080024a4                RCC_GetPCLK2ClockFreq
 .text.RCC_PLL_GetFreqDomain_SYS
                0x080024cc       0x7c CMakeFiles/3_TIM.dir/Drivers/STM32F4xx_HAL_Driver/Src/stm32f4xx_ll_rcc.c.obj
                0x080024cc                RCC_PLL_GetFreqDomain_SYS
 .text.LL_InitTick
                0x08002548       0x34 CMakeFiles/3_TIM.dir/Drivers/STM32F4xx_HAL_Driver/Src/stm32f4xx_ll_utils.c.obj
 .text.LL_Init1msTick
                0x0800257c       0x1a CMakeFiles/3_TIM.dir/Drivers/STM32F4xx_HAL_Driver/Src/stm32f4xx_ll_utils.c.obj
                0x0800257c                LL_Init1msTick
 *fill*         0x08002596        0x2 
 .text.LL_SetSystemCoreClock
                0x08002598       0x20 CMakeFiles/3_TIM.dir/Drivers/STM32F4xx_HAL_Driver/Src/stm32f4xx_ll_utils.c.obj
                0x08002598                LL_SetSystemCoreClock
 .text.LL_EXTI_EnableIT_0_31
                0x080025b8       0x24 CMakeFiles/3_TIM.dir/Drivers/STM32F4xx_HAL_Driver/Src/stm32f4xx_ll_exti.c.obj
 .text.LL_EXTI_DisableIT_0_31
                0x080025dc       0x28 CMakeFiles/3_TIM.dir/Drivers/STM32F4xx_HAL_Driver/Src/stm32f4xx_ll_exti.c.obj
 .text.LL_EXTI_EnableEvent_0_31
                0x08002604       0x24 CMakeFiles/3_TIM.dir/Drivers/STM32F4xx_HAL_Driver/Src/stm32f4xx_ll_exti.c.obj
 .text.LL_EXTI_DisableEvent_0_31
                0x08002628       0x28 CMakeFiles/3_TIM.dir/Drivers/STM32F4xx_HAL_Driver/Src/stm32f4xx_ll_exti.c.obj
 .text.LL_EXTI_EnableRisingTrig_0_31
                0x08002650       0x24 CMakeFiles/3_TIM.dir/Drivers/STM32F4xx_HAL_Driver/Src/stm32f4xx_ll_exti.c.obj
 .text.LL_EXTI_DisableRisingTrig_0_31
                0x08002674       0x28 CMakeFiles/3_TIM.dir/Drivers/STM32F4xx_HAL_Driver/Src/stm32f4xx_ll_exti.c.obj
 .text.LL_EXTI_EnableFallingTrig_0_31
                0x0800269c       0x24 CMakeFiles/3_TIM.dir/Drivers/STM32F4xx_HAL_Driver/Src/stm32f4xx_ll_exti.c.obj
 .text.LL_EXTI_DisableFallingTrig_0_31
                0x080026c0       0x28 CMakeFiles/3_TIM.dir/Drivers/STM32F4xx_HAL_Driver/Src/stm32f4xx_ll_exti.c.obj
 .text.LL_EXTI_Init
                0x080026e8       0xfe CMakeFiles/3_TIM.dir/Drivers/STM32F4xx_HAL_Driver/Src/stm32f4xx_ll_exti.c.obj
                0x080026e8                LL_EXTI_Init
 .text.LL_USART_IsEnabled
                0x080027e6       0x28 CMakeFiles/3_TIM.dir/Drivers/STM32F4xx_HAL_Driver/Src/stm32f4xx_ll_usart.c.obj
 .text.LL_USART_SetStopBitsLength
                0x0800280e       0x26 CMakeFiles/3_TIM.dir/Drivers/STM32F4xx_HAL_Driver/Src/stm32f4xx_ll_usart.c.obj
 .text.LL_USART_SetHWFlowCtrl
                0x08002834       0x26 CMakeFiles/3_TIM.dir/Drivers/STM32F4xx_HAL_Driver/Src/stm32f4xx_ll_usart.c.obj
 *fill*         0x0800285a        0x2 
 .text.LL_USART_SetBaudRate
                0x0800285c      0x45c CMakeFiles/3_TIM.dir/Drivers/STM32F4xx_HAL_Driver/Src/stm32f4xx_ll_usart.c.obj
 .text.LL_USART_Init
                0x08002cb8      0x100 CMakeFiles/3_TIM.dir/Drivers/STM32F4xx_HAL_Driver/Src/stm32f4xx_ll_usart.c.obj
                0x08002cb8                LL_USART_Init
 .text.SystemInit
                0x08002db8       0x24 CMakeFiles/3_TIM.dir/Core/Src/system_stm32f4xx.c.obj
                0x08002db8                SystemInit
 .text._sbrk    0x08002ddc       0x6c CMakeFiles/3_TIM.dir/Core/Src/sysmem.c.obj
                0x08002ddc                _sbrk
 .text._read    0x08002e48       0x3a CMakeFiles/3_TIM.dir/Core/Src/syscalls.c.obj
                0x08002e48                _read
 .text._write   0x08002e82       0x38 CMakeFiles/3_TIM.dir/Core/Src/syscalls.c.obj
                0x08002e82                _write
 .text._close   0x08002eba       0x18 CMakeFiles/3_TIM.dir/Core/Src/syscalls.c.obj
                0x08002eba                _close
 .text._fstat   0x08002ed2       0x20 CMakeFiles/3_TIM.dir/Core/Src/syscalls.c.obj
                0x08002ed2                _fstat
 .text._isatty  0x08002ef2       0x16 CMakeFiles/3_TIM.dir/Core/Src/syscalls.c.obj
                0x08002ef2                _isatty
 .text._lseek   0x08002f08       0x1a CMakeFiles/3_TIM.dir/Core/Src/syscalls.c.obj
                0x08002f08                _lseek
 *fill*         0x08002f22        0x2 
 .text.Reset_Handler
                0x08002f24       0x50 CMakeFiles/3_TIM.dir/startup_stm32f407xx.s.obj
                0x08002f24                Reset_Handler
 .text.Default_Handler
                0x08002f74        0x2 CMakeFiles/3_TIM.dir/startup_stm32f407xx.s.obj
                0x08002f74                RTC_Alarm_IRQHandler
                0x08002f74                HASH_RNG_IRQHandler
                0x08002f74                EXTI2_IRQHandler
                0x08002f74                TIM8_CC_IRQHandler
                0x08002f74                TIM1_CC_IRQHandler
                0x08002f74                DMA2_Stream5_IRQHandler
                0x08002f74                DMA1_Stream5_IRQHandler
                0x08002f74                PVD_IRQHandler
                0x08002f74                SDIO_IRQHandler
                0x08002f74                TAMP_STAMP_IRQHandler
                0x08002f74                CAN2_RX1_IRQHandler
                0x08002f74                TIM8_TRG_COM_TIM14_IRQHandler
                0x08002f74                TIM1_UP_TIM10_IRQHandler
                0x08002f74                TIM8_UP_TIM13_IRQHandler
                0x08002f74                I2C3_ER_IRQHandler
                0x08002f74                EXTI0_IRQHandler
                0x08002f74                I2C2_EV_IRQHandler
                0x08002f74                DMA1_Stream2_IRQHandler
                0x08002f74                CAN1_RX0_IRQHandler
                0x08002f74                FPU_IRQHandler
                0x08002f74                OTG_HS_WKUP_IRQHandler
                0x08002f74                CAN2_SCE_IRQHandler
                0x08002f74                DMA2_Stream2_IRQHandler
                0x08002f74                SPI1_IRQHandler
                0x08002f74                TIM6_DAC_IRQHandler
                0x08002f74                TIM1_BRK_TIM9_IRQHandler
                0x08002f74                DCMI_IRQHandler
                0x08002f74                CAN2_RX0_IRQHandler
                0x08002f74                DMA2_Stream3_IRQHandler
                0x08002f74                USART6_IRQHandler
                0x08002f74                CAN1_RX1_IRQHandler
                0x08002f74                UART5_IRQHandler
                0x08002f74                DMA2_Stream0_IRQHandler
                0x08002f74                TIM4_IRQHandler
                0x08002f74                I2C1_EV_IRQHandler
                0x08002f74                DMA1_Stream6_IRQHandler
                0x08002f74                UART4_IRQHandler
                0x08002f74                TIM3_IRQHandler
                0x08002f74                RCC_IRQHandler
                0x08002f74                TIM8_BRK_TIM12_IRQHandler
                0x08002f74                Default_Handler
                0x08002f74                ADC_IRQHandler
                0x08002f74                DMA1_Stream7_IRQHandler
                0x08002f74                CAN2_TX_IRQHandler
                0x08002f74                TIM5_IRQHandler
                0x08002f74                DMA2_Stream7_IRQHandler
                0x08002f74                I2C3_EV_IRQHandler
                0x08002f74                EXTI9_5_IRQHandler
                0x08002f74                RTC_WKUP_IRQHandler
                0x08002f74                ETH_WKUP_IRQHandler
                0x08002f74                SPI2_IRQHandler
                0x08002f74                OTG_HS_EP1_IN_IRQHandler
                0x08002f74                DMA1_Stream0_IRQHandler
                0x08002f74                CAN1_TX_IRQHandler
                0x08002f74                FSMC_IRQHandler
                0x08002f74                ETH_IRQHandler
                0x08002f74                OTG_HS_EP1_OUT_IRQHandler
                0x08002f74                WWDG_IRQHandler
                0x08002f74                OTG_FS_WKUP_IRQHandler
                0x08002f74                TIM1_TRG_COM_TIM11_IRQHandler
                0x08002f74                OTG_HS_IRQHandler
                0x08002f74                EXTI1_IRQHandler
                0x08002f74                USART2_IRQHandler
                0x08002f74                I2C2_ER_IRQHandler
                0x08002f74                DMA2_Stream1_IRQHandler
                0x08002f74                CAN1_SCE_IRQHandler
                0x08002f74                FLASH_IRQHandler
                0x08002f74                DMA2_Stream4_IRQHandler
                0x08002f74                USART1_IRQHandler
                0x08002f74                OTG_FS_IRQHandler
                0x08002f74                SPI3_IRQHandler
                0x08002f74                DMA1_Stream4_IRQHandler
                0x08002f74                I2C1_ER_IRQHandler
                0x08002f74                DMA2_Stream6_IRQHandler
                0x08002f74                DMA1_Stream3_IRQHandler
 *fill*         0x08002f76        0x2 
 .text.printf   0x08002f78       0x24 C:/ST/STM32CubeCLT_1.16.0/GNU-tools-for-STM32/bin/../lib/gcc/arm-none-eabi/12.3.1/../../../../arm-none-eabi/lib/thumb/v7e-m+fp/hard\libg_nano.a(libc_a-printf.o)
                0x08002f78                iprintf
                0x08002f78                printf
 .text._puts_r  0x08002f9c       0xaa C:/ST/STM32CubeCLT_1.16.0/GNU-tools-for-STM32/bin/../lib/gcc/arm-none-eabi/12.3.1/../../../../arm-none-eabi/lib/thumb/v7e-m+fp/hard\libg_nano.a(libc_a-puts.o)
                0x08002f9c                _puts_r
 *fill*         0x08003046        0x2 
 .text.puts     0x08003048       0x10 C:/ST/STM32CubeCLT_1.16.0/GNU-tools-for-STM32/bin/../lib/gcc/arm-none-eabi/12.3.1/../../../../arm-none-eabi/lib/thumb/v7e-m+fp/hard\libg_nano.a(libc_a-puts.o)
                0x08003048                puts
 .text.__swbuf_r
                0x08003058       0x7c C:/ST/STM32CubeCLT_1.16.0/GNU-tools-for-STM32/bin/../lib/gcc/arm-none-eabi/12.3.1/../../../../arm-none-eabi/lib/thumb/v7e-m+fp/hard\libg_nano.a(libc_a-wbuf.o)
                0x08003058                __swbuf_r
 .text.__swsetup_r
                0x080030d4       0xac C:/ST/STM32CubeCLT_1.16.0/GNU-tools-for-STM32/bin/../lib/gcc/arm-none-eabi/12.3.1/../../../../arm-none-eabi/lib/thumb/v7e-m+fp/hard\libg_nano.a(libc_a-wsetup.o)
                0x080030d4                __swsetup_r
 .text.__errno  0x08003180        0xc C:/ST/STM32CubeCLT_1.16.0/GNU-tools-for-STM32/bin/../lib/gcc/arm-none-eabi/12.3.1/../../../../arm-none-eabi/lib/thumb/v7e-m+fp/hard\libg_nano.a(libc_a-errno.o)
                0x08003180                __errno
 .text.__sfputc_r
                0x0800318c       0x2e C:/ST/STM32CubeCLT_1.16.0/GNU-tools-for-STM32/bin/../lib/gcc/arm-none-eabi/12.3.1/../../../../arm-none-eabi/lib/thumb/v7e-m+fp/hard\libg_nano.a(libc_a-nano-vfprintf.o)
 .text.__sfputs_r
                0x080031ba       0x24 C:/ST/STM32CubeCLT_1.16.0/GNU-tools-for-STM32/bin/../lib/gcc/arm-none-eabi/12.3.1/../../../../arm-none-eabi/lib/thumb/v7e-m+fp/hard\libg_nano.a(libc_a-nano-vfprintf.o)
                0x080031ba                __sfputs_r
 *fill*         0x080031de        0x2 
 .text._vfprintf_r
                0x080031e0      0x230 C:/ST/STM32CubeCLT_1.16.0/GNU-tools-for-STM32/bin/../lib/gcc/arm-none-eabi/12.3.1/../../../../arm-none-eabi/lib/thumb/v7e-m+fp/hard\libg_nano.a(libc_a-nano-vfprintf.o)
                0x080031e0                _vfprintf_r
                0x080031e0                _vfiprintf_r
 .text._printf_common
                0x08003410       0xda C:/ST/STM32CubeCLT_1.16.0/GNU-tools-for-STM32/bin/../lib/gcc/arm-none-eabi/12.3.1/../../../../arm-none-eabi/lib/thumb/v7e-m+fp/hard\libg_nano.a(libc_a-nano-vfprintf_i.o)
                0x08003410                _printf_common
 *fill*         0x080034ea        0x2 
 .text._printf_i
                0x080034ec      0x240 C:/ST/STM32CubeCLT_1.16.0/GNU-tools-for-STM32/bin/../lib/gcc/arm-none-eabi/12.3.1/../../../../arm-none-eabi/lib/thumb/v7e-m+fp/hard\libg_nano.a(libc_a-nano-vfprintf_i.o)
                0x080034ec                _printf_i
 .text.__swhatbuf_r
                0x0800372c       0x4c C:/ST/STM32CubeCLT_1.16.0/GNU-tools-for-STM32/bin/../lib/gcc/arm-none-eabi/12.3.1/../../../../arm-none-eabi/lib/thumb/v7e-m+fp/hard\libg_nano.a(libc_a-makebuf.o)
                0x0800372c                __swhatbuf_r
 .text.__smakebuf_r
                0x08003778       0x78 C:/ST/STM32CubeCLT_1.16.0/GNU-tools-for-STM32/bin/../lib/gcc/arm-none-eabi/12.3.1/../../../../arm-none-eabi/lib/thumb/v7e-m+fp/hard\libg_nano.a(libc_a-makebuf.o)
                0x08003778                __smakebuf_r
 .text._fstat_r
                0x080037f0       0x24 C:/ST/STM32CubeCLT_1.16.0/GNU-tools-for-STM32/bin/../lib/gcc/arm-none-eabi/12.3.1/../../../../arm-none-eabi/lib/thumb/v7e-m+fp/hard\libg_nano.a(libc_a-fstatr.o)
                0x080037f0                _fstat_r
 .text._isatty_r
                0x08003814       0x20 C:/ST/STM32CubeCLT_1.16.0/GNU-tools-for-STM32/bin/../lib/gcc/arm-none-eabi/12.3.1/../../../../arm-none-eabi/lib/thumb/v7e-m+fp/hard\libg_nano.a(libc_a-isattyr.o)
                0x08003814                _isatty_r
 *(.glue_7)
 .glue_7        0x08003834        0x0 linker stubs
 *(.glue_7t)
 .glue_7t       0x08003834        0x0 linker stubs
 *(.eh_frame)
 .eh_frame      0x08003834        0x0 C:/ST/STM32CubeCLT_1.16.0/GNU-tools-for-STM32/bin/../lib/gcc/arm-none-eabi/12.3.1/thumb/v7e-m+fp/hard/crtbegin.o
 *(.init)
 .init          0x08003834        0x4 C:/ST/STM32CubeCLT_1.16.0/GNU-tools-for-STM32/bin/../lib/gcc/arm-none-eabi/12.3.1/thumb/v7e-m+fp/hard/crti.o
                0x08003834                _init
 .init          0x08003838        0x8 C:/ST/STM32CubeCLT_1.16.0/GNU-tools-for-STM32/bin/../lib/gcc/arm-none-eabi/12.3.1/thumb/v7e-m+fp/hard/crtn.o
 *(.fini)
 .fini          0x08003840        0x4 C:/ST/STM32CubeCLT_1.16.0/GNU-tools-for-STM32/bin/../lib/gcc/arm-none-eabi/12.3.1/thumb/v7e-m+fp/hard/crti.o
                0x08003840                _fini
 .fini          0x08003844        0x8 C:/ST/STM32CubeCLT_1.16.0/GNU-tools-for-STM32/bin/../lib/gcc/arm-none-eabi/12.3.1/thumb/v7e-m+fp/hard/crtn.o
                0x0800384c                        . = ALIGN (0x4)
                0x0800384c                        _etext = .

.vfp11_veneer   0x0800384c        0x0
 .vfp11_veneer  0x0800384c        0x0 linker stubs

.v4_bx          0x0800384c        0x0
 .v4_bx         0x0800384c        0x0 linker stubs

.iplt           0x0800384c        0x0
 .iplt          0x0800384c        0x0 C:/ST/STM32CubeCLT_1.16.0/GNU-tools-for-STM32/bin/../lib/gcc/arm-none-eabi/12.3.1/thumb/v7e-m+fp/hard/crtbegin.o

.rodata         0x0800384c       0x8c
                0x0800384c                        . = ALIGN (0x4)
 *(.rodata)
 .rodata        0x0800384c       0x38 CMakeFiles/3_TIM.dir/Core/Src/main.c.obj
 *(.rodata*)
 .rodata.STREAM_OFFSET_TAB
                0x08003884        0x8 CMakeFiles/3_TIM.dir/Core/Src/main.c.obj
 .rodata.AHBPrescTable
                0x0800388c       0x10 CMakeFiles/3_TIM.dir/Core/Src/system_stm32f4xx.c.obj
                0x0800388c                AHBPrescTable
 .rodata.APBPrescTable
                0x0800389c        0x8 CMakeFiles/3_TIM.dir/Core/Src/system_stm32f4xx.c.obj
                0x0800389c                APBPrescTable
 .rodata._vfprintf_r.str1.1
                0x080038a4       0x11 C:/ST/STM32CubeCLT_1.16.0/GNU-tools-for-STM32/bin/../lib/gcc/arm-none-eabi/12.3.1/../../../../arm-none-eabi/lib/thumb/v7e-m+fp/hard\libg_nano.a(libc_a-nano-vfprintf.o)
 .rodata._printf_i.str1.1
                0x080038b5       0x22 C:/ST/STM32CubeCLT_1.16.0/GNU-tools-for-STM32/bin/../lib/gcc/arm-none-eabi/12.3.1/../../../../arm-none-eabi/lib/thumb/v7e-m+fp/hard\libg_nano.a(libc_a-nano-vfprintf_i.o)
                0x080038d8                        . = ALIGN (0x4)
 *fill*         0x080038d7        0x1 

.ARM.extab
 *(.ARM.extab* .gnu.linkonce.armextab.*)

.ARM            0x080038d8        0x8
                0x080038d8                        __exidx_start = .
 *(.ARM.exidx*)
 .ARM.exidx     0x080038d8        0x8 C:/ST/STM32CubeCLT_1.16.0/GNU-tools-for-STM32/bin/../lib/gcc/arm-none-eabi/12.3.1/thumb/v7e-m+fp/hard\libgcc.a(_udivmoddi4.o)
 .ARM.exidx     0x080038e0        0x0 C:/ST/STM32CubeCLT_1.16.0/GNU-tools-for-STM32/bin/../lib/gcc/arm-none-eabi/12.3.1/../../../../arm-none-eabi/lib/thumb/v7e-m+fp/hard\libg_nano.a(libc_a-memchr.o)
                                  0x8 (size before relaxing)
                0x080038e0                        __exidx_end = .

.rel.dyn        0x080038e0        0x0
 .rel.iplt      0x080038e0        0x0 C:/ST/STM32CubeCLT_1.16.0/GNU-tools-for-STM32/bin/../lib/gcc/arm-none-eabi/12.3.1/thumb/v7e-m+fp/hard/crtbegin.o

.preinit_array  0x080038e0        0x0
                0x080038e0                        PROVIDE (__preinit_array_start = .)
 *(.preinit_array*)
                0x080038e0                        PROVIDE (__preinit_array_end = .)

.init_array     0x080038e0        0x4
                0x080038e0                        PROVIDE (__init_array_start = .)
 *(SORT_BY_NAME(.init_array.*))
 *(.init_array*)
 .init_array    0x080038e0        0x4 C:/ST/STM32CubeCLT_1.16.0/GNU-tools-for-STM32/bin/../lib/gcc/arm-none-eabi/12.3.1/thumb/v7e-m+fp/hard/crtbegin.o
                0x080038e4                        PROVIDE (__init_array_end = .)

.fini_array     0x080038e4        0x4
                [!provide]                        PROVIDE (__fini_array_start = .)
 *(SORT_BY_NAME(.fini_array.*))
 *(.fini_array*)
 .fini_array    0x080038e4        0x4 C:/ST/STM32CubeCLT_1.16.0/GNU-tools-for-STM32/bin/../lib/gcc/arm-none-eabi/12.3.1/thumb/v7e-m+fp/hard/crtbegin.o
                [!provide]                        PROVIDE (__fini_array_end = .)
                0x080038e8                        _sidata = LOADADDR (.data)

.data           0x20000000       0x60 load address 0x080038e8
                0x20000000                        . = ALIGN (0x4)
                0x20000000                        _sdata = .
 *(.data)
 *(.data*)
 .data.__sglue  0x20000000        0xc C:/ST/STM32CubeCLT_1.16.0/GNU-tools-for-STM32/bin/../lib/gcc/arm-none-eabi/12.3.1/../../../../arm-none-eabi/lib/thumb/v7e-m+fp/hard\libc_nano.a(libc_a-findfp.o)
                0x20000000                __sglue
 .data._impure_ptr
                0x2000000c        0x4 C:/ST/STM32CubeCLT_1.16.0/GNU-tools-for-STM32/bin/../lib/gcc/arm-none-eabi/12.3.1/../../../../arm-none-eabi/lib/thumb/v7e-m+fp/hard\libc_nano.a(libc_a-impure.o)
                0x2000000c                _impure_ptr
 .data._impure_data
                0x20000010       0x4c C:/ST/STM32CubeCLT_1.16.0/GNU-tools-for-STM32/bin/../lib/gcc/arm-none-eabi/12.3.1/../../../../arm-none-eabi/lib/thumb/v7e-m+fp/hard\libc_nano.a(libc_a-impure.o)
                0x20000010                _impure_data
 .data.SystemCoreClock
                0x2000005c        0x4 CMakeFiles/3_TIM.dir/Core/Src/system_stm32f4xx.c.obj
                0x2000005c                SystemCoreClock
                0x20000060                        . = ALIGN (0x4)
                0x20000060                        _edata = .
                0x08003948                        _siccmram = LOADADDR (.ccmram)

.igot.plt       0x20000060        0x0 load address 0x08003948
 .igot.plt      0x20000060        0x0 C:/ST/STM32CubeCLT_1.16.0/GNU-tools-for-STM32/bin/../lib/gcc/arm-none-eabi/12.3.1/thumb/v7e-m+fp/hard/crtbegin.o

.ccmram         0x10000000        0x0 load address 0x08003948
                0x10000000                        . = ALIGN (0x4)
                0x10000000                        _sccmram = .
 *(.ccmram)
 *(.ccmram*)
                0x10000000                        . = ALIGN (0x4)
                0x10000000                        _eccmram = .
                0x10000000                        . = ALIGN (0x4)

.bss            0x20000060      0x178
                0x20000060                        _sbss = .
                0x20000060                        __bss_start__ = _sbss
 *(.bss)
 .bss           0x20000060       0x1c C:/ST/STM32CubeCLT_1.16.0/GNU-tools-for-STM32/bin/../lib/gcc/arm-none-eabi/12.3.1/thumb/v7e-m+fp/hard/crtbegin.o
 *(.bss*)
 .bss.__sf      0x2000007c      0x138 C:/ST/STM32CubeCLT_1.16.0/GNU-tools-for-STM32/bin/../lib/gcc/arm-none-eabi/12.3.1/../../../../arm-none-eabi/lib/thumb/v7e-m+fp/hard\libc_nano.a(libc_a-findfp.o)
                0x2000007c                __sf
 .bss.__stdio_exit_handler
                0x200001b4        0x4 C:/ST/STM32CubeCLT_1.16.0/GNU-tools-for-STM32/bin/../lib/gcc/arm-none-eabi/12.3.1/../../../../arm-none-eabi/lib/thumb/v7e-m+fp/hard\libc_nano.a(libc_a-findfp.o)
                0x200001b4                __stdio_exit_handler
 .bss.errno     0x200001b8        0x4 C:/ST/STM32CubeCLT_1.16.0/GNU-tools-for-STM32/bin/../lib/gcc/arm-none-eabi/12.3.1/../../../../arm-none-eabi/lib/thumb/v7e-m+fp/hard\libc_nano.a(libc_a-reent.o)
                0x200001b8                errno
 .bss.__lock___malloc_recursive_mutex
                0x200001bc        0x1 C:/ST/STM32CubeCLT_1.16.0/GNU-tools-for-STM32/bin/../lib/gcc/arm-none-eabi/12.3.1/../../../../arm-none-eabi/lib/thumb/v7e-m+fp/hard\libc_nano.a(libc_a-lock.o)
                0x200001bc                __lock___malloc_recursive_mutex
 .bss.__lock___sfp_recursive_mutex
                0x200001bd        0x1 C:/ST/STM32CubeCLT_1.16.0/GNU-tools-for-STM32/bin/../lib/gcc/arm-none-eabi/12.3.1/../../../../arm-none-eabi/lib/thumb/v7e-m+fp/hard\libc_nano.a(libc_a-lock.o)
                0x200001bd                __lock___sfp_recursive_mutex
 *fill*         0x200001be        0x2 
 .bss.__malloc_sbrk_start
                0x200001c0        0x4 C:/ST/STM32CubeCLT_1.16.0/GNU-tools-for-STM32/bin/../lib/gcc/arm-none-eabi/12.3.1/../../../../arm-none-eabi/lib/thumb/v7e-m+fp/hard\libc_nano.a(libc_a-mallocr.o)
                0x200001c0                __malloc_sbrk_start
 .bss.__malloc_free_list
                0x200001c4        0x4 C:/ST/STM32CubeCLT_1.16.0/GNU-tools-for-STM32/bin/../lib/gcc/arm-none-eabi/12.3.1/../../../../arm-none-eabi/lib/thumb/v7e-m+fp/hard\libc_nano.a(libc_a-mallocr.o)
                0x200001c4                __malloc_free_list
 .bss.tim7_count
                0x200001c8        0x4 CMakeFiles/3_TIM.dir/Core/Src/main.c.obj
                0x200001c8                tim7_count
 .bss.tim2_count
                0x200001cc        0x4 CMakeFiles/3_TIM.dir/Core/Src/main.c.obj
                0x200001cc                tim2_count
 .bss.tim7_update
                0x200001d0        0x1 CMakeFiles/3_TIM.dir/Core/Src/main.c.obj
                0x200001d0                tim7_update
 .bss.tim2_update
                0x200001d1        0x1 CMakeFiles/3_TIM.dir/Core/Src/main.c.obj
                0x200001d1                tim2_update
 *fill*         0x200001d2        0x2 
 .bss.__sbrk_heap_end
                0x200001d4        0x4 CMakeFiles/3_TIM.dir/Core/Src/sysmem.c.obj
 *(COMMON)
                0x200001d8                        . = ALIGN (0x4)
                0x200001d8                        _ebss = .
                0x200001d8                        __bss_end__ = _ebss

._user_heap_stack
                0x200001d8      0x600
                0x200001d8                        . = ALIGN (0x8)
                [!provide]                        PROVIDE (end = .)
                0x200001d8                        PROVIDE (_end = .)
                0x200003d8                        . = (. + _Min_Heap_Size)
 *fill*         0x200001d8      0x200 
                0x200007d8                        . = (. + _Min_Stack_Size)
 *fill*         0x200003d8      0x400 
                0x200007d8                        . = ALIGN (0x8)

/DISCARD/
 libc.a(*)
 libm.a(*)
 libgcc.a(*)

.ARM.attributes
                0x00000000       0x30
 *(.ARM.attributes)
 .ARM.attributes
                0x00000000       0x22 C:/ST/STM32CubeCLT_1.16.0/GNU-tools-for-STM32/bin/../lib/gcc/arm-none-eabi/12.3.1/thumb/v7e-m+fp/hard/crti.o
 .ARM.attributes
                0x00000022       0x34 C:/ST/STM32CubeCLT_1.16.0/GNU-tools-for-STM32/bin/../lib/gcc/arm-none-eabi/12.3.1/thumb/v7e-m+fp/hard/crtbegin.o
 .ARM.attributes
                0x00000056       0x34 C:/ST/STM32CubeCLT_1.16.0/GNU-tools-for-STM32/bin/../lib/gcc/arm-none-eabi/12.3.1/../../../../arm-none-eabi/lib/thumb/v7e-m+fp/hard\libc_nano.a(libc_a-findfp.o)
 .ARM.attributes
                0x0000008a       0x34 C:/ST/STM32CubeCLT_1.16.0/GNU-tools-for-STM32/bin/../lib/gcc/arm-none-eabi/12.3.1/../../../../arm-none-eabi/lib/thumb/v7e-m+fp/hard\libc_nano.a(libc_a-fwalk.o)
 .ARM.attributes
                0x000000be       0x34 C:/ST/STM32CubeCLT_1.16.0/GNU-tools-for-STM32/bin/../lib/gcc/arm-none-eabi/12.3.1/../../../../arm-none-eabi/lib/thumb/v7e-m+fp/hard\libc_nano.a(libc_a-stdio.o)
 .ARM.attributes
                0x000000f2       0x34 C:/ST/STM32CubeCLT_1.16.0/GNU-tools-for-STM32/bin/../lib/gcc/arm-none-eabi/12.3.1/../../../../arm-none-eabi/lib/thumb/v7e-m+fp/hard\libc_nano.a(libc_a-memset.o)
 .ARM.attributes
                0x00000126       0x34 C:/ST/STM32CubeCLT_1.16.0/GNU-tools-for-STM32/bin/../lib/gcc/arm-none-eabi/12.3.1/../../../../arm-none-eabi/lib/thumb/v7e-m+fp/hard\libc_nano.a(libc_a-closer.o)
 .ARM.attributes
                0x0000015a       0x34 C:/ST/STM32CubeCLT_1.16.0/GNU-tools-for-STM32/bin/../lib/gcc/arm-none-eabi/12.3.1/../../../../arm-none-eabi/lib/thumb/v7e-m+fp/hard\libc_nano.a(libc_a-reent.o)
 .ARM.attributes
                0x0000018e       0x34 C:/ST/STM32CubeCLT_1.16.0/GNU-tools-for-STM32/bin/../lib/gcc/arm-none-eabi/12.3.1/../../../../arm-none-eabi/lib/thumb/v7e-m+fp/hard\libc_nano.a(libc_a-impure.o)
 .ARM.attributes
                0x000001c2       0x34 C:/ST/STM32CubeCLT_1.16.0/GNU-tools-for-STM32/bin/../lib/gcc/arm-none-eabi/12.3.1/../../../../arm-none-eabi/lib/thumb/v7e-m+fp/hard\libc_nano.a(libc_a-lseekr.o)
 .ARM.attributes
                0x000001f6       0x34 C:/ST/STM32CubeCLT_1.16.0/GNU-tools-for-STM32/bin/../lib/gcc/arm-none-eabi/12.3.1/../../../../arm-none-eabi/lib/thumb/v7e-m+fp/hard\libc_nano.a(libc_a-readr.o)
 .ARM.attributes
                0x0000022a       0x34 C:/ST/STM32CubeCLT_1.16.0/GNU-tools-for-STM32/bin/../lib/gcc/arm-none-eabi/12.3.1/../../../../arm-none-eabi/lib/thumb/v7e-m+fp/hard\libc_nano.a(libc_a-writer.o)
 .ARM.attributes
                0x0000025e       0x34 C:/ST/STM32CubeCLT_1.16.0/GNU-tools-for-STM32/bin/../lib/gcc/arm-none-eabi/12.3.1/../../../../arm-none-eabi/lib/thumb/v7e-m+fp/hard\libc_nano.a(libc_a-init.o)
 .ARM.attributes
                0x00000292       0x34 C:/ST/STM32CubeCLT_1.16.0/GNU-tools-for-STM32/bin/../lib/gcc/arm-none-eabi/12.3.1/../../../../arm-none-eabi/lib/thumb/v7e-m+fp/hard\libc_nano.a(libc_a-lock.o)
 .ARM.attributes
                0x000002c6       0x34 C:/ST/STM32CubeCLT_1.16.0/GNU-tools-for-STM32/bin/../lib/gcc/arm-none-eabi/12.3.1/../../../../arm-none-eabi/lib/thumb/v7e-m+fp/hard\libc_nano.a(libc_a-freer.o)
 .ARM.attributes
                0x000002fa       0x34 C:/ST/STM32CubeCLT_1.16.0/GNU-tools-for-STM32/bin/../lib/gcc/arm-none-eabi/12.3.1/../../../../arm-none-eabi/lib/thumb/v7e-m+fp/hard\libc_nano.a(libc_a-mallocr.o)
 .ARM.attributes
                0x0000032e       0x34 C:/ST/STM32CubeCLT_1.16.0/GNU-tools-for-STM32/bin/../lib/gcc/arm-none-eabi/12.3.1/../../../../arm-none-eabi/lib/thumb/v7e-m+fp/hard\libc_nano.a(libc_a-mlock.o)
 .ARM.attributes
                0x00000362       0x34 C:/ST/STM32CubeCLT_1.16.0/GNU-tools-for-STM32/bin/../lib/gcc/arm-none-eabi/12.3.1/../../../../arm-none-eabi/lib/thumb/v7e-m+fp/hard\libc_nano.a(libc_a-fflush.o)
 .ARM.attributes
                0x00000396       0x34 C:/ST/STM32CubeCLT_1.16.0/GNU-tools-for-STM32/bin/../lib/gcc/arm-none-eabi/12.3.1/../../../../arm-none-eabi/lib/thumb/v7e-m+fp/hard\libc_nano.a(libc_a-sbrkr.o)
 .ARM.attributes
                0x000003ca       0x34 CMakeFiles/3_TIM.dir/Core/Src/main.c.obj
 .ARM.attributes
                0x000003fe       0x34 CMakeFiles/3_TIM.dir/Core/Src/stm32f4xx_it.c.obj
 .ARM.attributes
                0x00000432       0x34 CMakeFiles/3_TIM.dir/Drivers/STM32F4xx_HAL_Driver/Src/stm32f4xx_ll_gpio.c.obj
 .ARM.attributes
                0x00000466       0x34 CMakeFiles/3_TIM.dir/Drivers/STM32F4xx_HAL_Driver/Src/stm32f4xx_ll_tim.c.obj
 .ARM.attributes
                0x0000049a       0x34 CMakeFiles/3_TIM.dir/Drivers/STM32F4xx_HAL_Driver/Src/stm32f4xx_ll_rcc.c.obj
 .ARM.attributes
                0x000004ce       0x34 CMakeFiles/3_TIM.dir/Drivers/STM32F4xx_HAL_Driver/Src/stm32f4xx_ll_utils.c.obj
 .ARM.attributes
                0x00000502       0x34 CMakeFiles/3_TIM.dir/Drivers/STM32F4xx_HAL_Driver/Src/stm32f4xx_ll_exti.c.obj
 .ARM.attributes
                0x00000536       0x34 CMakeFiles/3_TIM.dir/Drivers/STM32F4xx_HAL_Driver/Src/stm32f4xx_ll_usart.c.obj
 .ARM.attributes
                0x0000056a       0x34 CMakeFiles/3_TIM.dir/Core/Src/system_stm32f4xx.c.obj
 .ARM.attributes
                0x0000059e       0x34 CMakeFiles/3_TIM.dir/Core/Src/sysmem.c.obj
 .ARM.attributes
                0x000005d2       0x34 CMakeFiles/3_TIM.dir/Core/Src/syscalls.c.obj
 .ARM.attributes
                0x00000606       0x21 CMakeFiles/3_TIM.dir/startup_stm32f407xx.s.obj
 .ARM.attributes
                0x00000627       0x22 C:/ST/STM32CubeCLT_1.16.0/GNU-tools-for-STM32/bin/../lib/gcc/arm-none-eabi/12.3.1/thumb/v7e-m+fp/hard\libgcc.a(_aeabi_uldivmod.o)
 .ARM.attributes
                0x00000649       0x34 C:/ST/STM32CubeCLT_1.16.0/GNU-tools-for-STM32/bin/../lib/gcc/arm-none-eabi/12.3.1/thumb/v7e-m+fp/hard\libgcc.a(_udivmoddi4.o)
 .ARM.attributes
                0x0000067d       0x22 C:/ST/STM32CubeCLT_1.16.0/GNU-tools-for-STM32/bin/../lib/gcc/arm-none-eabi/12.3.1/thumb/v7e-m+fp/hard\libgcc.a(_dvmd_tls.o)
 .ARM.attributes
                0x0000069f       0x34 C:/ST/STM32CubeCLT_1.16.0/GNU-tools-for-STM32/bin/../lib/gcc/arm-none-eabi/12.3.1/../../../../arm-none-eabi/lib/thumb/v7e-m+fp/hard\libg_nano.a(libc_a-printf.o)
 .ARM.attributes
                0x000006d3       0x34 C:/ST/STM32CubeCLT_1.16.0/GNU-tools-for-STM32/bin/../lib/gcc/arm-none-eabi/12.3.1/../../../../arm-none-eabi/lib/thumb/v7e-m+fp/hard\libg_nano.a(libc_a-puts.o)
 .ARM.attributes
                0x00000707       0x34 C:/ST/STM32CubeCLT_1.16.0/GNU-tools-for-STM32/bin/../lib/gcc/arm-none-eabi/12.3.1/../../../../arm-none-eabi/lib/thumb/v7e-m+fp/hard\libg_nano.a(libc_a-wbuf.o)
 .ARM.attributes
                0x0000073b       0x34 C:/ST/STM32CubeCLT_1.16.0/GNU-tools-for-STM32/bin/../lib/gcc/arm-none-eabi/12.3.1/../../../../arm-none-eabi/lib/thumb/v7e-m+fp/hard\libg_nano.a(libc_a-wsetup.o)
 .ARM.attributes
                0x0000076f       0x34 C:/ST/STM32CubeCLT_1.16.0/GNU-tools-for-STM32/bin/../lib/gcc/arm-none-eabi/12.3.1/../../../../arm-none-eabi/lib/thumb/v7e-m+fp/hard\libg_nano.a(libc_a-errno.o)
 .ARM.attributes
                0x000007a3       0x34 C:/ST/STM32CubeCLT_1.16.0/GNU-tools-for-STM32/bin/../lib/gcc/arm-none-eabi/12.3.1/../../../../arm-none-eabi/lib/thumb/v7e-m+fp/hard\libg_nano.a(libc_a-nano-vfprintf.o)
 .ARM.attributes
                0x000007d7       0x34 C:/ST/STM32CubeCLT_1.16.0/GNU-tools-for-STM32/bin/../lib/gcc/arm-none-eabi/12.3.1/../../../../arm-none-eabi/lib/thumb/v7e-m+fp/hard\libg_nano.a(libc_a-nano-vfprintf_i.o)
 .ARM.attributes
                0x0000080b       0x34 C:/ST/STM32CubeCLT_1.16.0/GNU-tools-for-STM32/bin/../lib/gcc/arm-none-eabi/12.3.1/../../../../arm-none-eabi/lib/thumb/v7e-m+fp/hard\libg_nano.a(libc_a-makebuf.o)
 .ARM.attributes
                0x0000083f       0x34 C:/ST/STM32CubeCLT_1.16.0/GNU-tools-for-STM32/bin/../lib/gcc/arm-none-eabi/12.3.1/../../../../arm-none-eabi/lib/thumb/v7e-m+fp/hard\libg_nano.a(libc_a-fstatr.o)
 .ARM.attributes
                0x00000873       0x34 C:/ST/STM32CubeCLT_1.16.0/GNU-tools-for-STM32/bin/../lib/gcc/arm-none-eabi/12.3.1/../../../../arm-none-eabi/lib/thumb/v7e-m+fp/hard\libg_nano.a(libc_a-isattyr.o)
 .ARM.attributes
                0x000008a7       0x1c C:/ST/STM32CubeCLT_1.16.0/GNU-tools-for-STM32/bin/../lib/gcc/arm-none-eabi/12.3.1/../../../../arm-none-eabi/lib/thumb/v7e-m+fp/hard\libg_nano.a(libc_a-memchr.o)
 .ARM.attributes
                0x000008c3       0x22 C:/ST/STM32CubeCLT_1.16.0/GNU-tools-for-STM32/bin/../lib/gcc/arm-none-eabi/12.3.1/thumb/v7e-m+fp/hard/crtn.o
OUTPUT(3_TIM.elf elf32-littlearm)
LOAD linker stubs
LOAD C:/ST/STM32CubeCLT_1.16.0/GNU-tools-for-STM32/bin/../lib/gcc/arm-none-eabi/12.3.1/../../../../arm-none-eabi/lib/thumb/v7e-m+fp/hard\libc.a
LOAD C:/ST/STM32CubeCLT_1.16.0/GNU-tools-for-STM32/bin/../lib/gcc/arm-none-eabi/12.3.1/../../../../arm-none-eabi/lib/thumb/v7e-m+fp/hard\libm.a
LOAD C:/ST/STM32CubeCLT_1.16.0/GNU-tools-for-STM32/bin/../lib/gcc/arm-none-eabi/12.3.1/thumb/v7e-m+fp/hard\libgcc.a

.debug_frame    0x00000000     0x298c
 .debug_frame   0x00000000      0x144 C:/ST/STM32CubeCLT_1.16.0/GNU-tools-for-STM32/bin/../lib/gcc/arm-none-eabi/12.3.1/../../../../arm-none-eabi/lib/thumb/v7e-m+fp/hard\libc_nano.a(libc_a-findfp.o)
 .debug_frame   0x00000144       0x34 C:/ST/STM32CubeCLT_1.16.0/GNU-tools-for-STM32/bin/../lib/gcc/arm-none-eabi/12.3.1/../../../../arm-none-eabi/lib/thumb/v7e-m+fp/hard\libc_nano.a(libc_a-fwalk.o)
 .debug_frame   0x00000178       0x88 C:/ST/STM32CubeCLT_1.16.0/GNU-tools-for-STM32/bin/../lib/gcc/arm-none-eabi/12.3.1/../../../../arm-none-eabi/lib/thumb/v7e-m+fp/hard\libc_nano.a(libc_a-stdio.o)
 .debug_frame   0x00000200       0x20 C:/ST/STM32CubeCLT_1.16.0/GNU-tools-for-STM32/bin/../lib/gcc/arm-none-eabi/12.3.1/../../../../arm-none-eabi/lib/thumb/v7e-m+fp/hard\libc_nano.a(libc_a-memset.o)
 .debug_frame   0x00000220       0x2c C:/ST/STM32CubeCLT_1.16.0/GNU-tools-for-STM32/bin/../lib/gcc/arm-none-eabi/12.3.1/../../../../arm-none-eabi/lib/thumb/v7e-m+fp/hard\libc_nano.a(libc_a-closer.o)
 .debug_frame   0x0000024c       0x38 C:/ST/STM32CubeCLT_1.16.0/GNU-tools-for-STM32/bin/../lib/gcc/arm-none-eabi/12.3.1/../../../../arm-none-eabi/lib/thumb/v7e-m+fp/hard\libc_nano.a(libc_a-reent.o)
 .debug_frame   0x00000284       0x2c C:/ST/STM32CubeCLT_1.16.0/GNU-tools-for-STM32/bin/../lib/gcc/arm-none-eabi/12.3.1/../../../../arm-none-eabi/lib/thumb/v7e-m+fp/hard\libc_nano.a(libc_a-lseekr.o)
 .debug_frame   0x000002b0       0x2c C:/ST/STM32CubeCLT_1.16.0/GNU-tools-for-STM32/bin/../lib/gcc/arm-none-eabi/12.3.1/../../../../arm-none-eabi/lib/thumb/v7e-m+fp/hard\libc_nano.a(libc_a-readr.o)
 .debug_frame   0x000002dc       0x2c C:/ST/STM32CubeCLT_1.16.0/GNU-tools-for-STM32/bin/../lib/gcc/arm-none-eabi/12.3.1/../../../../arm-none-eabi/lib/thumb/v7e-m+fp/hard\libc_nano.a(libc_a-writer.o)
 .debug_frame   0x00000308       0x2c C:/ST/STM32CubeCLT_1.16.0/GNU-tools-for-STM32/bin/../lib/gcc/arm-none-eabi/12.3.1/../../../../arm-none-eabi/lib/thumb/v7e-m+fp/hard\libc_nano.a(libc_a-init.o)
 .debug_frame   0x00000334       0xb0 C:/ST/STM32CubeCLT_1.16.0/GNU-tools-for-STM32/bin/../lib/gcc/arm-none-eabi/12.3.1/../../../../arm-none-eabi/lib/thumb/v7e-m+fp/hard\libc_nano.a(libc_a-lock.o)
 .debug_frame   0x000003e4       0x38 C:/ST/STM32CubeCLT_1.16.0/GNU-tools-for-STM32/bin/../lib/gcc/arm-none-eabi/12.3.1/../../../../arm-none-eabi/lib/thumb/v7e-m+fp/hard\libc_nano.a(libc_a-freer.o)
 .debug_frame   0x0000041c       0x50 C:/ST/STM32CubeCLT_1.16.0/GNU-tools-for-STM32/bin/../lib/gcc/arm-none-eabi/12.3.1/../../../../arm-none-eabi/lib/thumb/v7e-m+fp/hard\libc_nano.a(libc_a-mallocr.o)
 .debug_frame   0x0000046c       0x30 C:/ST/STM32CubeCLT_1.16.0/GNU-tools-for-STM32/bin/../lib/gcc/arm-none-eabi/12.3.1/../../../../arm-none-eabi/lib/thumb/v7e-m+fp/hard\libc_nano.a(libc_a-mlock.o)
 .debug_frame   0x0000049c       0x5c C:/ST/STM32CubeCLT_1.16.0/GNU-tools-for-STM32/bin/../lib/gcc/arm-none-eabi/12.3.1/../../../../arm-none-eabi/lib/thumb/v7e-m+fp/hard\libc_nano.a(libc_a-fflush.o)
 .debug_frame   0x000004f8       0x2c C:/ST/STM32CubeCLT_1.16.0/GNU-tools-for-STM32/bin/../lib/gcc/arm-none-eabi/12.3.1/../../../../arm-none-eabi/lib/thumb/v7e-m+fp/hard\libc_nano.a(libc_a-sbrkr.o)
 .debug_frame   0x00000524      0x824 CMakeFiles/3_TIM.dir/Core/Src/main.c.obj
 .debug_frame   0x00000d48      0x274 CMakeFiles/3_TIM.dir/Core/Src/stm32f4xx_it.c.obj
 .debug_frame   0x00000fbc      0x1c0 CMakeFiles/3_TIM.dir/Drivers/STM32F4xx_HAL_Driver/Src/stm32f4xx_ll_gpio.c.obj
 .debug_frame   0x0000117c      0x538 CMakeFiles/3_TIM.dir/Drivers/STM32F4xx_HAL_Driver/Src/stm32f4xx_ll_tim.c.obj
 .debug_frame   0x000016b4      0x460 CMakeFiles/3_TIM.dir/Drivers/STM32F4xx_HAL_Driver/Src/stm32f4xx_ll_rcc.c.obj
 .debug_frame   0x00001b14      0x3f8 CMakeFiles/3_TIM.dir/Drivers/STM32F4xx_HAL_Driver/Src/stm32f4xx_ll_utils.c.obj
 .debug_frame   0x00001f0c      0x1bc CMakeFiles/3_TIM.dir/Drivers/STM32F4xx_HAL_Driver/Src/stm32f4xx_ll_exti.c.obj
 .debug_frame   0x000020c8      0x240 CMakeFiles/3_TIM.dir/Drivers/STM32F4xx_HAL_Driver/Src/stm32f4xx_ll_usart.c.obj
 .debug_frame   0x00002308       0x58 CMakeFiles/3_TIM.dir/Core/Src/system_stm32f4xx.c.obj
 .debug_frame   0x00002360       0x34 CMakeFiles/3_TIM.dir/Core/Src/sysmem.c.obj
 .debug_frame   0x00002394      0x2ac CMakeFiles/3_TIM.dir/Core/Src/syscalls.c.obj
 .debug_frame   0x00002640       0x2c C:/ST/STM32CubeCLT_1.16.0/GNU-tools-for-STM32/bin/../lib/gcc/arm-none-eabi/12.3.1/thumb/v7e-m+fp/hard\libgcc.a(_aeabi_uldivmod.o)
 .debug_frame   0x0000266c       0x34 C:/ST/STM32CubeCLT_1.16.0/GNU-tools-for-STM32/bin/../lib/gcc/arm-none-eabi/12.3.1/thumb/v7e-m+fp/hard\libgcc.a(_udivmoddi4.o)
 .debug_frame   0x000026a0       0x6c C:/ST/STM32CubeCLT_1.16.0/GNU-tools-for-STM32/bin/../lib/gcc/arm-none-eabi/12.3.1/../../../../arm-none-eabi/lib/thumb/v7e-m+fp/hard\libg_nano.a(libc_a-printf.o)
 .debug_frame   0x0000270c       0x3c C:/ST/STM32CubeCLT_1.16.0/GNU-tools-for-STM32/bin/../lib/gcc/arm-none-eabi/12.3.1/../../../../arm-none-eabi/lib/thumb/v7e-m+fp/hard\libg_nano.a(libc_a-puts.o)
 .debug_frame   0x00002748       0x40 C:/ST/STM32CubeCLT_1.16.0/GNU-tools-for-STM32/bin/../lib/gcc/arm-none-eabi/12.3.1/../../../../arm-none-eabi/lib/thumb/v7e-m+fp/hard\libg_nano.a(libc_a-wbuf.o)
 .debug_frame   0x00002788       0x2c C:/ST/STM32CubeCLT_1.16.0/GNU-tools-for-STM32/bin/../lib/gcc/arm-none-eabi/12.3.1/../../../../arm-none-eabi/lib/thumb/v7e-m+fp/hard\libg_nano.a(libc_a-wsetup.o)
 .debug_frame   0x000027b4       0x20 C:/ST/STM32CubeCLT_1.16.0/GNU-tools-for-STM32/bin/../lib/gcc/arm-none-eabi/12.3.1/../../../../arm-none-eabi/lib/thumb/v7e-m+fp/hard\libg_nano.a(libc_a-errno.o)
 .debug_frame   0x000027d4       0xa8 C:/ST/STM32CubeCLT_1.16.0/GNU-tools-for-STM32/bin/../lib/gcc/arm-none-eabi/12.3.1/../../../../arm-none-eabi/lib/thumb/v7e-m+fp/hard\libg_nano.a(libc_a-nano-vfprintf.o)
 .debug_frame   0x0000287c       0x60 C:/ST/STM32CubeCLT_1.16.0/GNU-tools-for-STM32/bin/../lib/gcc/arm-none-eabi/12.3.1/../../../../arm-none-eabi/lib/thumb/v7e-m+fp/hard\libg_nano.a(libc_a-nano-vfprintf_i.o)
 .debug_frame   0x000028dc       0x58 C:/ST/STM32CubeCLT_1.16.0/GNU-tools-for-STM32/bin/../lib/gcc/arm-none-eabi/12.3.1/../../../../arm-none-eabi/lib/thumb/v7e-m+fp/hard\libg_nano.a(libc_a-makebuf.o)
 .debug_frame   0x00002934       0x2c C:/ST/STM32CubeCLT_1.16.0/GNU-tools-for-STM32/bin/../lib/gcc/arm-none-eabi/12.3.1/../../../../arm-none-eabi/lib/thumb/v7e-m+fp/hard\libg_nano.a(libc_a-fstatr.o)
 .debug_frame   0x00002960       0x2c C:/ST/STM32CubeCLT_1.16.0/GNU-tools-for-STM32/bin/../lib/gcc/arm-none-eabi/12.3.1/../../../../arm-none-eabi/lib/thumb/v7e-m+fp/hard\libg_nano.a(libc_a-isattyr.o)

.debug_info     0x00000000     0xc328
 .debug_info    0x00000000     0x1b82 CMakeFiles/3_TIM.dir/Core/Src/main.c.obj
 .debug_info    0x00001b82      0x4a1 CMakeFiles/3_TIM.dir/Core/Src/stm32f4xx_it.c.obj
 .debug_info    0x00002023      0x920 CMakeFiles/3_TIM.dir/Drivers/STM32F4xx_HAL_Driver/Src/stm32f4xx_ll_gpio.c.obj
 .debug_info    0x00002943      0xf40 CMakeFiles/3_TIM.dir/Drivers/STM32F4xx_HAL_Driver/Src/stm32f4xx_ll_tim.c.obj
 .debug_info    0x00003883      0x744 CMakeFiles/3_TIM.dir/Drivers/STM32F4xx_HAL_Driver/Src/stm32f4xx_ll_rcc.c.obj
 .debug_info    0x00003fc7      0x8f5 CMakeFiles/3_TIM.dir/Drivers/STM32F4xx_HAL_Driver/Src/stm32f4xx_ll_utils.c.obj
 .debug_info    0x000048bc      0x330 CMakeFiles/3_TIM.dir/Drivers/STM32F4xx_HAL_Driver/Src/stm32f4xx_ll_exti.c.obj
 .debug_info    0x00004bec      0x6eb CMakeFiles/3_TIM.dir/Drivers/STM32F4xx_HAL_Driver/Src/stm32f4xx_ll_usart.c.obj
 .debug_info    0x000052d7      0x50b CMakeFiles/3_TIM.dir/Core/Src/system_stm32f4xx.c.obj
 .debug_info    0x000057e2      0x168 CMakeFiles/3_TIM.dir/Core/Src/sysmem.c.obj
 .debug_info    0x0000594a      0x6a3 CMakeFiles/3_TIM.dir/Core/Src/syscalls.c.obj
 .debug_info    0x00005fed       0x30 CMakeFiles/3_TIM.dir/startup_stm32f407xx.s.obj
 .debug_info    0x0000601d      0x83b C:/ST/STM32CubeCLT_1.16.0/GNU-tools-for-STM32/bin/../lib/gcc/arm-none-eabi/12.3.1/../../../../arm-none-eabi/lib/thumb/v7e-m+fp/hard\libg_nano.a(libc_a-printf.o)
 .debug_info    0x00006858      0x94a C:/ST/STM32CubeCLT_1.16.0/GNU-tools-for-STM32/bin/../lib/gcc/arm-none-eabi/12.3.1/../../../../arm-none-eabi/lib/thumb/v7e-m+fp/hard\libg_nano.a(libc_a-puts.o)
 .debug_info    0x000071a2      0x868 C:/ST/STM32CubeCLT_1.16.0/GNU-tools-for-STM32/bin/../lib/gcc/arm-none-eabi/12.3.1/../../../../arm-none-eabi/lib/thumb/v7e-m+fp/hard\libg_nano.a(libc_a-wbuf.o)
 .debug_info    0x00007a0a      0x7bb C:/ST/STM32CubeCLT_1.16.0/GNU-tools-for-STM32/bin/../lib/gcc/arm-none-eabi/12.3.1/../../../../arm-none-eabi/lib/thumb/v7e-m+fp/hard\libg_nano.a(libc_a-wsetup.o)
 .debug_info    0x000081c5      0x6fb C:/ST/STM32CubeCLT_1.16.0/GNU-tools-for-STM32/bin/../lib/gcc/arm-none-eabi/12.3.1/../../../../arm-none-eabi/lib/thumb/v7e-m+fp/hard\libg_nano.a(libc_a-errno.o)
 .debug_info    0x000088c0     0x107c C:/ST/STM32CubeCLT_1.16.0/GNU-tools-for-STM32/bin/../lib/gcc/arm-none-eabi/12.3.1/../../../../arm-none-eabi/lib/thumb/v7e-m+fp/hard\libg_nano.a(libc_a-nano-vfprintf.o)
 .debug_info    0x0000993c      0xde2 C:/ST/STM32CubeCLT_1.16.0/GNU-tools-for-STM32/bin/../lib/gcc/arm-none-eabi/12.3.1/../../../../arm-none-eabi/lib/thumb/v7e-m+fp/hard\libg_nano.a(libc_a-nano-vfprintf_i.o)
 .debug_info    0x0000a71e      0xb1a C:/ST/STM32CubeCLT_1.16.0/GNU-tools-for-STM32/bin/../lib/gcc/arm-none-eabi/12.3.1/../../../../arm-none-eabi/lib/thumb/v7e-m+fp/hard\libg_nano.a(libc_a-makebuf.o)
 .debug_info    0x0000b238      0x975 C:/ST/STM32CubeCLT_1.16.0/GNU-tools-for-STM32/bin/../lib/gcc/arm-none-eabi/12.3.1/../../../../arm-none-eabi/lib/thumb/v7e-m+fp/hard\libg_nano.a(libc_a-fstatr.o)
 .debug_info    0x0000bbad      0x756 C:/ST/STM32CubeCLT_1.16.0/GNU-tools-for-STM32/bin/../lib/gcc/arm-none-eabi/12.3.1/../../../../arm-none-eabi/lib/thumb/v7e-m+fp/hard\libg_nano.a(libc_a-isattyr.o)
 .debug_info    0x0000c303       0x25 C:/ST/STM32CubeCLT_1.16.0/GNU-tools-for-STM32/bin/../lib/gcc/arm-none-eabi/12.3.1/../../../../arm-none-eabi/lib/thumb/v7e-m+fp/hard\libg_nano.a(libc_a-memchr.o)

.debug_abbrev   0x00000000     0x2adb
 .debug_abbrev  0x00000000      0x3b1 CMakeFiles/3_TIM.dir/Core/Src/main.c.obj
 .debug_abbrev  0x000003b1      0x1c1 CMakeFiles/3_TIM.dir/Core/Src/stm32f4xx_it.c.obj
 .debug_abbrev  0x00000572      0x237 CMakeFiles/3_TIM.dir/Drivers/STM32F4xx_HAL_Driver/Src/stm32f4xx_ll_gpio.c.obj
 .debug_abbrev  0x000007a9      0x20f CMakeFiles/3_TIM.dir/Drivers/STM32F4xx_HAL_Driver/Src/stm32f4xx_ll_tim.c.obj
 .debug_abbrev  0x000009b8      0x1ed CMakeFiles/3_TIM.dir/Drivers/STM32F4xx_HAL_Driver/Src/stm32f4xx_ll_rcc.c.obj
 .debug_abbrev  0x00000ba5      0x223 CMakeFiles/3_TIM.dir/Drivers/STM32F4xx_HAL_Driver/Src/stm32f4xx_ll_utils.c.obj
 .debug_abbrev  0x00000dc8      0x18a CMakeFiles/3_TIM.dir/Drivers/STM32F4xx_HAL_Driver/Src/stm32f4xx_ll_exti.c.obj
 .debug_abbrev  0x00000f52      0x1f2 CMakeFiles/3_TIM.dir/Drivers/STM32F4xx_HAL_Driver/Src/stm32f4xx_ll_usart.c.obj
 .debug_abbrev  0x00001144      0x11a CMakeFiles/3_TIM.dir/Core/Src/system_stm32f4xx.c.obj
 .debug_abbrev  0x0000125e       0xbc CMakeFiles/3_TIM.dir/Core/Src/sysmem.c.obj
 .debug_abbrev  0x0000131a      0x1b6 CMakeFiles/3_TIM.dir/Core/Src/syscalls.c.obj
 .debug_abbrev  0x000014d0       0x24 CMakeFiles/3_TIM.dir/startup_stm32f407xx.s.obj
 .debug_abbrev  0x000014f4      0x21a C:/ST/STM32CubeCLT_1.16.0/GNU-tools-for-STM32/bin/../lib/gcc/arm-none-eabi/12.3.1/../../../../arm-none-eabi/lib/thumb/v7e-m+fp/hard\libg_nano.a(libc_a-printf.o)
 .debug_abbrev  0x0000170e      0x2a7 C:/ST/STM32CubeCLT_1.16.0/GNU-tools-for-STM32/bin/../lib/gcc/arm-none-eabi/12.3.1/../../../../arm-none-eabi/lib/thumb/v7e-m+fp/hard\libg_nano.a(libc_a-puts.o)
 .debug_abbrev  0x000019b5      0x22d C:/ST/STM32CubeCLT_1.16.0/GNU-tools-for-STM32/bin/../lib/gcc/arm-none-eabi/12.3.1/../../../../arm-none-eabi/lib/thumb/v7e-m+fp/hard\libg_nano.a(libc_a-wbuf.o)
 .debug_abbrev  0x00001be2      0x1e2 C:/ST/STM32CubeCLT_1.16.0/GNU-tools-for-STM32/bin/../lib/gcc/arm-none-eabi/12.3.1/../../../../arm-none-eabi/lib/thumb/v7e-m+fp/hard\libg_nano.a(libc_a-wsetup.o)
 .debug_abbrev  0x00001dc4      0x15e C:/ST/STM32CubeCLT_1.16.0/GNU-tools-for-STM32/bin/../lib/gcc/arm-none-eabi/12.3.1/../../../../arm-none-eabi/lib/thumb/v7e-m+fp/hard\libg_nano.a(libc_a-errno.o)
 .debug_abbrev  0x00001f22      0x316 C:/ST/STM32CubeCLT_1.16.0/GNU-tools-for-STM32/bin/../lib/gcc/arm-none-eabi/12.3.1/../../../../arm-none-eabi/lib/thumb/v7e-m+fp/hard\libg_nano.a(libc_a-nano-vfprintf.o)
 .debug_abbrev  0x00002238      0x28e C:/ST/STM32CubeCLT_1.16.0/GNU-tools-for-STM32/bin/../lib/gcc/arm-none-eabi/12.3.1/../../../../arm-none-eabi/lib/thumb/v7e-m+fp/hard\libg_nano.a(libc_a-nano-vfprintf_i.o)
 .debug_abbrev  0x000024c6      0x28e C:/ST/STM32CubeCLT_1.16.0/GNU-tools-for-STM32/bin/../lib/gcc/arm-none-eabi/12.3.1/../../../../arm-none-eabi/lib/thumb/v7e-m+fp/hard\libg_nano.a(libc_a-makebuf.o)
 .debug_abbrev  0x00002754      0x1c3 C:/ST/STM32CubeCLT_1.16.0/GNU-tools-for-STM32/bin/../lib/gcc/arm-none-eabi/12.3.1/../../../../arm-none-eabi/lib/thumb/v7e-m+fp/hard\libg_nano.a(libc_a-fstatr.o)
 .debug_abbrev  0x00002917      0x1b0 C:/ST/STM32CubeCLT_1.16.0/GNU-tools-for-STM32/bin/../lib/gcc/arm-none-eabi/12.3.1/../../../../arm-none-eabi/lib/thumb/v7e-m+fp/hard\libg_nano.a(libc_a-isattyr.o)
 .debug_abbrev  0x00002ac7       0x14 C:/ST/STM32CubeCLT_1.16.0/GNU-tools-for-STM32/bin/../lib/gcc/arm-none-eabi/12.3.1/../../../../arm-none-eabi/lib/thumb/v7e-m+fp/hard\libg_nano.a(libc_a-memchr.o)

.debug_aranges  0x00000000      0x9e8
 .debug_aranges
                0x00000000      0x1d0 CMakeFiles/3_TIM.dir/Core/Src/main.c.obj
 .debug_aranges
                0x000001d0       0xb8 CMakeFiles/3_TIM.dir/Core/Src/stm32f4xx_it.c.obj
 .debug_aranges
                0x00000288       0x70 CMakeFiles/3_TIM.dir/Drivers/STM32F4xx_HAL_Driver/Src/stm32f4xx_ll_gpio.c.obj
 .debug_aranges
                0x000002f8      0x128 CMakeFiles/3_TIM.dir/Drivers/STM32F4xx_HAL_Driver/Src/stm32f4xx_ll_tim.c.obj
 .debug_aranges
                0x00000420      0x118 CMakeFiles/3_TIM.dir/Drivers/STM32F4xx_HAL_Driver/Src/stm32f4xx_ll_rcc.c.obj
 .debug_aranges
                0x00000538       0xf8 CMakeFiles/3_TIM.dir/Drivers/STM32F4xx_HAL_Driver/Src/stm32f4xx_ll_utils.c.obj
 .debug_aranges
                0x00000630       0x70 CMakeFiles/3_TIM.dir/Drivers/STM32F4xx_HAL_Driver/Src/stm32f4xx_ll_exti.c.obj
 .debug_aranges
                0x000006a0       0x88 CMakeFiles/3_TIM.dir/Drivers/STM32F4xx_HAL_Driver/Src/stm32f4xx_ll_usart.c.obj
 .debug_aranges
                0x00000728       0x28 CMakeFiles/3_TIM.dir/Core/Src/system_stm32f4xx.c.obj
 .debug_aranges
                0x00000750       0x20 CMakeFiles/3_TIM.dir/Core/Src/sysmem.c.obj
 .debug_aranges
                0x00000770       0xa8 CMakeFiles/3_TIM.dir/Core/Src/syscalls.c.obj
 .debug_aranges
                0x00000818       0x28 CMakeFiles/3_TIM.dir/startup_stm32f407xx.s.obj
 .debug_aranges
                0x00000840       0x28 C:/ST/STM32CubeCLT_1.16.0/GNU-tools-for-STM32/bin/../lib/gcc/arm-none-eabi/12.3.1/../../../../arm-none-eabi/lib/thumb/v7e-m+fp/hard\libg_nano.a(libc_a-printf.o)
 .debug_aranges
                0x00000868       0x28 C:/ST/STM32CubeCLT_1.16.0/GNU-tools-for-STM32/bin/../lib/gcc/arm-none-eabi/12.3.1/../../../../arm-none-eabi/lib/thumb/v7e-m+fp/hard\libg_nano.a(libc_a-puts.o)
 .debug_aranges
                0x00000890       0x28 C:/ST/STM32CubeCLT_1.16.0/GNU-tools-for-STM32/bin/../lib/gcc/arm-none-eabi/12.3.1/../../../../arm-none-eabi/lib/thumb/v7e-m+fp/hard\libg_nano.a(libc_a-wbuf.o)
 .debug_aranges
                0x000008b8       0x20 C:/ST/STM32CubeCLT_1.16.0/GNU-tools-for-STM32/bin/../lib/gcc/arm-none-eabi/12.3.1/../../../../arm-none-eabi/lib/thumb/v7e-m+fp/hard\libg_nano.a(libc_a-wsetup.o)
 .debug_aranges
                0x000008d8       0x20 C:/ST/STM32CubeCLT_1.16.0/GNU-tools-for-STM32/bin/../lib/gcc/arm-none-eabi/12.3.1/../../../../arm-none-eabi/lib/thumb/v7e-m+fp/hard\libg_nano.a(libc_a-errno.o)
 .debug_aranges
                0x000008f8       0x40 C:/ST/STM32CubeCLT_1.16.0/GNU-tools-for-STM32/bin/../lib/gcc/arm-none-eabi/12.3.1/../../../../arm-none-eabi/lib/thumb/v7e-m+fp/hard\libg_nano.a(libc_a-nano-vfprintf.o)
 .debug_aranges
                0x00000938       0x28 C:/ST/STM32CubeCLT_1.16.0/GNU-tools-for-STM32/bin/../lib/gcc/arm-none-eabi/12.3.1/../../../../arm-none-eabi/lib/thumb/v7e-m+fp/hard\libg_nano.a(libc_a-nano-vfprintf_i.o)
 .debug_aranges
                0x00000960       0x28 C:/ST/STM32CubeCLT_1.16.0/GNU-tools-for-STM32/bin/../lib/gcc/arm-none-eabi/12.3.1/../../../../arm-none-eabi/lib/thumb/v7e-m+fp/hard\libg_nano.a(libc_a-makebuf.o)
 .debug_aranges
                0x00000988       0x20 C:/ST/STM32CubeCLT_1.16.0/GNU-tools-for-STM32/bin/../lib/gcc/arm-none-eabi/12.3.1/../../../../arm-none-eabi/lib/thumb/v7e-m+fp/hard\libg_nano.a(libc_a-fstatr.o)
 .debug_aranges
                0x000009a8       0x20 C:/ST/STM32CubeCLT_1.16.0/GNU-tools-for-STM32/bin/../lib/gcc/arm-none-eabi/12.3.1/../../../../arm-none-eabi/lib/thumb/v7e-m+fp/hard\libg_nano.a(libc_a-isattyr.o)
 .debug_aranges
                0x000009c8       0x20 C:/ST/STM32CubeCLT_1.16.0/GNU-tools-for-STM32/bin/../lib/gcc/arm-none-eabi/12.3.1/../../../../arm-none-eabi/lib/thumb/v7e-m+fp/hard\libg_nano.a(libc_a-memchr.o)

.debug_rnglists
                0x00000000      0x7a7
 .debug_rnglists
                0x00000000      0x15c CMakeFiles/3_TIM.dir/Core/Src/main.c.obj
 .debug_rnglists
                0x0000015c       0x85 CMakeFiles/3_TIM.dir/Core/Src/stm32f4xx_it.c.obj
 .debug_rnglists
                0x000001e1       0x51 CMakeFiles/3_TIM.dir/Drivers/STM32F4xx_HAL_Driver/Src/stm32f4xx_ll_gpio.c.obj
 .debug_rnglists
                0x00000232       0xe4 CMakeFiles/3_TIM.dir/Drivers/STM32F4xx_HAL_Driver/Src/stm32f4xx_ll_tim.c.obj
 .debug_rnglists
                0x00000316       0xce CMakeFiles/3_TIM.dir/Drivers/STM32F4xx_HAL_Driver/Src/stm32f4xx_ll_rcc.c.obj
 .debug_rnglists
                0x000003e4       0xb8 CMakeFiles/3_TIM.dir/Drivers/STM32F4xx_HAL_Driver/Src/stm32f4xx_ll_utils.c.obj
 .debug_rnglists
                0x0000049c       0x50 CMakeFiles/3_TIM.dir/Drivers/STM32F4xx_HAL_Driver/Src/stm32f4xx_ll_exti.c.obj
 .debug_rnglists
                0x000004ec       0x64 CMakeFiles/3_TIM.dir/Drivers/STM32F4xx_HAL_Driver/Src/stm32f4xx_ll_usart.c.obj
 .debug_rnglists
                0x00000550       0x1a CMakeFiles/3_TIM.dir/Core/Src/system_stm32f4xx.c.obj
 .debug_rnglists
                0x0000056a       0x13 CMakeFiles/3_TIM.dir/Core/Src/sysmem.c.obj
 .debug_rnglists
                0x0000057d       0x79 CMakeFiles/3_TIM.dir/Core/Src/syscalls.c.obj
 .debug_rnglists
                0x000005f6       0x19 CMakeFiles/3_TIM.dir/startup_stm32f407xx.s.obj
 .debug_rnglists
                0x0000060f       0x19 C:/ST/STM32CubeCLT_1.16.0/GNU-tools-for-STM32/bin/../lib/gcc/arm-none-eabi/12.3.1/../../../../arm-none-eabi/lib/thumb/v7e-m+fp/hard\libg_nano.a(libc_a-printf.o)
 .debug_rnglists
                0x00000628       0x44 C:/ST/STM32CubeCLT_1.16.0/GNU-tools-for-STM32/bin/../lib/gcc/arm-none-eabi/12.3.1/../../../../arm-none-eabi/lib/thumb/v7e-m+fp/hard\libg_nano.a(libc_a-puts.o)
 .debug_rnglists
                0x0000066c       0x25 C:/ST/STM32CubeCLT_1.16.0/GNU-tools-for-STM32/bin/../lib/gcc/arm-none-eabi/12.3.1/../../../../arm-none-eabi/lib/thumb/v7e-m+fp/hard\libg_nano.a(libc_a-wbuf.o)
 .debug_rnglists
                0x00000691       0x26 C:/ST/STM32CubeCLT_1.16.0/GNU-tools-for-STM32/bin/../lib/gcc/arm-none-eabi/12.3.1/../../../../arm-none-eabi/lib/thumb/v7e-m+fp/hard\libg_nano.a(libc_a-wsetup.o)
 .debug_rnglists
                0x000006b7       0x13 C:/ST/STM32CubeCLT_1.16.0/GNU-tools-for-STM32/bin/../lib/gcc/arm-none-eabi/12.3.1/../../../../arm-none-eabi/lib/thumb/v7e-m+fp/hard\libg_nano.a(libc_a-errno.o)
 .debug_rnglists
                0x000006ca       0x38 C:/ST/STM32CubeCLT_1.16.0/GNU-tools-for-STM32/bin/../lib/gcc/arm-none-eabi/12.3.1/../../../../arm-none-eabi/lib/thumb/v7e-m+fp/hard\libg_nano.a(libc_a-nano-vfprintf.o)
 .debug_rnglists
                0x00000702       0x66 C:/ST/STM32CubeCLT_1.16.0/GNU-tools-for-STM32/bin/../lib/gcc/arm-none-eabi/12.3.1/../../../../arm-none-eabi/lib/thumb/v7e-m+fp/hard\libg_nano.a(libc_a-nano-vfprintf_i.o)
 .debug_rnglists
                0x00000768       0x19 C:/ST/STM32CubeCLT_1.16.0/GNU-tools-for-STM32/bin/../lib/gcc/arm-none-eabi/12.3.1/../../../../arm-none-eabi/lib/thumb/v7e-m+fp/hard\libg_nano.a(libc_a-makebuf.o)
 .debug_rnglists
                0x00000781       0x13 C:/ST/STM32CubeCLT_1.16.0/GNU-tools-for-STM32/bin/../lib/gcc/arm-none-eabi/12.3.1/../../../../arm-none-eabi/lib/thumb/v7e-m+fp/hard\libg_nano.a(libc_a-fstatr.o)
 .debug_rnglists
                0x00000794       0x13 C:/ST/STM32CubeCLT_1.16.0/GNU-tools-for-STM32/bin/../lib/gcc/arm-none-eabi/12.3.1/../../../../arm-none-eabi/lib/thumb/v7e-m+fp/hard\libg_nano.a(libc_a-isattyr.o)

.debug_macro    0x00000000    0x1d467
 .debug_macro   0x00000000      0x214 CMakeFiles/3_TIM.dir/Core/Src/main.c.obj
 .debug_macro   0x00000214      0xaf6 CMakeFiles/3_TIM.dir/Core/Src/main.c.obj
 .debug_macro   0x00000d0a       0x2e CMakeFiles/3_TIM.dir/Core/Src/main.c.obj
 .debug_macro   0x00000d38       0x2f CMakeFiles/3_TIM.dir/Core/Src/main.c.obj
 .debug_macro   0x00000d67       0x22 CMakeFiles/3_TIM.dir/Core/Src/main.c.obj
 .debug_macro   0x00000d89       0x8e CMakeFiles/3_TIM.dir/Core/Src/main.c.obj
 .debug_macro   0x00000e17       0x51 CMakeFiles/3_TIM.dir/Core/Src/main.c.obj
 .debug_macro   0x00000e68      0x103 CMakeFiles/3_TIM.dir/Core/Src/main.c.obj
 .debug_macro   0x00000f6b       0x6a CMakeFiles/3_TIM.dir/Core/Src/main.c.obj
 .debug_macro   0x00000fd5      0x1df CMakeFiles/3_TIM.dir/Core/Src/main.c.obj
 .debug_macro   0x000011b4       0x1c CMakeFiles/3_TIM.dir/Core/Src/main.c.obj
 .debug_macro   0x000011d0       0x22 CMakeFiles/3_TIM.dir/Core/Src/main.c.obj
 .debug_macro   0x000011f2       0xfb CMakeFiles/3_TIM.dir/Core/Src/main.c.obj
 .debug_macro   0x000012ed     0x1011 CMakeFiles/3_TIM.dir/Core/Src/main.c.obj
 .debug_macro   0x000022fe      0x11f CMakeFiles/3_TIM.dir/Core/Src/main.c.obj
 .debug_macro   0x0000241d    0x15e97 CMakeFiles/3_TIM.dir/Core/Src/main.c.obj
 .debug_macro   0x000182b4       0x6d CMakeFiles/3_TIM.dir/Core/Src/main.c.obj
 .debug_macro   0x00018321      0x1e0 CMakeFiles/3_TIM.dir/Core/Src/main.c.obj
 .debug_macro   0x00018501      0x781 CMakeFiles/3_TIM.dir/Core/Src/main.c.obj
 .debug_macro   0x00018c82      0x1d5 CMakeFiles/3_TIM.dir/Core/Src/main.c.obj
 .debug_macro   0x00018e57      0x20a CMakeFiles/3_TIM.dir/Core/Src/main.c.obj
 .debug_macro   0x00019061       0xe8 CMakeFiles/3_TIM.dir/Core/Src/main.c.obj
 .debug_macro   0x00019149      0x1a6 CMakeFiles/3_TIM.dir/Core/Src/main.c.obj
 .debug_macro   0x000192ef       0x61 CMakeFiles/3_TIM.dir/Core/Src/main.c.obj
 .debug_macro   0x00019350       0xaa CMakeFiles/3_TIM.dir/Core/Src/main.c.obj
 .debug_macro   0x000193fa      0x5f3 CMakeFiles/3_TIM.dir/Core/Src/main.c.obj
 .debug_macro   0x000199ed      0x1bb CMakeFiles/3_TIM.dir/Core/Src/main.c.obj
 .debug_macro   0x00019ba8      0x149 CMakeFiles/3_TIM.dir/Core/Src/main.c.obj
 .debug_macro   0x00019cf1       0x22 CMakeFiles/3_TIM.dir/Core/Src/main.c.obj
 .debug_macro   0x00019d13       0x74 CMakeFiles/3_TIM.dir/Core/Src/main.c.obj
 .debug_macro   0x00019d87       0x2a CMakeFiles/3_TIM.dir/Core/Src/main.c.obj
 .debug_macro   0x00019db1       0x3c CMakeFiles/3_TIM.dir/Core/Src/main.c.obj
 .debug_macro   0x00019ded       0x34 CMakeFiles/3_TIM.dir/Core/Src/main.c.obj
 .debug_macro   0x00019e21       0x16 CMakeFiles/3_TIM.dir/Core/Src/main.c.obj
 .debug_macro   0x00019e37       0x9e CMakeFiles/3_TIM.dir/Core/Src/main.c.obj
 .debug_macro   0x00019ed5      0x369 CMakeFiles/3_TIM.dir/Core/Src/main.c.obj
 .debug_macro   0x0001a23e      0x10b CMakeFiles/3_TIM.dir/Core/Src/main.c.obj
 .debug_macro   0x0001a349       0x10 CMakeFiles/3_TIM.dir/Core/Src/main.c.obj
 .debug_macro   0x0001a359       0x16 CMakeFiles/3_TIM.dir/Core/Src/main.c.obj
 .debug_macro   0x0001a36f       0x43 CMakeFiles/3_TIM.dir/Core/Src/main.c.obj
 .debug_macro   0x0001a3b2       0x34 CMakeFiles/3_TIM.dir/Core/Src/main.c.obj
 .debug_macro   0x0001a3e6       0x10 CMakeFiles/3_TIM.dir/Core/Src/main.c.obj
 .debug_macro   0x0001a3f6       0x58 CMakeFiles/3_TIM.dir/Core/Src/main.c.obj
 .debug_macro   0x0001a44e      0x1de CMakeFiles/3_TIM.dir/Core/Src/main.c.obj
 .debug_macro   0x0001a62c       0x16 CMakeFiles/3_TIM.dir/Core/Src/main.c.obj
 .debug_macro   0x0001a642       0x16 CMakeFiles/3_TIM.dir/Core/Src/main.c.obj
 .debug_macro   0x0001a658      0x170 CMakeFiles/3_TIM.dir/Core/Src/main.c.obj
 .debug_macro   0x0001a7c8      0x150 CMakeFiles/3_TIM.dir/Core/Src/stm32f4xx_it.c.obj
 .debug_macro   0x0001a918      0x110 CMakeFiles/3_TIM.dir/Drivers/STM32F4xx_HAL_Driver/Src/stm32f4xx_ll_gpio.c.obj
 .debug_macro   0x0001aa28      0x143 CMakeFiles/3_TIM.dir/Drivers/STM32F4xx_HAL_Driver/Src/stm32f4xx_ll_gpio.c.obj
 .debug_macro   0x0001ab6b      0x159 CMakeFiles/3_TIM.dir/Drivers/STM32F4xx_HAL_Driver/Src/stm32f4xx_ll_tim.c.obj
 .debug_macro   0x0001acc4      0x5ed CMakeFiles/3_TIM.dir/Drivers/STM32F4xx_HAL_Driver/Src/stm32f4xx_ll_tim.c.obj
 .debug_macro   0x0001b2b1       0xfb CMakeFiles/3_TIM.dir/Drivers/STM32F4xx_HAL_Driver/Src/stm32f4xx_ll_rcc.c.obj
 .debug_macro   0x0001b3ac      0x77b CMakeFiles/3_TIM.dir/Drivers/STM32F4xx_HAL_Driver/Src/stm32f4xx_ll_rcc.c.obj
 .debug_macro   0x0001bb27      0x1ae CMakeFiles/3_TIM.dir/Drivers/STM32F4xx_HAL_Driver/Src/stm32f4xx_ll_utils.c.obj
 .debug_macro   0x0001bcd5       0x5b CMakeFiles/3_TIM.dir/Drivers/STM32F4xx_HAL_Driver/Src/stm32f4xx_ll_utils.c.obj
 .debug_macro   0x0001bd30       0xf5 CMakeFiles/3_TIM.dir/Drivers/STM32F4xx_HAL_Driver/Src/stm32f4xx_ll_exti.c.obj
 .debug_macro   0x0001be25       0xe2 CMakeFiles/3_TIM.dir/Drivers/STM32F4xx_HAL_Driver/Src/stm32f4xx_ll_exti.c.obj
 .debug_macro   0x0001bf07      0x13d CMakeFiles/3_TIM.dir/Drivers/STM32F4xx_HAL_Driver/Src/stm32f4xx_ll_usart.c.obj
 .debug_macro   0x0001c044      0x1b5 CMakeFiles/3_TIM.dir/Drivers/STM32F4xx_HAL_Driver/Src/stm32f4xx_ll_usart.c.obj
 .debug_macro   0x0001c1f9       0xce CMakeFiles/3_TIM.dir/Core/Src/system_stm32f4xx.c.obj
 .debug_macro   0x0001c2c7       0xec CMakeFiles/3_TIM.dir/Core/Src/sysmem.c.obj
 .debug_macro   0x0001c3b3       0x10 CMakeFiles/3_TIM.dir/Core/Src/sysmem.c.obj
 .debug_macro   0x0001c3c3       0x6e CMakeFiles/3_TIM.dir/Core/Src/sysmem.c.obj
 .debug_macro   0x0001c431       0x94 CMakeFiles/3_TIM.dir/Core/Src/sysmem.c.obj
 .debug_macro   0x0001c4c5      0x189 CMakeFiles/3_TIM.dir/Core/Src/sysmem.c.obj
 .debug_macro   0x0001c64e       0x57 CMakeFiles/3_TIM.dir/Core/Src/sysmem.c.obj
 .debug_macro   0x0001c6a5      0x23c CMakeFiles/3_TIM.dir/Core/Src/sysmem.c.obj
 .debug_macro   0x0001c8e1      0x265 CMakeFiles/3_TIM.dir/Core/Src/syscalls.c.obj
 .debug_macro   0x0001cb46       0x10 CMakeFiles/3_TIM.dir/Core/Src/syscalls.c.obj
 .debug_macro   0x0001cb56       0x35 CMakeFiles/3_TIM.dir/Core/Src/syscalls.c.obj
 .debug_macro   0x0001cb8b       0x10 CMakeFiles/3_TIM.dir/Core/Src/syscalls.c.obj
 .debug_macro   0x0001cb9b       0x10 CMakeFiles/3_TIM.dir/Core/Src/syscalls.c.obj
 .debug_macro   0x0001cbab       0x10 CMakeFiles/3_TIM.dir/Core/Src/syscalls.c.obj
 .debug_macro   0x0001cbbb       0x1c CMakeFiles/3_TIM.dir/Core/Src/syscalls.c.obj
 .debug_macro   0x0001cbd7       0x52 CMakeFiles/3_TIM.dir/Core/Src/syscalls.c.obj
 .debug_macro   0x0001cc29       0x22 CMakeFiles/3_TIM.dir/Core/Src/syscalls.c.obj
 .debug_macro   0x0001cc4b       0x10 CMakeFiles/3_TIM.dir/Core/Src/syscalls.c.obj
 .debug_macro   0x0001cc5b       0x52 CMakeFiles/3_TIM.dir/Core/Src/syscalls.c.obj
 .debug_macro   0x0001ccad       0xcf CMakeFiles/3_TIM.dir/Core/Src/syscalls.c.obj
 .debug_macro   0x0001cd7c       0x1c CMakeFiles/3_TIM.dir/Core/Src/syscalls.c.obj
 .debug_macro   0x0001cd98       0x3d CMakeFiles/3_TIM.dir/Core/Src/syscalls.c.obj
 .debug_macro   0x0001cdd5       0x35 CMakeFiles/3_TIM.dir/Core/Src/syscalls.c.obj
 .debug_macro   0x0001ce0a      0x12c CMakeFiles/3_TIM.dir/Core/Src/syscalls.c.obj
 .debug_macro   0x0001cf36       0x16 CMakeFiles/3_TIM.dir/Core/Src/syscalls.c.obj
 .debug_macro   0x0001cf4c       0x16 CMakeFiles/3_TIM.dir/Core/Src/syscalls.c.obj
 .debug_macro   0x0001cf62       0x29 CMakeFiles/3_TIM.dir/Core/Src/syscalls.c.obj
 .debug_macro   0x0001cf8b      0x242 CMakeFiles/3_TIM.dir/Core/Src/syscalls.c.obj
 .debug_macro   0x0001d1cd       0x1c CMakeFiles/3_TIM.dir/Core/Src/syscalls.c.obj
 .debug_macro   0x0001d1e9       0x10 CMakeFiles/3_TIM.dir/Core/Src/syscalls.c.obj
 .debug_macro   0x0001d1f9      0x18a CMakeFiles/3_TIM.dir/Core/Src/syscalls.c.obj
 .debug_macro   0x0001d383       0x16 CMakeFiles/3_TIM.dir/Core/Src/syscalls.c.obj
 .debug_macro   0x0001d399       0xce CMakeFiles/3_TIM.dir/Core/Src/syscalls.c.obj

.debug_line     0x00000000     0x7b98
 .debug_line    0x00000000      0xeee CMakeFiles/3_TIM.dir/Core/Src/main.c.obj
 .debug_line    0x00000eee      0x7de CMakeFiles/3_TIM.dir/Core/Src/stm32f4xx_it.c.obj
 .debug_line    0x000016cc      0x7bb CMakeFiles/3_TIM.dir/Drivers/STM32F4xx_HAL_Driver/Src/stm32f4xx_ll_gpio.c.obj
 .debug_line    0x00001e87      0xadd CMakeFiles/3_TIM.dir/Drivers/STM32F4xx_HAL_Driver/Src/stm32f4xx_ll_tim.c.obj
 .debug_line    0x00002964      0x906 CMakeFiles/3_TIM.dir/Drivers/STM32F4xx_HAL_Driver/Src/stm32f4xx_ll_rcc.c.obj
 .debug_line    0x0000326a      0x981 CMakeFiles/3_TIM.dir/Drivers/STM32F4xx_HAL_Driver/Src/stm32f4xx_ll_utils.c.obj
 .debug_line    0x00003beb      0x5e9 CMakeFiles/3_TIM.dir/Drivers/STM32F4xx_HAL_Driver/Src/stm32f4xx_ll_exti.c.obj
 .debug_line    0x000041d4      0x6dd CMakeFiles/3_TIM.dir/Drivers/STM32F4xx_HAL_Driver/Src/stm32f4xx_ll_usart.c.obj
 .debug_line    0x000048b1      0x48f CMakeFiles/3_TIM.dir/Core/Src/system_stm32f4xx.c.obj
 .debug_line    0x00004d40      0x347 CMakeFiles/3_TIM.dir/Core/Src/sysmem.c.obj
 .debug_line    0x00005087      0x676 CMakeFiles/3_TIM.dir/Core/Src/syscalls.c.obj
 .debug_line    0x000056fd       0x7a CMakeFiles/3_TIM.dir/startup_stm32f407xx.s.obj
 .debug_line    0x00005777      0x259 C:/ST/STM32CubeCLT_1.16.0/GNU-tools-for-STM32/bin/../lib/gcc/arm-none-eabi/12.3.1/../../../../arm-none-eabi/lib/thumb/v7e-m+fp/hard\libg_nano.a(libc_a-printf.o)
 .debug_line    0x000059d0      0x339 C:/ST/STM32CubeCLT_1.16.0/GNU-tools-for-STM32/bin/../lib/gcc/arm-none-eabi/12.3.1/../../../../arm-none-eabi/lib/thumb/v7e-m+fp/hard\libg_nano.a(libc_a-puts.o)
 .debug_line    0x00005d09      0x2d4 C:/ST/STM32CubeCLT_1.16.0/GNU-tools-for-STM32/bin/../lib/gcc/arm-none-eabi/12.3.1/../../../../arm-none-eabi/lib/thumb/v7e-m+fp/hard\libg_nano.a(libc_a-wbuf.o)
 .debug_line    0x00005fdd      0x304 C:/ST/STM32CubeCLT_1.16.0/GNU-tools-for-STM32/bin/../lib/gcc/arm-none-eabi/12.3.1/../../../../arm-none-eabi/lib/thumb/v7e-m+fp/hard\libg_nano.a(libc_a-wsetup.o)
 .debug_line    0x000062e1      0x185 C:/ST/STM32CubeCLT_1.16.0/GNU-tools-for-STM32/bin/../lib/gcc/arm-none-eabi/12.3.1/../../../../arm-none-eabi/lib/thumb/v7e-m+fp/hard\libg_nano.a(libc_a-errno.o)
 .debug_line    0x00006466      0x6e5 C:/ST/STM32CubeCLT_1.16.0/GNU-tools-for-STM32/bin/../lib/gcc/arm-none-eabi/12.3.1/../../../../arm-none-eabi/lib/thumb/v7e-m+fp/hard\libg_nano.a(libc_a-nano-vfprintf.o)
 .debug_line    0x00006b4b      0x74c C:/ST/STM32CubeCLT_1.16.0/GNU-tools-for-STM32/bin/../lib/gcc/arm-none-eabi/12.3.1/../../../../arm-none-eabi/lib/thumb/v7e-m+fp/hard\libg_nano.a(libc_a-nano-vfprintf_i.o)
 .debug_line    0x00007297      0x3b2 C:/ST/STM32CubeCLT_1.16.0/GNU-tools-for-STM32/bin/../lib/gcc/arm-none-eabi/12.3.1/../../../../arm-none-eabi/lib/thumb/v7e-m+fp/hard\libg_nano.a(libc_a-makebuf.o)
 .debug_line    0x00007649      0x2af C:/ST/STM32CubeCLT_1.16.0/GNU-tools-for-STM32/bin/../lib/gcc/arm-none-eabi/12.3.1/../../../../arm-none-eabi/lib/thumb/v7e-m+fp/hard\libg_nano.a(libc_a-fstatr.o)
 .debug_line    0x000078f8      0x21c C:/ST/STM32CubeCLT_1.16.0/GNU-tools-for-STM32/bin/../lib/gcc/arm-none-eabi/12.3.1/../../../../arm-none-eabi/lib/thumb/v7e-m+fp/hard\libg_nano.a(libc_a-isattyr.o)
 .debug_line    0x00007b14       0x84 C:/ST/STM32CubeCLT_1.16.0/GNU-tools-for-STM32/bin/../lib/gcc/arm-none-eabi/12.3.1/../../../../arm-none-eabi/lib/thumb/v7e-m+fp/hard\libg_nano.a(libc_a-memchr.o)

.debug_str      0x00000000    0xa07f8
 .debug_str     0x00000000    0x997ad CMakeFiles/3_TIM.dir/Core/Src/main.c.obj
                              0x99af2 (size before relaxing)
 .debug_str     0x000997ad      0x1f8 CMakeFiles/3_TIM.dir/Core/Src/stm32f4xx_it.c.obj
                              0x957f7 (size before relaxing)
 .debug_str     0x000999a5      0x679 CMakeFiles/3_TIM.dir/Drivers/STM32F4xx_HAL_Driver/Src/stm32f4xx_ll_gpio.c.obj
                              0x8a096 (size before relaxing)
 .debug_str     0x0009a01e     0x1343 CMakeFiles/3_TIM.dir/Drivers/STM32F4xx_HAL_Driver/Src/stm32f4xx_ll_tim.c.obj
                              0x8d7a0 (size before relaxing)
 .debug_str     0x0009b361      0x580 CMakeFiles/3_TIM.dir/Drivers/STM32F4xx_HAL_Driver/Src/stm32f4xx_ll_rcc.c.obj
                              0x8cb82 (size before relaxing)
 .debug_str     0x0009b8e1     0x165e CMakeFiles/3_TIM.dir/Drivers/STM32F4xx_HAL_Driver/Src/stm32f4xx_ll_utils.c.obj
                              0x8f318 (size before relaxing)
 .debug_str     0x0009cf3f      0x317 CMakeFiles/3_TIM.dir/Drivers/STM32F4xx_HAL_Driver/Src/stm32f4xx_ll_exti.c.obj
                              0x88d16 (size before relaxing)
 .debug_str     0x0009d256      0x805 CMakeFiles/3_TIM.dir/Drivers/STM32F4xx_HAL_Driver/Src/stm32f4xx_ll_usart.c.obj
                              0x8e9c4 (size before relaxing)
 .debug_str     0x0009da5b       0x7b CMakeFiles/3_TIM.dir/Core/Src/system_stm32f4xx.c.obj
                              0x88670 (size before relaxing)
 .debug_str     0x0009dad6      0x506 CMakeFiles/3_TIM.dir/Core/Src/sysmem.c.obj
                               0x5bf2 (size before relaxing)
 .debug_str     0x0009dfdc     0x1c64 CMakeFiles/3_TIM.dir/Core/Src/syscalls.c.obj
                               0x947f (size before relaxing)
 .debug_str     0x0009fc40       0x5f CMakeFiles/3_TIM.dir/startup_stm32f407xx.s.obj
                                 0x98 (size before relaxing)
 .debug_str     0x0009fc9f      0x439 C:/ST/STM32CubeCLT_1.16.0/GNU-tools-for-STM32/bin/../lib/gcc/arm-none-eabi/12.3.1/../../../../arm-none-eabi/lib/thumb/v7e-m+fp/hard\libg_nano.a(libc_a-printf.o)
                                0x56c (size before relaxing)
 .debug_str     0x000a00d8       0xe0 C:/ST/STM32CubeCLT_1.16.0/GNU-tools-for-STM32/bin/../lib/gcc/arm-none-eabi/12.3.1/../../../../arm-none-eabi/lib/thumb/v7e-m+fp/hard\libg_nano.a(libc_a-puts.o)
                                0x5bc (size before relaxing)
 .debug_str     0x000a01b8       0x69 C:/ST/STM32CubeCLT_1.16.0/GNU-tools-for-STM32/bin/../lib/gcc/arm-none-eabi/12.3.1/../../../../arm-none-eabi/lib/thumb/v7e-m+fp/hard\libg_nano.a(libc_a-wbuf.o)
                                0x567 (size before relaxing)
 .debug_str     0x000a0221       0x6e C:/ST/STM32CubeCLT_1.16.0/GNU-tools-for-STM32/bin/../lib/gcc/arm-none-eabi/12.3.1/../../../../arm-none-eabi/lib/thumb/v7e-m+fp/hard\libg_nano.a(libc_a-wsetup.o)
                                0x562 (size before relaxing)
 .debug_str     0x000a028f       0x58 C:/ST/STM32CubeCLT_1.16.0/GNU-tools-for-STM32/bin/../lib/gcc/arm-none-eabi/12.3.1/../../../../arm-none-eabi/lib/thumb/v7e-m+fp/hard\libg_nano.a(libc_a-errno.o)
                                0x52b (size before relaxing)
 .debug_str     0x000a02e7      0x2a3 C:/ST/STM32CubeCLT_1.16.0/GNU-tools-for-STM32/bin/../lib/gcc/arm-none-eabi/12.3.1/../../../../arm-none-eabi/lib/thumb/v7e-m+fp/hard\libg_nano.a(libc_a-nano-vfprintf.o)
                                0x8e2 (size before relaxing)
 .debug_str     0x000a058a       0xba C:/ST/STM32CubeCLT_1.16.0/GNU-tools-for-STM32/bin/../lib/gcc/arm-none-eabi/12.3.1/../../../../arm-none-eabi/lib/thumb/v7e-m+fp/hard\libg_nano.a(libc_a-nano-vfprintf_i.o)
                                0x810 (size before relaxing)
 .debug_str     0x000a0644       0x9c C:/ST/STM32CubeCLT_1.16.0/GNU-tools-for-STM32/bin/../lib/gcc/arm-none-eabi/12.3.1/../../../../arm-none-eabi/lib/thumb/v7e-m+fp/hard\libg_nano.a(libc_a-makebuf.o)